Jul 15 00:09:59 device anacron[728]: Job `cron.daily' terminated
Jul 15 00:09:59 device anacron[728]: Normal exit (1 job run)
Jul 15 00:14:44 device kernel: [125212.729528] CPU6: Package temperature above threshold, cpu clock throttled (total events = 4183)
Jul 15 00:14:44 device kernel: [125212.729529] CPU8: Package temperature above threshold, cpu clock throttled (total events = 4183)
Jul 15 00:14:44 device kernel: [125212.729554] CPU3: Package temperature above threshold, cpu clock throttled (total events = 4183)
Jul 15 00:14:44 device kernel: [125212.729555] CPU9: Package temperature above threshold, cpu clock throttled (total events = 4183)
Jul 15 00:14:44 device kernel: [125212.729556] CPU0: Package temperature above threshold, cpu clock throttled (total events = 4183)
Jul 15 00:14:44 device kernel: [125212.729557] CPU2: Package temperature above threshold, cpu clock throttled (total events = 4183)
Jul 15 00:14:44 device kernel: [125212.729561] CPU7: Package temperature above threshold, cpu clock throttled (total events = 4183)
Jul 15 00:14:44 device kernel: [125212.729562] CPU1: Package temperature above threshold, cpu clock throttled (total events = 4183)
Jul 15 00:14:44 device kernel: [125212.729564] CPU4: Package temperature above threshold, cpu clock throttled (total events = 4183)
Jul 15 00:14:44 device kernel: [125212.729565] CPU5: Package temperature above threshold, cpu clock throttled (total events = 4183)
Jul 15 00:14:44 device kernel: [125212.729566] CPU11: Package temperature above threshold, cpu clock throttled (total events = 4183)
Jul 15 00:14:44 device kernel: [125212.729567] CPU10: Package temperature above threshold, cpu clock throttled (total events = 4183)
Jul 15 00:14:44 device kernel: [125212.730511] CPU9: Package temperature/speed normal
Jul 15 00:14:44 device kernel: [125212.730512] CPU3: Package temperature/speed normal
Jul 15 00:14:44 device kernel: [125212.730512] CPU6: Package temperature/speed normal
Jul 15 00:14:44 device kernel: [125212.730513] CPU8: Package temperature/speed normal
Jul 15 00:14:44 device kernel: [125212.730514] CPU0: Package temperature/speed normal
Jul 15 00:14:44 device kernel: [125212.730514] CPU2: Package temperature/speed normal
Jul 15 00:14:44 device kernel: [125212.730540] CPU1: Package temperature/speed normal
Jul 15 00:14:44 device kernel: [125212.730541] CPU7: Package temperature/speed normal
Jul 15 00:14:44 device kernel: [125212.730543] CPU4: Package temperature/speed normal
Jul 15 00:14:44 device kernel: [125212.730543] CPU10: Package temperature/speed normal
Jul 15 00:14:44 device kernel: [125212.730544] CPU5: Package temperature/speed normal
Jul 15 00:14:44 device kernel: [125212.730545] CPU11: Package temperature/speed normal
Jul 15 00:15:35 device kernel: [125263.864520] CPU3: Core temperature above threshold, cpu clock throttled (total events = 23)
Jul 15 00:15:35 device kernel: [125263.864521] CPU9: Core temperature above threshold, cpu clock throttled (total events = 23)
Jul 15 00:15:35 device kernel: [125263.865516] CPU9: Core temperature/speed normal
Jul 15 00:15:35 device kernel: [125263.865517] CPU3: Core temperature/speed normal
Jul 15 00:17:01 device CRON[947]: (root) CMD (   cd / && run-parts --report /etc/cron.hourly)
Jul 15 00:20:26 device kernel: [125555.439509] CPU6: Package temperature above threshold, cpu clock throttled (total events = 4253)
Jul 15 00:20:26 device kernel: [125555.439510] CPU1: Package temperature above threshold, cpu clock throttled (total events = 4253)
Jul 15 00:20:26 device kernel: [125555.439536] CPU2: Package temperature above threshold, cpu clock throttled (total events = 4253)
Jul 15 00:20:26 device kernel: [125555.439537] CPU8: Package temperature above threshold, cpu clock throttled (total events = 4253)
Jul 15 00:20:26 device kernel: [125555.439538] CPU0: Package temperature above threshold, cpu clock throttled (total events = 4253)
Jul 15 00:20:26 device kernel: [125555.439539] CPU7: Package temperature above threshold, cpu clock throttled (total events = 4253)
Jul 15 00:20:26 device kernel: [125555.439542] CPU3: Package temperature above threshold, cpu clock throttled (total events = 4253)
Jul 15 00:20:26 device kernel: [125555.439543] CPU9: Package temperature above threshold, cpu clock throttled (total events = 4253)
Jul 15 00:20:26 device kernel: [125555.439544] CPU10: Package temperature above threshold, cpu clock throttled (total events = 4253)
Jul 15 00:20:26 device kernel: [125555.439545] CPU4: Package temperature above threshold, cpu clock throttled (total events = 4253)
Jul 15 00:20:26 device kernel: [125555.439547] CPU5: Package temperature above threshold, cpu clock throttled (total events = 4253)
Jul 15 00:20:26 device kernel: [125555.439548] CPU11: Package temperature above threshold, cpu clock throttled (total events = 4253)
Jul 15 00:20:26 device kernel: [125555.440490] CPU1: Package temperature/speed normal
Jul 15 00:20:26 device kernel: [125555.440491] CPU6: Package temperature/speed normal
Jul 15 00:20:26 device kernel: [125555.440491] CPU8: Package temperature/speed normal
Jul 15 00:20:26 device kernel: [125555.440492] CPU7: Package temperature/speed normal
Jul 15 00:20:26 device kernel: [125555.440492] CPU0: Package temperature/speed normal
Jul 15 00:20:26 device kernel: [125555.440493] CPU2: Package temperature/speed normal
Jul 15 00:20:26 device kernel: [125555.440524] CPU9: Package temperature/speed normal
Jul 15 00:20:26 device kernel: [125555.440525] CPU4: Package temperature/speed normal
Jul 15 00:20:26 device kernel: [125555.440526] CPU3: Package temperature/speed normal
Jul 15 00:20:26 device kernel: [125555.440526] CPU10: Package temperature/speed normal
Jul 15 00:20:26 device kernel: [125555.440528] CPU11: Package temperature/speed normal
Jul 15 00:20:26 device kernel: [125555.440528] CPU5: Package temperature/speed normal
Jul 15 00:23:02 device kernel: [125711.278543] CPU7: Core temperature above threshold, cpu clock throttled (total events = 1130)
Jul 15 00:23:02 device kernel: [125711.278544] CPU1: Core temperature above threshold, cpu clock throttled (total events = 1130)
Jul 15 00:23:02 device kernel: [125711.289532] CPU7: Core temperature/speed normal
Jul 15 00:23:02 device kernel: [125711.289532] CPU1: Core temperature/speed normal
Jul 15 00:25:26 device kernel: [125855.449546] CPU3: Package temperature/speed normal
Jul 15 00:25:26 device kernel: [125855.449547] CPU7: Package temperature/speed normal
Jul 15 00:25:26 device kernel: [125855.449573] CPU4: Package temperature/speed normal
Jul 15 00:25:26 device kernel: [125855.449574] CPU1: Package temperature/speed normal
Jul 15 00:25:26 device kernel: [125855.449575] CPU9: Package temperature/speed normal
Jul 15 00:25:26 device kernel: [125855.449576] CPU10: Package temperature/speed normal
Jul 15 00:25:26 device kernel: [125855.449578] CPU6: Package temperature/speed normal
Jul 15 00:25:26 device kernel: [125855.449579] CPU0: Package temperature/speed normal
Jul 15 00:25:26 device kernel: [125855.449580] CPU5: Package temperature/speed normal
Jul 15 00:25:26 device kernel: [125855.449581] CPU8: Package temperature/speed normal
Jul 15 00:25:26 device kernel: [125855.449581] CPU2: Package temperature/speed normal
Jul 15 00:25:26 device kernel: [125855.449582] CPU11: Package temperature/speed normal
Jul 15 00:29:26 device kernel: [126094.855521] CPU0: Core temperature above threshold, cpu clock throttled (total events = 3388)
Jul 15 00:29:26 device kernel: [126094.855522] CPU6: Core temperature above threshold, cpu clock throttled (total events = 3388)
Jul 15 00:29:26 device kernel: [126094.856489] CPU0: Core temperature/speed normal
Jul 15 00:29:26 device kernel: [126094.856489] CPU6: Core temperature/speed normal
Jul 15 00:30:01 device CRON[1021]: (root) CMD (/home/user/Documents/scripts/networking/ports > /home/user/Documents/scripts/logging/ports.log)
Jul 15 00:30:31 device kernel: [126159.624512] CPU6: Package temperature above threshold, cpu clock throttled (total events = 5103)
Jul 15 00:30:31 device kernel: [126159.624513] CPU0: Package temperature above threshold, cpu clock throttled (total events = 5103)
Jul 15 00:30:31 device kernel: [126159.624514] CPU10: Package temperature above threshold, cpu clock throttled (total events = 5103)
Jul 15 00:30:31 device kernel: [126159.624515] CPU4: Package temperature above threshold, cpu clock throttled (total events = 5103)
Jul 15 00:30:31 device kernel: [126159.624527] CPU7: Package temperature above threshold, cpu clock throttled (total events = 5103)
Jul 15 00:30:31 device kernel: [126159.624527] CPU1: Package temperature above threshold, cpu clock throttled (total events = 5103)
Jul 15 00:30:31 device kernel: [126159.624560] CPU3: Package temperature above threshold, cpu clock throttled (total events = 5103)
Jul 15 00:30:31 device kernel: [126159.624561] CPU9: Package temperature above threshold, cpu clock throttled (total events = 5103)
Jul 15 00:30:31 device kernel: [126159.624562] CPU8: Package temperature above threshold, cpu clock throttled (total events = 5103)
Jul 15 00:30:31 device kernel: [126159.624563] CPU2: Package temperature above threshold, cpu clock throttled (total events = 5103)
Jul 15 00:30:31 device kernel: [126159.624565] CPU5: Package temperature above threshold, cpu clock throttled (total events = 5103)
Jul 15 00:30:31 device kernel: [126159.624566] CPU11: Package temperature above threshold, cpu clock throttled (total events = 5103)
Jul 15 00:30:31 device kernel: [126159.625547] CPU6: Package temperature/speed normal
Jul 15 00:30:31 device kernel: [126159.625548] CPU2: Package temperature/speed normal
Jul 15 00:30:31 device kernel: [126159.625549] CPU0: Package temperature/speed normal
Jul 15 00:30:31 device kernel: [126159.625549] CPU8: Package temperature/speed normal
Jul 15 00:30:31 device kernel: [126159.625550] CPU10: Package temperature/speed normal
Jul 15 00:30:31 device kernel: [126159.625550] CPU4: Package temperature/speed normal
Jul 15 00:30:31 device kernel: [126159.625552] CPU5: Package temperature/speed normal
Jul 15 00:30:31 device kernel: [126159.625552] CPU3: Package temperature/speed normal
Jul 15 00:30:31 device kernel: [126159.625553] CPU11: Package temperature/speed normal
Jul 15 00:30:31 device kernel: [126159.625574] CPU9: Package temperature/speed normal
Jul 15 00:30:31 device kernel: [126159.625580] CPU1: Package temperature/speed normal
Jul 15 00:30:31 device kernel: [126159.625580] CPU7: Package temperature/speed normal
Jul 15 00:35:08 device kernel: [126437.217501] CPU1: Core temperature above threshold, cpu clock throttled (total events = 1190)
Jul 15 00:35:08 device kernel: [126437.217501] CPU7: Core temperature above threshold, cpu clock throttled (total events = 1190)
Jul 15 00:35:08 device kernel: [126437.231528] CPU7: Core temperature/speed normal
Jul 15 00:35:08 device kernel: [126437.231529] CPU1: Core temperature/speed normal
Jul 15 00:35:31 device kernel: [126460.163493] CPU7: Package temperature above threshold, cpu clock throttled (total events = 5549)
Jul 15 00:35:31 device kernel: [126460.163494] CPU3: Package temperature above threshold, cpu clock throttled (total events = 5549)
Jul 15 00:35:31 device kernel: [126460.163519] CPU6: Package temperature above threshold, cpu clock throttled (total events = 5549)
Jul 15 00:35:31 device kernel: [126460.163520] CPU1: Package temperature above threshold, cpu clock throttled (total events = 5549)
Jul 15 00:35:31 device kernel: [126460.163521] CPU0: Package temperature above threshold, cpu clock throttled (total events = 5549)
Jul 15 00:35:31 device kernel: [126460.163522] CPU9: Package temperature above threshold, cpu clock throttled (total events = 5549)
Jul 15 00:35:31 device kernel: [126460.163526] CPU2: Package temperature above threshold, cpu clock throttled (total events = 5549)
Jul 15 00:35:31 device kernel: [126460.163526] CPU8: Package temperature above threshold, cpu clock throttled (total events = 5549)
Jul 15 00:35:31 device kernel: [126460.163528] CPU10: Package temperature above threshold, cpu clock throttled (total events = 5549)
Jul 15 00:35:31 device kernel: [126460.163529] CPU4: Package temperature above threshold, cpu clock throttled (total events = 5549)
Jul 15 00:35:31 device kernel: [126460.163530] CPU11: Package temperature above threshold, cpu clock throttled (total events = 5549)
Jul 15 00:35:31 device kernel: [126460.163531] CPU5: Package temperature above threshold, cpu clock throttled (total events = 5549)
Jul 15 00:35:31 device kernel: [126460.164492] CPU7: Package temperature/speed normal
Jul 15 00:35:31 device kernel: [126460.164493] CPU1: Package temperature/speed normal
Jul 15 00:35:31 device kernel: [126460.164526] CPU0: Package temperature/speed normal
Jul 15 00:35:31 device kernel: [126460.164526] CPU6: Package temperature/speed normal
Jul 15 00:35:31 device kernel: [126460.164529] CPU2: Package temperature/speed normal
Jul 15 00:35:31 device kernel: [126460.164529] CPU8: Package temperature/speed normal
Jul 15 00:35:31 device kernel: [126460.164530] CPU11: Package temperature/speed normal
Jul 15 00:35:31 device kernel: [126460.164531] CPU9: Package temperature/speed normal
Jul 15 00:35:31 device kernel: [126460.164532] CPU5: Package temperature/speed normal
Jul 15 00:35:31 device kernel: [126460.164533] CPU3: Package temperature/speed normal
Jul 15 00:35:31 device kernel: [126460.164534] CPU4: Package temperature/speed normal
Jul 15 00:35:31 device kernel: [126460.164535] CPU10: Package temperature/speed normal
Jul 15 00:43:44 device kernel: [126952.968530] CPU1: Core temperature above threshold, cpu clock throttled (total events = 1246)
Jul 15 00:43:44 device kernel: [126952.968531] CPU7: Core temperature above threshold, cpu clock throttled (total events = 1246)
Jul 15 00:43:44 device kernel: [126952.968532] CPU10: Package temperature above threshold, cpu clock throttled (total events = 5656)
Jul 15 00:43:44 device kernel: [126952.968558] CPU4: Package temperature above threshold, cpu clock throttled (total events = 5656)
Jul 15 00:43:44 device kernel: [126952.968560] CPU7: Package temperature above threshold, cpu clock throttled (total events = 5656)
Jul 15 00:43:44 device kernel: [126952.968563] CPU0: Package temperature above threshold, cpu clock throttled (total events = 5656)
Jul 15 00:43:44 device kernel: [126952.968563] CPU6: Package temperature above threshold, cpu clock throttled (total events = 5656)
Jul 15 00:43:44 device kernel: [126952.968586] CPU3: Package temperature above threshold, cpu clock throttled (total events = 5656)
Jul 15 00:43:44 device kernel: [126952.968587] CPU9: Package temperature above threshold, cpu clock throttled (total events = 5656)
Jul 15 00:43:44 device kernel: [126952.968589] CPU11: Package temperature above threshold, cpu clock throttled (total events = 5656)
Jul 15 00:43:44 device kernel: [126952.968590] CPU5: Package temperature above threshold, cpu clock throttled (total events = 5656)
Jul 15 00:43:44 device kernel: [126952.968592] CPU2: Package temperature above threshold, cpu clock throttled (total events = 5656)
Jul 15 00:43:44 device kernel: [126952.968593] CPU8: Package temperature above threshold, cpu clock throttled (total events = 5656)
Jul 15 00:43:44 device kernel: [126952.968599] CPU1: Package temperature above threshold, cpu clock throttled (total events = 5656)
Jul 15 00:43:44 device kernel: [126952.972533] CPU1: Core temperature/speed normal
Jul 15 00:43:44 device kernel: [126952.972534] CPU7: Core temperature/speed normal
Jul 15 00:43:44 device kernel: [126952.972535] CPU10: Package temperature/speed normal
Jul 15 00:43:44 device kernel: [126952.972536] CPU6: Package temperature/speed normal
Jul 15 00:43:44 device kernel: [126952.972537] CPU11: Package temperature/speed normal
Jul 15 00:43:44 device kernel: [126952.972559] CPU0: Package temperature/speed normal
Jul 15 00:43:44 device kernel: [126952.972560] CPU5: Package temperature/speed normal
Jul 15 00:43:44 device kernel: [126952.972561] CPU4: Package temperature/speed normal
Jul 15 00:43:44 device kernel: [126952.972561] CPU7: Package temperature/speed normal
Jul 15 00:43:44 device kernel: [126952.972563] CPU1: Package temperature/speed normal
Jul 15 00:43:44 device kernel: [126952.972564] CPU2: Package temperature/speed normal
Jul 15 00:43:44 device kernel: [126952.972565] CPU8: Package temperature/speed normal
Jul 15 00:43:44 device kernel: [126952.972566] CPU3: Package temperature/speed normal
Jul 15 00:43:44 device kernel: [126952.972567] CPU9: Package temperature/speed normal
Jul 15 00:54:20 device kernel: [127588.842505] CPU6: Core temperature above threshold, cpu clock throttled (total events = 4243)
Jul 15 00:54:20 device kernel: [127588.842505] CPU0: Core temperature above threshold, cpu clock throttled (total events = 4243)
Jul 15 00:54:20 device kernel: [127588.842507] CPU0: Package temperature above threshold, cpu clock throttled (total events = 5661)
Jul 15 00:54:20 device kernel: [127588.842509] CPU6: Package temperature above threshold, cpu clock throttled (total events = 5661)
Jul 15 00:54:20 device kernel: [127588.842527] CPU1: Package temperature above threshold, cpu clock throttled (total events = 5661)
Jul 15 00:54:20 device kernel: [127588.842527] CPU7: Package temperature above threshold, cpu clock throttled (total events = 5661)
Jul 15 00:54:20 device kernel: [127588.842557] CPU8: Package temperature above threshold, cpu clock throttled (total events = 5661)
Jul 15 00:54:20 device kernel: [127588.842558] CPU2: Package temperature above threshold, cpu clock throttled (total events = 5661)
Jul 15 00:54:20 device kernel: [127588.842560] CPU9: Package temperature above threshold, cpu clock throttled (total events = 5661)
Jul 15 00:54:20 device kernel: [127588.842582] CPU3: Package temperature above threshold, cpu clock throttled (total events = 5661)
Jul 15 00:54:20 device kernel: [127588.842584] CPU4: Package temperature above threshold, cpu clock throttled (total events = 5661)
Jul 15 00:54:20 device kernel: [127588.842585] CPU10: Package temperature above threshold, cpu clock throttled (total events = 5661)
Jul 15 00:54:20 device kernel: [127588.842589] CPU5: Package temperature above threshold, cpu clock throttled (total events = 5661)
Jul 15 00:54:20 device kernel: [127588.842589] CPU11: Package temperature above threshold, cpu clock throttled (total events = 5661)
Jul 15 00:54:20 device kernel: [127588.843500] CPU6: Core temperature/speed normal
Jul 15 00:54:20 device kernel: [127588.843501] CPU11: Package temperature/speed normal
Jul 15 00:54:20 device kernel: [127588.843501] CPU8: Package temperature/speed normal
Jul 15 00:54:20 device kernel: [127588.843502] CPU2: Package temperature/speed normal
Jul 15 00:54:20 device kernel: [127588.843502] CPU0: Core temperature/speed normal
Jul 15 00:54:20 device kernel: [127588.843503] CPU5: Package temperature/speed normal
Jul 15 00:54:20 device kernel: [127588.843504] CPU0: Package temperature/speed normal
Jul 15 00:54:20 device kernel: [127588.843504] CPU6: Package temperature/speed normal
Jul 15 00:54:20 device kernel: [127588.843544] CPU1: Package temperature/speed normal
Jul 15 00:54:20 device kernel: [127588.843545] CPU7: Package temperature/speed normal
Jul 15 00:54:20 device kernel: [127588.843546] CPU10: Package temperature/speed normal
Jul 15 00:54:20 device kernel: [127588.843546] CPU3: Package temperature/speed normal
Jul 15 00:54:20 device kernel: [127588.843547] CPU4: Package temperature/speed normal
Jul 15 00:54:20 device kernel: [127588.843548] CPU9: Package temperature/speed normal
Jul 15 01:00:01 device CRON[1189]: (root) CMD (timeshift --check --scripted)
Jul 15 01:00:01 device CRON[1190]: (root) CMD (/home/user/Documents/scripts/networking/ports > /home/user/Documents/scripts/logging/ports.log)
Jul 15 01:00:01 device crontab[1249]: (root) LIST (root)
Jul 15 01:00:01 device crontab[1250]: (root) LIST (root)
Jul 15 01:00:07 device kernel: [127936.264534] CPU6: Package temperature above threshold, cpu clock throttled (total events = 5674)
Jul 15 01:00:07 device kernel: [127936.264535] CPU0: Package temperature above threshold, cpu clock throttled (total events = 5674)
Jul 15 01:00:07 device kernel: [127936.264561] CPU10: Package temperature above threshold, cpu clock throttled (total events = 5674)
Jul 15 01:00:07 device kernel: [127936.264562] CPU3: Package temperature above threshold, cpu clock throttled (total events = 5674)
Jul 15 01:00:07 device kernel: [127936.264563] CPU9: Package temperature above threshold, cpu clock throttled (total events = 5674)
Jul 15 01:00:07 device kernel: [127936.264565] CPU4: Package temperature above threshold, cpu clock throttled (total events = 5674)
Jul 15 01:00:07 device kernel: [127936.264567] CPU7: Package temperature above threshold, cpu clock throttled (total events = 5674)
Jul 15 01:00:07 device kernel: [127936.264568] CPU1: Package temperature above threshold, cpu clock throttled (total events = 5674)
Jul 15 01:00:07 device kernel: [127936.264569] CPU8: Package temperature above threshold, cpu clock throttled (total events = 5674)
Jul 15 01:00:07 device kernel: [127936.264570] CPU2: Package temperature above threshold, cpu clock throttled (total events = 5674)
Jul 15 01:00:07 device kernel: [127936.264572] CPU5: Package temperature above threshold, cpu clock throttled (total events = 5674)
Jul 15 01:00:07 device kernel: [127936.264573] CPU11: Package temperature above threshold, cpu clock throttled (total events = 5674)
Jul 15 01:00:07 device kernel: [127936.265524] CPU10: Package temperature/speed normal
Jul 15 01:00:07 device kernel: [127936.265525] CPU0: Package temperature/speed normal
Jul 15 01:00:07 device kernel: [127936.265526] CPU1: Package temperature/speed normal
Jul 15 01:00:07 device kernel: [127936.265526] CPU7: Package temperature/speed normal
Jul 15 01:00:07 device kernel: [127936.265527] CPU6: Package temperature/speed normal
Jul 15 01:00:07 device kernel: [127936.265550] CPU9: Package temperature/speed normal
Jul 15 01:00:07 device kernel: [127936.265550] CPU3: Package temperature/speed normal
Jul 15 01:00:07 device kernel: [127936.265551] CPU4: Package temperature/speed normal
Jul 15 01:00:07 device kernel: [127936.265555] CPU8: Package temperature/speed normal
Jul 15 01:00:07 device kernel: [127936.265556] CPU2: Package temperature/speed normal
Jul 15 01:00:07 device kernel: [127936.265557] CPU5: Package temperature/speed normal
Jul 15 01:00:07 device kernel: [127936.265557] CPU11: Package temperature/speed normal
Jul 15 01:01:40 device systemd[1]: Started Run anacron jobs.
Jul 15 01:01:40 device anacron[1278]: Anacron 2.3 started on 2019-07-15
Jul 15 01:01:40 device anacron[1278]: Normal exit (0 jobs run)
Jul 15 01:06:21 device kernel: [128310.249497] CPU1: Package temperature above threshold, cpu clock throttled (total events = 5808)
Jul 15 01:06:21 device kernel: [128310.249498] CPU7: Package temperature above threshold, cpu clock throttled (total events = 5808)
Jul 15 01:06:21 device kernel: [128310.249523] CPU10: Package temperature above threshold, cpu clock throttled (total events = 5808)
Jul 15 01:06:21 device kernel: [128310.249524] CPU4: Package temperature above threshold, cpu clock throttled (total events = 5808)
Jul 15 01:06:21 device kernel: [128310.249526] CPU3: Package temperature above threshold, cpu clock throttled (total events = 5808)
Jul 15 01:06:21 device kernel: [128310.249526] CPU9: Package temperature above threshold, cpu clock throttled (total events = 5808)
Jul 15 01:06:21 device kernel: [128310.249529] CPU2: Package temperature above threshold, cpu clock throttled (total events = 5808)
Jul 15 01:06:21 device kernel: [128310.249530] CPU6: Package temperature above threshold, cpu clock throttled (total events = 5808)
Jul 15 01:06:21 device kernel: [128310.249531] CPU0: Package temperature above threshold, cpu clock throttled (total events = 5808)
Jul 15 01:06:21 device kernel: [128310.249532] CPU8: Package temperature above threshold, cpu clock throttled (total events = 5808)
Jul 15 01:06:21 device kernel: [128310.249534] CPU5: Package temperature above threshold, cpu clock throttled (total events = 5808)
Jul 15 01:06:21 device kernel: [128310.249535] CPU11: Package temperature above threshold, cpu clock throttled (total events = 5808)
Jul 15 01:06:21 device kernel: [128310.252516] CPU7: Package temperature/speed normal
Jul 15 01:06:21 device kernel: [128310.252516] CPU3: Package temperature/speed normal
Jul 15 01:06:21 device kernel: [128310.252517] CPU11: Package temperature/speed normal
Jul 15 01:06:21 device kernel: [128310.252518] CPU5: Package temperature/speed normal
Jul 15 01:06:21 device kernel: [128310.252518] CPU9: Package temperature/speed normal
Jul 15 01:06:21 device kernel: [128310.252543] CPU1: Package temperature/speed normal
Jul 15 01:06:21 device kernel: [128310.252549] CPU6: Package temperature/speed normal
Jul 15 01:06:21 device kernel: [128310.252549] CPU0: Package temperature/speed normal
Jul 15 01:06:21 device kernel: [128310.252550] CPU8: Package temperature/speed normal
Jul 15 01:06:21 device kernel: [128310.252551] CPU2: Package temperature/speed normal
Jul 15 01:06:21 device kernel: [128310.252552] CPU4: Package temperature/speed normal
Jul 15 01:06:21 device kernel: [128310.252553] CPU10: Package temperature/speed normal
Jul 15 01:12:44 device kernel: [128692.810508] CPU6: Core temperature above threshold, cpu clock throttled (total events = 4364)
Jul 15 01:12:44 device kernel: [128692.810508] CPU0: Core temperature above threshold, cpu clock throttled (total events = 4364)
Jul 15 01:12:44 device kernel: [128692.810510] CPU11: Package temperature above threshold, cpu clock throttled (total events = 5814)
Jul 15 01:12:44 device kernel: [128692.810538] CPU5: Package temperature above threshold, cpu clock throttled (total events = 5814)
Jul 15 01:12:44 device kernel: [128692.810541] CPU0: Package temperature above threshold, cpu clock throttled (total events = 5814)
Jul 15 01:12:44 device kernel: [128692.810543] CPU1: Package temperature above threshold, cpu clock throttled (total events = 5814)
Jul 15 01:12:44 device kernel: [128692.810544] CPU2: Package temperature above threshold, cpu clock throttled (total events = 5814)
Jul 15 01:12:44 device kernel: [128692.810546] CPU8: Package temperature above threshold, cpu clock throttled (total events = 5814)
Jul 15 01:12:44 device kernel: [128692.810547] CPU7: Package temperature above threshold, cpu clock throttled (total events = 5814)
Jul 15 01:12:44 device kernel: [128692.810548] CPU3: Package temperature above threshold, cpu clock throttled (total events = 5814)
Jul 15 01:12:44 device kernel: [128692.810549] CPU4: Package temperature above threshold, cpu clock throttled (total events = 5814)
Jul 15 01:12:44 device kernel: [128692.810550] CPU10: Package temperature above threshold, cpu clock throttled (total events = 5814)
Jul 15 01:12:44 device kernel: [128692.810551] CPU9: Package temperature above threshold, cpu clock throttled (total events = 5814)
Jul 15 01:12:44 device kernel: [128692.810559] CPU6: Package temperature above threshold, cpu clock throttled (total events = 5814)
Jul 15 01:12:44 device kernel: [128692.811509] CPU6: Core temperature/speed normal
Jul 15 01:12:44 device kernel: [128692.811510] CPU0: Core temperature/speed normal
Jul 15 01:12:44 device kernel: [128692.811511] CPU11: Package temperature/speed normal
Jul 15 01:12:44 device kernel: [128692.811511] CPU4: Package temperature/speed normal
Jul 15 01:12:44 device kernel: [128692.811512] CPU10: Package temperature/speed normal
Jul 15 01:12:44 device kernel: [128692.811538] CPU5: Package temperature/speed normal
Jul 15 01:12:44 device kernel: [128692.811539] CPU0: Package temperature/speed normal
Jul 15 01:12:44 device kernel: [128692.811540] CPU6: Package temperature/speed normal
Jul 15 01:12:44 device kernel: [128692.811543] CPU1: Package temperature/speed normal
Jul 15 01:12:44 device kernel: [128692.811544] CPU2: Package temperature/speed normal
Jul 15 01:12:44 device kernel: [128692.811545] CPU3: Package temperature/speed normal
Jul 15 01:12:44 device kernel: [128692.811545] CPU9: Package temperature/speed normal
Jul 15 01:12:44 device kernel: [128692.811546] CPU8: Package temperature/speed normal
Jul 15 01:12:44 device kernel: [128692.811547] CPU7: Package temperature/speed normal
Jul 15 01:17:01 device CRON[1361]: (root) CMD (   cd / && run-parts --report /etc/cron.hourly)
Jul 15 01:18:17 device kernel: [129025.516536] CPU1: Core temperature above threshold, cpu clock throttled (total events = 1286)
Jul 15 01:18:17 device kernel: [129025.516536] CPU7: Core temperature above threshold, cpu clock throttled (total events = 1286)
Jul 15 01:18:17 device kernel: [129025.516537] CPU6: Package temperature above threshold, cpu clock throttled (total events = 5833)
Jul 15 01:18:17 device kernel: [129025.516565] CPU0: Package temperature above threshold, cpu clock throttled (total events = 5833)
Jul 15 01:18:17 device kernel: [129025.516567] CPU7: Package temperature above threshold, cpu clock throttled (total events = 5833)
Jul 15 01:18:17 device kernel: [129025.516571] CPU3: Package temperature above threshold, cpu clock throttled (total events = 5833)
Jul 15 01:18:17 device kernel: [129025.516572] CPU9: Package temperature above threshold, cpu clock throttled (total events = 5833)
Jul 15 01:18:17 device kernel: [129025.516574] CPU8: Package temperature above threshold, cpu clock throttled (total events = 5833)
Jul 15 01:18:17 device kernel: [129025.516575] CPU2: Package temperature above threshold, cpu clock throttled (total events = 5833)
Jul 15 01:18:17 device kernel: [129025.516576] CPU5: Package temperature above threshold, cpu clock throttled (total events = 5833)
Jul 15 01:18:17 device kernel: [129025.516578] CPU10: Package temperature above threshold, cpu clock throttled (total events = 5833)
Jul 15 01:18:17 device kernel: [129025.516579] CPU11: Package temperature above threshold, cpu clock throttled (total events = 5833)
Jul 15 01:18:17 device kernel: [129025.516580] CPU4: Package temperature above threshold, cpu clock throttled (total events = 5833)
Jul 15 01:18:17 device kernel: [129025.516587] CPU1: Package temperature above threshold, cpu clock throttled (total events = 5833)
Jul 15 01:18:17 device kernel: [129025.517520] CPU6: Package temperature/speed normal
Jul 15 01:18:17 device kernel: [129025.517521] CPU1: Core temperature/speed normal
Jul 15 01:18:17 device kernel: [129025.517522] CPU7: Core temperature/speed normal
Jul 15 01:18:17 device kernel: [129025.517522] CPU0: Package temperature/speed normal
Jul 15 01:18:17 device kernel: [129025.517523] CPU1: Package temperature/speed normal
Jul 15 01:18:17 device kernel: [129025.517523] CPU7: Package temperature/speed normal
Jul 15 01:18:17 device kernel: [129025.517557] CPU3: Package temperature/speed normal
Jul 15 01:18:17 device kernel: [129025.517558] CPU9: Package temperature/speed normal
Jul 15 01:18:17 device kernel: [129025.517559] CPU2: Package temperature/speed normal
Jul 15 01:18:17 device kernel: [129025.517559] CPU8: Package temperature/speed normal
Jul 15 01:18:17 device kernel: [129025.517560] CPU4: Package temperature/speed normal
Jul 15 01:18:17 device kernel: [129025.517561] CPU5: Package temperature/speed normal
Jul 15 01:18:17 device kernel: [129025.517562] CPU11: Package temperature/speed normal
Jul 15 01:18:17 device kernel: [129025.517563] CPU10: Package temperature/speed normal
Jul 15 01:24:37 device kernel: [129405.628504] CPU7: Core temperature above threshold, cpu clock throttled (total events = 1289)
Jul 15 01:24:37 device kernel: [129405.628504] CPU1: Core temperature above threshold, cpu clock throttled (total events = 1289)
Jul 15 01:24:37 device kernel: [129405.628506] CPU4: Package temperature above threshold, cpu clock throttled (total events = 5839)
Jul 15 01:24:37 device kernel: [129405.628528] CPU2: Package temperature above threshold, cpu clock throttled (total events = 5839)
Jul 15 01:24:37 device kernel: [129405.628529] CPU8: Package temperature above threshold, cpu clock throttled (total events = 5839)
Jul 15 01:24:37 device kernel: [129405.628530] CPU10: Package temperature above threshold, cpu clock throttled (total events = 5839)
Jul 15 01:24:37 device kernel: [129405.628532] CPU1: Package temperature above threshold, cpu clock throttled (total events = 5839)
Jul 15 01:24:37 device kernel: [129405.628534] CPU9: Package temperature above threshold, cpu clock throttled (total events = 5839)
Jul 15 01:24:37 device kernel: [129405.628535] CPU3: Package temperature above threshold, cpu clock throttled (total events = 5839)
Jul 15 01:24:37 device kernel: [129405.628558] CPU5: Package temperature above threshold, cpu clock throttled (total events = 5839)
Jul 15 01:24:37 device kernel: [129405.628559] CPU11: Package temperature above threshold, cpu clock throttled (total events = 5839)
Jul 15 01:24:37 device kernel: [129405.628562] CPU0: Package temperature above threshold, cpu clock throttled (total events = 5839)
Jul 15 01:24:37 device kernel: [129405.628581] CPU6: Package temperature above threshold, cpu clock throttled (total events = 5839)
Jul 15 01:24:37 device kernel: [129405.628586] CPU7: Package temperature above threshold, cpu clock throttled (total events = 5839)
Jul 15 01:24:37 device kernel: [129405.630514] CPU7: Core temperature/speed normal
Jul 15 01:24:37 device kernel: [129405.630514] CPU1: Core temperature/speed normal
Jul 15 01:24:37 device kernel: [129405.630515] CPU4: Package temperature/speed normal
Jul 15 01:24:37 device kernel: [129405.630515] CPU10: Package temperature/speed normal
Jul 15 01:24:37 device kernel: [129405.630516] CPU1: Package temperature/speed normal
Jul 15 01:24:37 device kernel: [129405.630517] CPU7: Package temperature/speed normal
Jul 15 01:24:37 device kernel: [129405.630551] CPU0: Package temperature/speed normal
Jul 15 01:24:37 device kernel: [129405.630551] CPU6: Package temperature/speed normal
Jul 15 01:24:37 device kernel: [129405.630552] CPU9: Package temperature/speed normal
Jul 15 01:24:37 device kernel: [129405.630553] CPU3: Package temperature/speed normal
Jul 15 01:24:37 device kernel: [129405.630554] CPU8: Package temperature/speed normal
Jul 15 01:24:37 device kernel: [129405.630555] CPU11: Package temperature/speed normal
Jul 15 01:24:37 device kernel: [129405.630556] CPU2: Package temperature/speed normal
Jul 15 01:24:37 device kernel: [129405.630556] CPU5: Package temperature/speed normal
Jul 15 01:30:01 device CRON[1432]: (root) CMD (/home/user/Documents/scripts/networking/ports > /home/user/Documents/scripts/logging/ports.log)
Jul 15 01:36:31 device kernel: [130120.281506] CPU6: Core temperature above threshold, cpu clock throttled (total events = 4377)
Jul 15 01:36:31 device kernel: [130120.281507] CPU0: Core temperature above threshold, cpu clock throttled (total events = 4377)
Jul 15 01:36:31 device kernel: [130120.281508] CPU3: Package temperature above threshold, cpu clock throttled (total events = 5845)
Jul 15 01:36:31 device kernel: [130120.281533] CPU9: Package temperature above threshold, cpu clock throttled (total events = 5845)
Jul 15 01:36:31 device kernel: [130120.281534] CPU2: Package temperature above threshold, cpu clock throttled (total events = 5845)
Jul 15 01:36:31 device kernel: [130120.281535] CPU8: Package temperature above threshold, cpu clock throttled (total events = 5845)
Jul 15 01:36:31 device kernel: [130120.281537] CPU0: Package temperature above threshold, cpu clock throttled (total events = 5845)
Jul 15 01:36:31 device kernel: [130120.281539] CPU1: Package temperature above threshold, cpu clock throttled (total events = 5845)
Jul 15 01:36:31 device kernel: [130120.281540] CPU7: Package temperature above threshold, cpu clock throttled (total events = 5845)
Jul 15 01:36:31 device kernel: [130120.281542] CPU11: Package temperature above threshold, cpu clock throttled (total events = 5845)
Jul 15 01:36:31 device kernel: [130120.281544] CPU4: Package temperature above threshold, cpu clock throttled (total events = 5845)
Jul 15 01:36:31 device kernel: [130120.281545] CPU10: Package temperature above threshold, cpu clock throttled (total events = 5845)
Jul 15 01:36:31 device kernel: [130120.281545] CPU5: Package temperature above threshold, cpu clock throttled (total events = 5845)
Jul 15 01:36:31 device kernel: [130120.281553] CPU6: Package temperature above threshold, cpu clock throttled (total events = 5845)
Jul 15 01:36:31 device kernel: [130120.284550] CPU6: Core temperature/speed normal
Jul 15 01:36:31 device kernel: [130120.284550] CPU0: Core temperature/speed normal
Jul 15 01:36:31 device kernel: [130120.284551] CPU9: Package temperature/speed normal
Jul 15 01:36:31 device kernel: [130120.284552] CPU3: Package temperature/speed normal
Jul 15 01:36:31 device kernel: [130120.284552] CPU0: Package temperature/speed normal
Jul 15 01:36:31 device kernel: [130120.284553] CPU5: Package temperature/speed normal
Jul 15 01:36:31 device kernel: [130120.284554] CPU11: Package temperature/speed normal
Jul 15 01:36:31 device kernel: [130120.284555] CPU10: Package temperature/speed normal
Jul 15 01:36:31 device kernel: [130120.284555] CPU4: Package temperature/speed normal
Jul 15 01:36:31 device kernel: [130120.284556] CPU6: Package temperature/speed normal
Jul 15 01:36:31 device kernel: [130120.284585] CPU7: Package temperature/speed normal
Jul 15 01:36:31 device kernel: [130120.284585] CPU1: Package temperature/speed normal
Jul 15 01:36:31 device kernel: [130120.284586] CPU2: Package temperature/speed normal
Jul 15 01:36:31 device kernel: [130120.284587] CPU8: Package temperature/speed normal
Jul 15 02:00:01 device CRON[1660]: (root) CMD (/home/user/Documents/scripts/networking/ports > /home/user/Documents/scripts/logging/ports.log)
Jul 15 02:00:01 device CRON[1661]: (root) CMD (timeshift --check --scripted)
Jul 15 02:00:01 device crontab[1771]: (root) LIST (root)
Jul 15 02:00:01 device crontab[1773]: (root) LIST (root)
Jul 15 02:03:32 device systemd[1]: Started Run anacron jobs.
Jul 15 02:03:32 device anacron[1815]: Anacron 2.3 started on 2019-07-15
Jul 15 02:03:32 device anacron[1815]: Normal exit (0 jobs run)
Jul 15 02:17:01 device CRON[1918]: (root) CMD (   cd / && run-parts --report /etc/cron.hourly)
Jul 15 02:30:01 device CRON[1971]: (root) CMD (/home/user/Documents/scripts/networking/ports > /home/user/Documents/scripts/logging/ports.log)
Jul 15 03:00:01 device CRON[2088]: (root) CMD (timeshift --check --scripted)
Jul 15 03:00:01 device CRON[2089]: (root) CMD (/home/user/Documents/scripts/networking/ports > /home/user/Documents/scripts/logging/ports.log)
Jul 15 03:00:01 device crontab[2128]: (root) LIST (root)
Jul 15 03:00:01 device crontab[2129]: (root) LIST (root)
Jul 15 03:02:15 device systemd[1]: Started Run anacron jobs.
Jul 15 03:02:15 device anacron[2139]: Anacron 2.3 started on 2019-07-15
Jul 15 03:02:15 device anacron[2139]: Normal exit (0 jobs run)
Jul 15 03:17:02 device CRON[2185]: (root) CMD (   cd / && run-parts --report /etc/cron.hourly)
Jul 15 03:30:02 device CRON[2249]: (root) CMD (/home/user/Documents/scripts/networking/ports > /home/user/Documents/scripts/logging/ports.log)
Jul 15 04:00:01 device CRON[2415]: (root) CMD (timeshift --check --scripted)
Jul 15 04:00:01 device CRON[2414]: (root) CMD (/home/user/Documents/scripts/networking/ports > /home/user/Documents/scripts/logging/ports.log)
Jul 15 04:00:01 device crontab[2454]: (root) LIST (root)
Jul 15 04:00:01 device crontab[2455]: (root) LIST (root)
Jul 15 04:01:58 device systemd[1]: Started Run anacron jobs.
Jul 15 04:01:58 device anacron[2461]: Anacron 2.3 started on 2019-07-15
Jul 15 04:01:58 device anacron[2461]: Normal exit (0 jobs run)
Jul 15 04:17:01 device CRON[2498]: (root) CMD (   cd / && run-parts --report /etc/cron.hourly)
Jul 15 04:30:01 device CRON[2535]: (root) CMD (/home/user/Documents/scripts/networking/ports > /home/user/Documents/scripts/logging/ports.log)
Jul 15 05:00:01 device CRON[2627]: (root) CMD (timeshift --check --scripted)
Jul 15 05:00:01 device CRON[2628]: (root) CMD (/home/user/Documents/scripts/networking/ports > /home/user/Documents/scripts/logging/ports.log)
Jul 15 05:00:01 device crontab[2695]: (root) LIST (root)
Jul 15 05:00:01 device crontab[2699]: (root) LIST (root)
Jul 15 05:01:33 device systemd[1]: Started Run anacron jobs.
Jul 15 05:01:33 device anacron[2705]: Anacron 2.3 started on 2019-07-15
Jul 15 05:01:33 device anacron[2705]: Normal exit (0 jobs run)
Jul 15 05:17:01 device CRON[2756]: (root) CMD (   cd / && run-parts --report /etc/cron.hourly)
Jul 15 05:30:01 device CRON[2804]: (root) CMD (/home/user/Documents/scripts/networking/ports > /home/user/Documents/scripts/logging/ports.log)
Jul 15 06:00:01 device CRON[2952]: (root) CMD (timeshift --check --scripted)
Jul 15 06:00:01 device CRON[2953]: (root) CMD (/home/user/Documents/scripts/networking/ports > /home/user/Documents/scripts/logging/ports.log)
Jul 15 06:00:01 device crontab[2993]: (root) LIST (root)
Jul 15 06:00:01 device crontab[2994]: (root) LIST (root)
Jul 15 06:02:43 device systemd[1]: Starting Daily apt upgrade and clean activities...
Jul 15 06:02:43 device systemd[1]: Started Run anacron jobs.
Jul 15 06:02:43 device anacron[3004]: Anacron 2.3 started on 2019-07-15
Jul 15 06:02:43 device anacron[3004]: Normal exit (0 jobs run)
Jul 15 06:02:43 device systemd[1]: Started Daily apt upgrade and clean activities.
Jul 15 06:17:01 device CRON[3096]: (root) CMD (   cd / && run-parts --report /etc/cron.hourly)
Jul 15 06:25:01 device CRON[3123]: (root) CMD (test -x /usr/sbin/anacron || ( cd / && run-parts --report /etc/cron.daily ))
Jul 15 06:30:01 device CRON[3141]: (root) CMD (/home/user/Documents/scripts/networking/ports > /home/user/Documents/scripts/logging/ports.log)
Jul 15 07:00:01 device CRON[3234]: (root) CMD (timeshift --check --scripted)
Jul 15 07:00:01 device CRON[3235]: (root) CMD (/home/user/Documents/scripts/networking/ports > /home/user/Documents/scripts/logging/ports.log)
Jul 15 07:00:01 device crontab[3274]: (root) LIST (root)
Jul 15 07:00:01 device crontab[3275]: (root) LIST (root)
Jul 15 07:02:43 device systemd[1]: Started Run anacron jobs.
Jul 15 07:02:43 device anacron[3287]: Anacron 2.3 started on 2019-07-15
Jul 15 07:02:43 device anacron[3287]: Normal exit (0 jobs run)
Jul 15 07:17:01 device CRON[3328]: (root) CMD (   cd / && run-parts --report /etc/cron.hourly)
Jul 15 07:30:01 device CRON[3364]: (root) CMD (/home/user/Documents/scripts/networking/ports > /home/user/Documents/scripts/logging/ports.log)
Jul 15 07:30:01 device CRON[3363]: (root) CMD ([ -x /etc/init.d/anacron ] && if [ ! -d /run/systemd/system ]; then /usr/sbin/invoke-rc.d anacron start >/dev/null; fi)
Jul 15 08:00:01 device CRON[3472]: (root) CMD (timeshift --check --scripted)
Jul 15 08:00:01 device CRON[3473]: (root) CMD (/home/user/Documents/scripts/networking/ports > /home/user/Documents/scripts/logging/ports.log)
Jul 15 08:00:01 device crontab[3512]: (root) LIST (root)
Jul 15 08:00:01 device crontab[3513]: (root) LIST (root)
Jul 15 08:00:58 device systemd[1]: Started Run anacron jobs.
Jul 15 08:00:58 device anacron[3519]: Anacron 2.3 started on 2019-07-15
Jul 15 08:00:58 device anacron[3519]: Normal exit (0 jobs run)
Jul 15 08:17:01 device CRON[3562]: (root) CMD (   cd / && run-parts --report /etc/cron.hourly)
Jul 15 08:19:58 device systemd[1]: Starting Daily apt download activities...
Jul 15 08:20:28 device apt-helper[3571]: E: Sub-process nm-online returned an error code (1)
Jul 15 08:20:28 device systemd[1]: Started Daily apt download activities.
Jul 15 08:30:01 device CRON[3656]: (root) CMD (/home/user/Documents/scripts/networking/ports > /home/user/Documents/scripts/logging/ports.log)
Jul 15 09:00:01 device CRON[3749]: (root) CMD (/home/user/Documents/scripts/networking/ports > /home/user/Documents/scripts/logging/ports.log)
Jul 15 09:00:01 device CRON[3750]: (root) CMD (timeshift --check --scripted)
Jul 15 09:00:01 device crontab[3791]: (root) LIST (root)
Jul 15 09:00:01 device crontab[3792]: (root) LIST (root)
Jul 15 09:01:43 device systemd[1]: Started Run anacron jobs.
Jul 15 09:01:43 device anacron[3800]: Anacron 2.3 started on 2019-07-15
Jul 15 09:01:43 device anacron[3800]: Normal exit (0 jobs run)
Jul 15 09:17:01 device CRON[3844]: (root) CMD (   cd / && run-parts --report /etc/cron.hourly)
Jul 15 09:30:01 device CRON[3884]: (root) CMD (/home/user/Documents/scripts/networking/ports > /home/user/Documents/scripts/logging/ports.log)
Jul 15 10:00:01 device CRON[4009]: (root) CMD (timeshift --check --scripted)
Jul 15 10:00:01 device CRON[4010]: (root) CMD (/home/user/Documents/scripts/networking/ports > /home/user/Documents/scripts/logging/ports.log)
Jul 15 10:00:01 device crontab[4049]: (root) LIST (root)
Jul 15 10:00:01 device crontab[4050]: (root) LIST (root)
Jul 15 10:02:37 device systemd[1]: Started Run anacron jobs.
Jul 15 10:02:37 device anacron[4061]: Anacron 2.3 started on 2019-07-15
Jul 15 10:02:37 device anacron[4061]: Normal exit (0 jobs run)
Jul 15 10:16:35 device cinnamon-screensaver-pam-helper: pam_ecryptfs: seteuid error
Jul 15 10:16:49 device NetworkManager[1191]: <info>  [1563200209.2879] manager: rfkill: WiFi hardware radio set enabled
Jul 15 10:16:49 device systemd[1]: Starting Load/Save RF Kill Switch Status...
Jul 15 10:16:49 device systemd[1]: Started Load/Save RF Kill Switch Status.
Jul 15 10:16:49 device NetworkManager[1191]: <info>  [1563200209.4954] audit: op="radio-control" arg="wireless-enabled:1" pid=1882 uid=1000 result="success"
Jul 15 10:16:49 device NetworkManager[1191]: <info>  [1563200209.4956] manager: rfkill: WiFi now enabled by radio killswitch
Jul 15 10:16:49 device kernel: [161337.858583] IPv6: ADDRCONF(NETDEV_UP): wlo1: link is not ready
Jul 15 10:16:49 device wpa_supplicant[1219]: dbus: fill_dict_with_properties dbus_interface=fi.w1.wpa_supplicant1.Interface dbus_property=Stations getter failed
Jul 15 10:16:49 device wpa_supplicant[1219]: dbus: wpa_dbus_get_object_properties: failed to get object properties: (none) none
Jul 15 10:16:49 device wpa_supplicant[1219]: dbus: Failed to construct signal
Jul 15 10:16:49 device wpa_supplicant[1219]: dbus: fill_dict_with_properties dbus_interface=fi.w1.wpa_supplicant1.Interface dbus_property=Stations getter failed
Jul 15 10:16:49 device NetworkManager[1191]: <info>  [1563200209.5521] device (wlo1): supplicant interface state: starting -> ready
Jul 15 10:16:49 device NetworkManager[1191]: <info>  [1563200209.5522] device (wlo1): state change: unavailable -> disconnected (reason 'supplicant-available', sys-iface-state: 'managed')
Jul 15 10:16:49 device kernel: [161337.916066] IPv6: ADDRCONF(NETDEV_UP): wlo1: link is not ready
Jul 15 10:17:01 device CRON[4227]: (root) CMD (   cd / && run-parts --report /etc/cron.hourly)
Jul 15 10:18:25 device NetworkManager[1191]: <info>  [1563200305.6965] policy: auto-activating connection 'Auto MiFi7000-F296'
Jul 15 10:18:25 device NetworkManager[1191]: <info>  [1563200305.6971] device (wlo1): Activation: starting connection 'Auto MiFi7000-F296' (f1ec8f02-bdb2-4ec2-998f-1bf36eb73450)
Jul 15 10:18:25 device NetworkManager[1191]: <info>  [1563200305.6972] device (wlo1): state change: disconnected -> prepare (reason 'none', sys-iface-state: 'managed')
Jul 15 10:18:25 device NetworkManager[1191]: <info>  [1563200305.6973] manager: NetworkManager state is now CONNECTING
Jul 15 10:18:25 device NetworkManager[1191]: <info>  [1563200305.6976] device (wlo1): state change: prepare -> config (reason 'none', sys-iface-state: 'managed')
Jul 15 10:18:25 device NetworkManager[1191]: <info>  [1563200305.6977] device (wlo1): Activation: (wifi) access point 'Auto MiFi7000-F296' has security, but secrets are required.
Jul 15 10:18:25 device NetworkManager[1191]: <info>  [1563200305.6977] device (wlo1): state change: config -> need-auth (reason 'none', sys-iface-state: 'managed')
Jul 15 10:18:25 device NetworkManager[1191]: <info>  [1563200305.6978] sup-iface[0x56107a362580,wlo1]: wps: type pbc start...
Jul 15 10:18:25 device NetworkManager[1191]: <info>  [1563200305.7004] device (wlo1): state change: need-auth -> prepare (reason 'none', sys-iface-state: 'managed')
Jul 15 10:18:25 device NetworkManager[1191]: <info>  [1563200305.7007] device (wlo1): state change: prepare -> config (reason 'none', sys-iface-state: 'managed')
Jul 15 10:18:25 device NetworkManager[1191]: <info>  [1563200305.7008] device (wlo1): Activation: (wifi) connection 'Auto MiFi7000-F296' has security, and secrets exist.  No new secrets needed.
Jul 15 10:18:25 device NetworkManager[1191]: <info>  [1563200305.7008] Config: added 'ssid' value 'MiFi7000-F296'
Jul 15 10:18:25 device NetworkManager[1191]: <info>  [1563200305.7008] Config: added 'scan_ssid' value '1'
Jul 15 10:18:25 device NetworkManager[1191]: <info>  [1563200305.7009] Config: added 'bgscan' value 'simple:30:-80:86400'
Jul 15 10:18:25 device NetworkManager[1191]: <info>  [1563200305.7009] Config: added 'key_mgmt' value 'WPA-PSK'
Jul 15 10:18:25 device NetworkManager[1191]: <info>  [1563200305.7009] Config: added 'psk' value '<hidden>'
Jul 15 10:18:25 device wpa_supplicant[1219]: wlo1: SME: Trying to authenticate with 00:15:ff:e3:f2:96 (SSID='MiFi7000-F296' freq=5765 MHz)
Jul 15 10:18:25 device kernel: [161434.067930] wlo1: authenticate with 00:15:ff:e3:f2:96
Jul 15 10:18:25 device kernel: [161434.073901] wlo1: send auth to 00:15:ff:e3:f2:96 (try 1/3)
Jul 15 10:18:25 device NetworkManager[1191]: <info>  [1563200305.7112] device (wlo1): supplicant interface state: ready -> authenticating
Jul 15 10:18:25 device kernel: [161434.117901] wlo1: authenticated
Jul 15 10:18:25 device wpa_supplicant[1219]: wlo1: Trying to associate with 00:15:ff:e3:f2:96 (SSID='MiFi7000-F296' freq=5765 MHz)
Jul 15 10:18:25 device NetworkManager[1191]: <info>  [1563200305.7603] device (wlo1): supplicant interface state: authenticating -> associating
Jul 15 10:18:25 device wpa_supplicant[1219]: wlo1: Associated with 00:15:ff:e3:f2:96
Jul 15 10:18:25 device wpa_supplicant[1219]: wlo1: CTRL-EVENT-SUBNET-STATUS-UPDATE status=0
Jul 15 10:18:25 device kernel: [161434.122062] wlo1: associate with 00:15:ff:e3:f2:96 (try 1/3)
Jul 15 10:18:25 device kernel: [161434.123971] wlo1: RX AssocResp from 00:15:ff:e3:f2:96 (capab=0x11 status=0 aid=1)
Jul 15 10:18:25 device kernel: [161434.125108] wlo1: associated
Jul 15 10:18:25 device NetworkManager[1191]: <info>  [1563200305.7675] device (wlo1): supplicant interface state: associating -> associated
Jul 15 10:18:25 device NetworkManager[1191]: <info>  [1563200305.8112] device (wlo1): supplicant interface state: associated -> 4-way handshake
Jul 15 10:18:25 device kernel: [161434.188378] wlo1: Limiting TX power to 30 (30 - 0) dBm as advertised by 00:15:ff:e3:f2:96
Jul 15 10:18:25 device wpa_supplicant[1219]: wlo1: WPA: Key negotiation completed with 00:15:ff:e3:f2:96 [PTK=CCMP GTK=CCMP]
Jul 15 10:18:25 device wpa_supplicant[1219]: wlo1: CTRL-EVENT-CONNECTED - Connection to 00:15:ff:e3:f2:96 completed [id=0 id_str=]
Jul 15 10:18:25 device kernel: [161434.196590] IPv6: ADDRCONF(NETDEV_CHANGE): wlo1: link becomes ready
Jul 15 10:18:25 device wpa_supplicant[1219]: wlo1: CTRL-EVENT-SIGNAL-CHANGE above=0 signal=-30 noise=9999 txrate=6000
Jul 15 10:18:25 device NetworkManager[1191]: <info>  [1563200305.8385] device (wlo1): supplicant interface state: 4-way handshake -> completed
Jul 15 10:18:25 device NetworkManager[1191]: <info>  [1563200305.8386] device (wlo1): Activation: (wifi) Stage 2 of 5 (Device Configure) successful.  Connected to wireless network 'MiFi7000-F296'.
Jul 15 10:18:25 device NetworkManager[1191]: <info>  [1563200305.8386] device (wlo1): state change: config -> ip-config (reason 'none', sys-iface-state: 'managed')
Jul 15 10:18:25 device NetworkManager[1191]: <info>  [1563200305.8389] dhcp4 (wlo1): activation: beginning transaction (timeout in 45 seconds)
Jul 15 10:18:25 device NetworkManager[1191]: <info>  [1563200305.8402] dhcp4 (wlo1): dhclient started with pid 4237
Jul 15 10:18:25 device dhclient[4237]: DHCPREQUEST of 192.168.1.35 on wlo1 to 255.255.255.255 port 67 (xid=0x63c3c09f)
Jul 15 10:18:25 device dhclient[4237]: DHCPACK of 192.168.1.35 from 192.168.1.1
Jul 15 10:18:25 device NetworkManager[1191]: <info>  [1563200305.9102] dhcp4 (wlo1):   address 192.168.1.35
Jul 15 10:18:25 device NetworkManager[1191]: <info>  [1563200305.9103] dhcp4 (wlo1):   plen 24 (255.255.255.0)
Jul 15 10:18:25 device NetworkManager[1191]: <info>  [1563200305.9103] dhcp4 (wlo1):   gateway 192.168.1.1
Jul 15 10:18:25 device NetworkManager[1191]: <info>  [1563200305.9103] dhcp4 (wlo1):   lease time 86400
Jul 15 10:18:25 device NetworkManager[1191]: <info>  [1563200305.9103] dhcp4 (wlo1):   nameserver '192.168.1.1'
Jul 15 10:18:25 device NetworkManager[1191]: <info>  [1563200305.9103] dhcp4 (wlo1):   wins '192.168.1.1'
Jul 15 10:18:25 device NetworkManager[1191]: <info>  [1563200305.9103] dhcp4 (wlo1): state changed unknown -> bound
Jul 15 10:18:25 device avahi-daemon[1207]: Joining mDNS multicast group on interface wlo1.IPv4 with address 192.168.1.35.
Jul 15 10:18:25 device avahi-daemon[1207]: New relevant interface wlo1.IPv4 for mDNS.
Jul 15 10:18:25 device avahi-daemon[1207]: Registering new address record for 192.168.1.35 on wlo1.IPv4.
Jul 15 10:18:25 device NetworkManager[1191]: <info>  [1563200305.9116] device (wlo1): state change: ip-config -> ip-check (reason 'none', sys-iface-state: 'managed')
Jul 15 10:18:25 device NetworkManager[1191]: <info>  [1563200305.9123] device (wlo1): state change: ip-check -> secondaries (reason 'none', sys-iface-state: 'managed')
Jul 15 10:18:25 device NetworkManager[1191]: <info>  [1563200305.9126] device (wlo1): state change: secondaries -> activated (reason 'none', sys-iface-state: 'managed')
Jul 15 10:18:25 device NetworkManager[1191]: <info>  [1563200305.9127] manager: NetworkManager state is now CONNECTED_LOCAL
Jul 15 10:18:25 device dhclient[4237]: bound to 192.168.1.35 -- renewal in 41895 seconds.
Jul 15 10:18:25 device NetworkManager[1191]: <info>  [1563200305.9271] manager: NetworkManager state is now CONNECTED_SITE
Jul 15 10:18:25 device NetworkManager[1191]: <info>  [1563200305.9272] policy: set 'Auto MiFi7000-F296' (wlo1) as default for IPv4 routing and DNS
Jul 15 10:18:25 device NetworkManager[1191]: <info>  [1563200305.9275] device (wlo1): Activation: successful, device activated.
Jul 15 10:18:25 device wpa_supplicant[1219]: wlo1: CTRL-EVENT-SIGNAL-CHANGE above=1 signal=-30 noise=9999 txrate=866700
Jul 15 10:18:25 device dbus-daemon[1184]: [system] Activating via systemd: service name='org.freedesktop.nm_dispatcher' unit='dbus-org.freedesktop.nm-dispatcher.service' requested by ':1.13' (uid=0 pid=1191 comm="/usr/sbin/NetworkManager --no-daemon " label="unconfined")
Jul 15 10:18:25 device systemd[1]: Starting Network Manager Script Dispatcher Service...
Jul 15 10:18:25 device dbus-daemon[1184]: [system] Successfully activated service 'org.freedesktop.nm_dispatcher'
Jul 15 10:18:25 device systemd[1]: Started Network Manager Script Dispatcher Service.
Jul 15 10:18:25 device nm-dispatcher: req:1 'up' [wlo1]: new request (1 scripts)
Jul 15 10:18:25 device nm-dispatcher: req:1 'up' [wlo1]: start running ordered scripts...
Jul 15 10:18:26 device systemd-resolved[1014]: Server returned error NXDOMAIN, mitigating potential DNS violation DVE-2018-0001, retrying transaction with reduced feature level UDP.
Jul 15 10:18:26 device systemd-resolved[1014]: Server returned error NXDOMAIN, mitigating potential DNS violation DVE-2018-0001, retrying transaction with reduced feature level UDP.
Jul 15 10:18:26 device NetworkManager[1191]: <info>  [1563200306.3234] manager: NetworkManager state is now CONNECTED_GLOBAL
Jul 15 10:18:26 device nm-dispatcher: req:2 'connectivity-change': new request (1 scripts)
Jul 15 10:18:26 device nm-dispatcher: req:2 'connectivity-change': start running ordered scripts...
Jul 15 10:18:27 device avahi-daemon[1207]: Joining mDNS multicast group on interface wlo1.IPv6 with address fe80::f425:2573:78ce:50dd.
Jul 15 10:18:27 device avahi-daemon[1207]: New relevant interface wlo1.IPv6 for mDNS.
Jul 15 10:18:27 device avahi-daemon[1207]: Registering new address record for fe80::f425:2573:78ce:50dd on wlo1.*.
Jul 15 10:18:27 device NetworkManager[1191]: <info>  [1563200307.2273] dhcp6 (wlo1): activation: beginning transaction (timeout in 45 seconds)
Jul 15 10:18:27 device NetworkManager[1191]: <info>  [1563200307.2286] dhcp6 (wlo1): dhclient started with pid 4334
Jul 15 10:18:27 device NetworkManager[1191]: <info>  [1563200307.2294] policy: set 'Auto MiFi7000-F296' (wlo1) as default for IPv6 routing and DNS
Jul 15 10:18:27 device dhclient[4334]: XMT: Info-Request on wlo1, interval 940ms.
Jul 15 10:18:28 device avahi-daemon[1207]: Leaving mDNS multicast group on interface wlo1.IPv6 with address fe80::f425:2573:78ce:50dd.
Jul 15 10:18:28 device avahi-daemon[1207]: Joining mDNS multicast group on interface wlo1.IPv6 with address 2605:b100:fc4c:1687:4775:34fb:f878:57cb.
Jul 15 10:18:28 device avahi-daemon[1207]: Registering new address record for 2605:b100:fc4c:1687:4775:34fb:f878:57cb on wlo1.*.
Jul 15 10:18:28 device avahi-daemon[1207]: Withdrawing address record for fe80::f425:2573:78ce:50dd on wlo1.
Jul 15 10:18:28 device dhclient[4334]: XMT: Info-Request on wlo1, interval 1870ms.
Jul 15 10:18:30 device dhclient[4334]: XMT: Info-Request on wlo1, interval 3890ms.
Jul 15 10:18:34 device dhclient[4334]: XMT: Info-Request on wlo1, interval 7670ms.
Jul 15 10:18:42 device dhclient[4334]: XMT: Info-Request on wlo1, interval 15170ms.
Jul 15 10:18:57 device dhclient[4334]: XMT: Info-Request on wlo1, interval 30520ms.
Jul 15 10:19:11 device NetworkManager[1191]: <warn>  [1563200351.9888] dhcp6 (wlo1): request timed out
Jul 15 10:19:11 device NetworkManager[1191]: <info>  [1563200351.9889] dhcp6 (wlo1): state changed unknown -> timeout
Jul 15 10:19:11 device NetworkManager[1191]: <info>  [1563200351.9899] dhcp6 (wlo1): canceled DHCP transaction, DHCP client pid 4334
Jul 15 10:19:11 device NetworkManager[1191]: <info>  [1563200351.9899] dhcp6 (wlo1): state changed timeout -> done
Jul 15 10:26:29 device kernel: [161917.793724] audit: type=1400 audit(1563200789.427:22): apparmor="ALLOWED" operation="open" profile="libreoffice-soffice" name="/usr/share/nvidia/nvidia-application-profiles-390.116-rc" pid=4560 comm="soffice.bin" requested_mask="r" denied_mask="r" fsuid=1000 ouid=0
Jul 15 10:26:29 device kernel: [161917.799668] audit: type=1400 audit(1563200789.431:23): apparmor="ALLOWED" operation="open" profile="libreoffice-soffice" name="/usr/share/nvidia/nvidia-application-profiles-390.116-rc" pid=4560 comm="soffice.bin" requested_mask="r" denied_mask="r" fsuid=1000 ouid=0
Jul 15 10:26:29 device kernel: [161917.804797] audit: type=1400 audit(1563200789.439:24): apparmor="ALLOWED" operation="open" profile="libreoffice-soffice" name="/proc/modules" pid=4560 comm="soffice.bin" requested_mask="r" denied_mask="r" fsuid=1000 ouid=0
Jul 15 10:26:29 device kernel: [161917.804906] audit: type=1400 audit(1563200789.439:25): apparmor="ALLOWED" operation="open" profile="libreoffice-soffice" name="/proc/driver/nvidia/params" pid=4560 comm="soffice.bin" requested_mask="r" denied_mask="r" fsuid=1000 ouid=0
Jul 15 10:26:29 device kernel: [161917.804908] audit: type=1400 audit(1563200789.439:26): apparmor="ALLOWED" operation="open" profile="libreoffice-soffice" name="/dev/nvidiactl" pid=4560 comm="soffice.bin" requested_mask="wr" denied_mask="wr" fsuid=1000 ouid=0
Jul 15 10:26:29 device kernel: [161917.804909] audit: type=1400 audit(1563200789.439:27): apparmor="ALLOWED" operation="open" profile="libreoffice-soffice" name="/sys/devices/system/memory/block_size_bytes" pid=4560 comm="soffice.bin" requested_mask="r" denied_mask="r" fsuid=1000 ouid=0
Jul 15 10:26:29 device kernel: [161917.807917] audit: type=1400 audit(1563200789.439:28): apparmor="ALLOWED" operation="open" profile="libreoffice-soffice" name="/proc/modules" pid=4560 comm="soffice.bin" requested_mask="r" denied_mask="r" fsuid=1000 ouid=0
Jul 15 10:26:29 device kernel: [161917.807988] audit: type=1400 audit(1563200789.439:29): apparmor="ALLOWED" operation="open" profile="libreoffice-soffice" name="/proc/driver/nvidia/params" pid=4560 comm="soffice.bin" requested_mask="r" denied_mask="r" fsuid=1000 ouid=0
Jul 15 10:26:29 device kernel: [161917.808008] audit: type=1400 audit(1563200789.439:30): apparmor="ALLOWED" operation="open" profile="libreoffice-soffice" name="/dev/nvidia-modeset" pid=4560 comm="soffice.bin" requested_mask="wr" denied_mask="wr" fsuid=1000 ouid=0
Jul 15 10:26:29 device kernel: [161917.808083] audit: type=1400 audit(1563200789.439:31): apparmor="ALLOWED" operation="open" profile="libreoffice-soffice" name="/proc/driver/nvidia/params" pid=4560 comm="soffice.bin" requested_mask="r" denied_mask="r" fsuid=1000 ouid=0
Jul 15 10:27:33 device wpa_supplicant[1219]: wlo1: WPA: Group rekeying completed with 00:15:ff:e3:f2:96 [GTK=CCMP]
Jul 15 10:30:01 device CRON[4614]: (root) CMD (/home/user/Documents/scripts/networking/ports > /home/user/Documents/scripts/logging/ports.log)
Jul 15 10:37:33 device wpa_supplicant[1219]: wlo1: WPA: Group rekeying completed with 00:15:ff:e3:f2:96 [GTK=CCMP]
Jul 15 10:46:15 device systemd-timesyncd[1018]: Synchronized to time server [2001:67c:1560:8003::c8]:123 (ntp.ubuntu.com).
Jul 15 10:47:33 device wpa_supplicant[1219]: wlo1: WPA: Group rekeying completed with 00:15:ff:e3:f2:96 [GTK=CCMP]
Jul 15 10:57:33 device wpa_supplicant[1219]: wlo1: WPA: Group rekeying completed with 00:15:ff:e3:f2:96 [GTK=CCMP]
Jul 15 11:00:01 device CRON[4919]: (root) CMD (/home/user/Documents/scripts/networking/ports > /home/user/Documents/scripts/logging/ports.log)
Jul 15 11:00:01 device CRON[4920]: (root) CMD (timeshift --check --scripted)
Jul 15 11:00:01 device crontab[4959]: (root) LIST (root)
Jul 15 11:00:01 device crontab[4960]: (root) LIST (root)
Jul 15 11:00:43 device systemd[1]: Started Run anacron jobs.
Jul 15 11:00:43 device anacron[4981]: Anacron 2.3 started on 2019-07-15
Jul 15 11:00:43 device anacron[4981]: Normal exit (0 jobs run)
Jul 15 11:02:24 device sudo: pam_ecryptfs: pam_sm_authenticate: /home/user is already mounted
Jul 15 11:02:26 device systemd[1]: Reloading.
Jul 15 11:02:27 device systemd[1]: message repeated 2 times: [ Reloading.]
Jul 15 11:05:01 device CRON[5817]: (root) CMD (command -v debian-sa1 > /dev/null && debian-sa1 1 1)
Jul 15 11:07:33 device wpa_supplicant[1219]: wlo1: WPA: Group rekeying completed with 00:15:ff:e3:f2:96 [GTK=CCMP]
Jul 15 11:15:01 device CRON[5897]: (root) CMD (command -v debian-sa1 > /dev/null && debian-sa1 1 1)
Jul 15 11:17:01 device CRON[5908]: (root) CMD (   cd / && run-parts --report /etc/cron.hourly)
Jul 15 11:17:33 device wpa_supplicant[1219]: wlo1: WPA: Group rekeying completed with 00:15:ff:e3:f2:96 [GTK=CCMP]
Jul 15 11:25:01 device CRON[5984]: (root) CMD (command -v debian-sa1 > /dev/null && debian-sa1 1 1)
Jul 15 11:27:33 device wpa_supplicant[1219]: wlo1: WPA: Group rekeying completed with 00:15:ff:e3:f2:96 [GTK=CCMP]
Jul 15 11:30:01 device CRON[6035]: (root) CMD (/home/user/Documents/scripts/networking/ports > /home/user/Documents/scripts/logging/ports.log)
Jul 15 11:35:01 device CRON[6129]: (root) CMD (command -v debian-sa1 > /dev/null && debian-sa1 1 1)
Jul 15 11:36:39 device org.x.reader.Daemon[1618]: UnregisterDocument URI 'file:///home/user/Downloads/Python_Matplotlib_Cheat_Sheet.pdf'
Jul 15 11:37:33 device wpa_supplicant[1219]: wlo1: WPA: Group rekeying completed with 00:15:ff:e3:f2:96 [GTK=CCMP]
Jul 15 11:42:40 device systemd-resolved[1014]: Server returned error NXDOMAIN, mitigating potential DNS violation DVE-2018-0001, retrying transaction with reduced feature level UDP.
Jul 15 11:42:40 device systemd-resolved[1014]: message repeated 2 times: [ Server returned error NXDOMAIN, mitigating potential DNS violation DVE-2018-0001, retrying transaction with reduced feature level UDP.]
Jul 15 11:45:01 device CRON[6972]: (root) CMD (command -v debian-sa1 > /dev/null && debian-sa1 1 1)
Jul 15 11:47:33 device wpa_supplicant[1219]: wlo1: WPA: Group rekeying completed with 00:15:ff:e3:f2:96 [GTK=CCMP]
Jul 15 11:55:01 device CRON[7016]: (root) CMD (command -v debian-sa1 > /dev/null && debian-sa1 1 1)
Jul 15 11:57:33 device wpa_supplicant[1219]: wlo1: WPA: Group rekeying completed with 00:15:ff:e3:f2:96 [GTK=CCMP]
Jul 15 12:00:01 device CRON[7036]: (root) CMD (timeshift --check --scripted)
Jul 15 12:00:01 device CRON[7037]: (root) CMD (/home/user/Documents/scripts/networking/ports > /home/user/Documents/scripts/logging/ports.log)
Jul 15 12:00:01 device crontab[7076]: (root) LIST (root)
Jul 15 12:00:01 device crontab[7077]: (root) LIST (root)
Jul 15 12:04:43 device systemd[1]: Started Run anacron jobs.
Jul 15 12:04:43 device anacron[7097]: Anacron 2.3 started on 2019-07-15
Jul 15 12:04:43 device anacron[7097]: Normal exit (0 jobs run)
Jul 15 12:05:01 device CRON[7101]: (root) CMD (command -v debian-sa1 > /dev/null && debian-sa1 1 1)
Jul 15 12:07:33 device wpa_supplicant[1219]: wlo1: WPA: Group rekeying completed with 00:15:ff:e3:f2:96 [GTK=CCMP]
Jul 15 12:15:01 device CRON[7171]: (root) CMD (command -v debian-sa1 > /dev/null && debian-sa1 1 1)
Jul 15 12:17:01 device CRON[7182]: (root) CMD (   cd / && run-parts --report /etc/cron.hourly)
Jul 15 12:17:33 device wpa_supplicant[1219]: wlo1: WPA: Group rekeying completed with 00:15:ff:e3:f2:96 [GTK=CCMP]
Jul 15 12:25:01 device CRON[7219]: (root) CMD (command -v debian-sa1 > /dev/null && debian-sa1 1 1)
Jul 15 12:27:33 device wpa_supplicant[1219]: wlo1: WPA: Group rekeying completed with 00:15:ff:e3:f2:96 [GTK=CCMP]
Jul 15 12:30:01 device CRON[7299]: (root) CMD (/home/user/Documents/scripts/networking/ports > /home/user/Documents/scripts/logging/ports.log)
Jul 15 12:35:01 device CRON[7404]: (root) CMD (command -v debian-sa1 > /dev/null && debian-sa1 1 1)
Jul 15 12:37:33 device wpa_supplicant[1219]: wlo1: WPA: Group rekeying completed with 00:15:ff:e3:f2:96 [GTK=CCMP]
Jul 15 12:45:01 device CRON[7460]: (root) CMD (command -v debian-sa1 > /dev/null && debian-sa1 1 1)
Jul 15 12:47:33 device wpa_supplicant[1219]: wlo1: WPA: Group rekeying completed with 00:15:ff:e3:f2:96 [GTK=CCMP]
Jul 15 12:55:01 device CRON[7530]: (root) CMD (command -v debian-sa1 > /dev/null && debian-sa1 1 1)
Jul 15 12:57:34 device wpa_supplicant[1219]: wlo1: WPA: Group rekeying completed with 00:15:ff:e3:f2:96 [GTK=CCMP]
Jul 15 13:00:01 device CRON[7552]: (root) CMD (/home/user/Documents/scripts/networking/ports > /home/user/Documents/scripts/logging/ports.log)
Jul 15 13:00:01 device CRON[7553]: (root) CMD (timeshift --check --scripted)
Jul 15 13:00:01 device crontab[7592]: (root) LIST (root)
Jul 15 13:00:01 device crontab[7593]: (root) LIST (root)
Jul 15 13:03:43 device systemd[1]: Started Run anacron jobs.
Jul 15 13:03:43 device anacron[7623]: Anacron 2.3 started on 2019-07-15
Jul 15 13:03:43 device anacron[7623]: Normal exit (0 jobs run)
Jul 15 13:05:01 device CRON[7631]: (root) CMD (command -v debian-sa1 > /dev/null && debian-sa1 1 1)
Jul 15 13:07:34 device wpa_supplicant[1219]: wlo1: WPA: Group rekeying completed with 00:15:ff:e3:f2:96 [GTK=CCMP]
Jul 15 13:15:01 device CRON[7683]: (root) CMD (command -v debian-sa1 > /dev/null && debian-sa1 1 1)
Jul 15 13:17:01 device CRON[7755]: (root) CMD (   cd / && run-parts --report /etc/cron.hourly)
Jul 15 13:17:33 device wpa_supplicant[1219]: wlo1: WPA: Group rekeying completed with 00:15:ff:e3:f2:96 [GTK=CCMP]
Jul 15 13:25:01 device CRON[7900]: (root) CMD (command -v debian-sa1 > /dev/null && debian-sa1 1 1)
Jul 15 13:27:33 device wpa_supplicant[1219]: wlo1: WPA: Group rekeying completed with 00:15:ff:e3:f2:96 [GTK=CCMP]
Jul 15 13:30:01 device CRON[8011]: (root) CMD (/home/user/Documents/scripts/networking/ports > /home/user/Documents/scripts/logging/ports.log)
Jul 15 13:35:01 device CRON[8136]: (root) CMD (command -v debian-sa1 > /dev/null && debian-sa1 1 1)
Jul 15 13:37:33 device wpa_supplicant[1219]: wlo1: WPA: Group rekeying completed with 00:15:ff:e3:f2:96 [GTK=CCMP]
Jul 15 13:42:40 device systemd-resolved[1014]: Server returned error NXDOMAIN, mitigating potential DNS violation DVE-2018-0001, retrying transaction with reduced feature level UDP.
Jul 15 13:42:40 device systemd-resolved[1014]: message repeated 2 times: [ Server returned error NXDOMAIN, mitigating potential DNS violation DVE-2018-0001, retrying transaction with reduced feature level UDP.]
Jul 15 13:43:31 device systemd[1]: Starting Cleanup of Temporary Directories...
Jul 15 13:43:31 device systemd[1]: Started Cleanup of Temporary Directories.
Jul 15 13:45:01 device CRON[8979]: (root) CMD (command -v debian-sa1 > /dev/null && debian-sa1 1 1)
Jul 15 13:47:34 device wpa_supplicant[1219]: wlo1: WPA: Group rekeying completed with 00:15:ff:e3:f2:96 [GTK=CCMP]
Jul 15 13:55:01 device CRON[9020]: (root) CMD (command -v debian-sa1 > /dev/null && debian-sa1 1 1)
Jul 15 13:57:34 device wpa_supplicant[1219]: wlo1: WPA: Group rekeying completed with 00:15:ff:e3:f2:96 [GTK=CCMP]
Jul 15 14:00:01 device CRON[9049]: (root) CMD (/home/user/Documents/scripts/networking/ports > /home/user/Documents/scripts/logging/ports.log)
Jul 15 14:00:01 device CRON[9050]: (root) CMD (timeshift --check --scripted)
Jul 15 14:00:07 device crontab[9119]: (root) LIST (root)
Jul 15 14:00:07 device crontab[9120]: (root) LIST (root)
Jul 15 14:03:58 device systemd[1]: Started Run anacron jobs.
Jul 15 14:03:58 device anacron[9205]: Anacron 2.3 started on 2019-07-15
Jul 15 14:03:58 device anacron[9205]: Normal exit (0 jobs run)
Jul 15 14:05:01 device CRON[9214]: (root) CMD (command -v debian-sa1 > /dev/null && debian-sa1 1 1)
Jul 15 14:07:34 device wpa_supplicant[1219]: wlo1: WPA: Group rekeying completed with 00:15:ff:e3:f2:96 [GTK=CCMP]
Jul 15 14:15:01 device CRON[9464]: (root) CMD (command -v debian-sa1 > /dev/null && debian-sa1 1 1)
Jul 15 14:17:01 device CRON[9485]: (root) CMD (   cd / && run-parts --report /etc/cron.hourly)
Jul 15 14:17:34 device wpa_supplicant[1219]: wlo1: WPA: Group rekeying completed with 00:15:ff:e3:f2:96 [GTK=CCMP]
Jul 15 14:25:01 device CRON[9607]: (root) CMD (command -v debian-sa1 > /dev/null && debian-sa1 1 1)
Jul 15 14:27:34 device wpa_supplicant[1219]: wlo1: WPA: Group rekeying completed with 00:15:ff:e3:f2:96 [GTK=CCMP]
Jul 15 14:30:01 device CRON[9713]: (root) CMD (/home/user/Documents/scripts/networking/ports > /home/user/Documents/scripts/logging/ports.log)
Jul 15 14:35:01 device CRON[9790]: (root) CMD (command -v debian-sa1 > /dev/null && debian-sa1 1 1)
Jul 15 14:37:34 device wpa_supplicant[1219]: wlo1: WPA: Group rekeying completed with 00:15:ff:e3:f2:96 [GTK=CCMP]
Jul 15 14:45:01 device CRON[10035]: (root) CMD (command -v debian-sa1 > /dev/null && debian-sa1 1 1)
Jul 15 14:47:34 device wpa_supplicant[1219]: wlo1: WPA: Group rekeying completed with 00:15:ff:e3:f2:96 [GTK=CCMP]
Jul 15 14:55:01 device CRON[10174]: (root) CMD (command -v debian-sa1 > /dev/null && debian-sa1 1 1)
Jul 15 14:57:34 device wpa_supplicant[1219]: wlo1: WPA: Group rekeying completed with 00:15:ff:e3:f2:96 [GTK=CCMP]
Jul 15 15:00:01 device CRON[10210]: (root) CMD (/home/user/Documents/scripts/networking/ports > /home/user/Documents/scripts/logging/ports.log)
Jul 15 15:00:01 device CRON[10211]: (root) CMD (timeshift --check --scripted)
Jul 15 15:00:01 device crontab[10250]: (root) LIST (root)
Jul 15 15:00:01 device crontab[10251]: (root) LIST (root)
Jul 15 15:01:43 device systemd[1]: Started Run anacron jobs.
Jul 15 15:01:43 device anacron[10272]: Anacron 2.3 started on 2019-07-15
Jul 15 15:01:43 device anacron[10272]: Normal exit (0 jobs run)
Jul 15 15:05:01 device CRON[10283]: (root) CMD (command -v debian-sa1 > /dev/null && debian-sa1 1 1)
Jul 15 15:07:34 device wpa_supplicant[1219]: wlo1: WPA: Group rekeying completed with 00:15:ff:e3:f2:96 [GTK=CCMP]
Jul 15 15:15:01 device CRON[10421]: (root) CMD (command -v debian-sa1 > /dev/null && debian-sa1 1 1)
Jul 15 15:15:14 device org.x.reader.Daemon[1618]: UnregisterDocument URI 'file:///home/user/Documents/books/russia/a8d336ef-e98d-4a08-987d-b4c154b22700.pdf'
Jul 15 15:16:05 device cinnamon-session[1603]: GLib-GIO-CRITICAL: t+179030.49979s: g_dbus_connection_call_sync_internal: assertion 'G_IS_DBUS_CONNECTION (connection)' failed
Jul 15 15:16:05 device cinnamon-session[1603]: WARNING: t+179030.50021s: Requesting system restart...
Jul 15 15:16:05 device cinnamon-session[1603]: WARNING: t+179030.50036s: Attempting to restart using systemd...
Jul 15 15:16:05 device systemd[1]: Stopped target Bluetooth.
Jul 15 15:16:05 device systemd[1]: Stopping PackageKit Daemon...
Jul 15 15:16:05 device nvidia-persistenced: Received signal 15
Jul 15 15:16:05 device systemd[1]: Stopping NVIDIA Persistence Daemon...
Jul 15 15:16:05 device nvidia-persistenced: Socket closed.
Jul 15 15:16:05 device nvidia-persistenced: PID file unlocked.
Jul 15 15:16:05 device nvidia-persistenced: PID file closed.
Jul 15 15:16:05 device systemd[1]: Stopping Availability of block devices...
Jul 15 15:16:05 device nvidia-persistenced: The daemon no longer has permission to remove its runtime data directory /var/run/nvidia-persistenced
Jul 15 15:16:05 device nvidia-persistenced: Shutdown (1356)
Jul 15 15:16:05 device systemd[1]: Stopping Session c2 of user user.
Jul 15 15:16:05 device systemd[1]: Stopped target Timers.
Jul 15 15:16:05 device systemd[1]: Stopped Message of the Day.
Jul 15 15:16:05 device systemd[1]: Stopped Trigger anacron every hour.
Jul 15 15:16:05 device systemd[1]: Stopped Discard unused blocks once a week.
Jul 15 15:16:05 device systemd[1]: Stopped Daily Cleanup of Temporary Directories.
Jul 15 15:16:05 device systemd[1]: Stopped Stop ureadahead data collection 45s after completed startup.
Jul 15 15:16:05 device systemd[1]: Stopped target Graphical Interface.
Jul 15 15:16:05 device systemd[1]: Stopping Disk Manager...
Jul 15 15:16:05 device systemd[1]: Stopping Light Display Manager...
Jul 15 15:17:16 device systemd-modules-load[564]: Inserted module 'lp'
Jul 15 15:17:16 device systemd-modules-load[564]: Inserted module 'ppdev'
Jul 15 15:17:16 device systemd-modules-load[564]: Inserted module 'parport_pc'
Jul 15 15:17:16 device keyboard-setup.sh[558]: cannot open file /run/tmpkbd.HxBzpR
Jul 15 15:17:16 device systemd[1]: Starting Flush Journal to Persistent Storage...
Jul 15 15:17:16 device lvm[573]:   2 logical volume(s) in volume group "mint-vg" monitored
Jul 15 15:17:16 device systemd[1]: Started Monitoring of LVM2 mirrors, snapshots etc. using dmeventd or progress polling.
Jul 15 15:17:16 device systemd[1]: Started udev Kernel Device Manager.
Jul 15 15:17:16 device systemd[1]: Started udev Coldplug all Devices.
Jul 15 15:17:16 device systemd[1]: Created slice system-systemd\x2dbacklight.slice.
Jul 15 15:17:16 device systemd[1]: Starting Load/Save Screen Backlight Brightness of backlight:intel_backlight...
Jul 15 15:17:16 device systemd[1]: Started Load/Save Screen Backlight Brightness of backlight:intel_backlight.
Jul 15 15:17:16 device systemd[1]: Started Flush Journal to Persistent Storage.
Jul 15 15:17:16 device systemd-udevd[629]: link_config: autonegotiation is unset or enabled, the speed and duplex are not writable.
Jul 15 15:17:16 device systemd[1]: Found device Samsung SSD 970 EVO 250GB 3.
Jul 15 15:17:16 device mtp-probe: checking bus 1, device 6: "/sys/devices/pci0000:00/0000:00:14.0/usb1/1-8"
Jul 15 15:17:16 device mtp-probe: bus: 1, device: 6 was not an MTP device
Jul 15 15:17:16 device systemd[1]: Found device Samsung SSD 970 EVO 250GB EFI\x20System\x20Partition.
Jul 15 15:17:16 device mtp-probe: checking bus 1, device 2: "/sys/devices/pci0000:00/0000:00:14.0/usb1/1-2"
Jul 15 15:17:16 device mtp-probe: bus: 1, device: 2 was not an MTP device
Jul 15 15:17:16 device systemd[1]: Found device Samsung SSD 970 EVO 250GB 2.
Jul 15 15:17:16 device mtp-probe: checking bus 1, device 5: "/sys/devices/pci0000:00/0000:00:14.0/usb1/1-7"
Jul 15 15:17:16 device systemd[1]: Starting Cryptography Setup for nvme0n1p3_crypt...
Jul 15 15:17:16 device mtp-probe: bus: 1, device: 5 was not an MTP device
Jul 15 15:17:16 device kernel: [    0.000000] microcode: microcode updated early to revision 0xb4, date = 2019-04-01
Jul 15 15:17:16 device mtp-probe: checking bus 1, device 4: "/sys/devices/pci0000:00/0000:00:14.0/usb1/1-4"
Jul 15 15:17:16 device kernel: [    0.000000] Linux version 4.15.0-54-generic (buildd@lgw01-amd64-014) (gcc version 7.4.0 (Ubuntu 7.4.0-1ubuntu1~18.04.1)) #58-Ubuntu SMP Mon Jun 24 10:55:24 UTC 2019 (Ubuntu 4.15.0-54.58-generic 4.15.18)
Jul 15 15:17:16 device kernel: [    0.000000] Command line: BOOT_IMAGE=/vmlinuz-4.15.0-54-generic root=/dev/mapper/mint--vg-root ro quiet splash vt.handoff=1
Jul 15 15:17:16 device kernel: [    0.000000] KERNEL supported cpus:
Jul 15 15:17:16 device mtp-probe: bus: 1, device: 4 was not an MTP device
Jul 15 15:17:16 device kernel: [    0.000000]   Intel GenuineIntel
Jul 15 15:17:16 device kernel: [    0.000000]   AMD AuthenticAMD
Jul 15 15:17:16 device kernel: [    0.000000]   Centaur CentaurHauls
Jul 15 15:17:16 device kernel: [    0.000000] x86/fpu: Supporting XSAVE feature 0x001: 'x87 floating point registers'
Jul 15 15:17:16 device kernel: [    0.000000] x86/fpu: Supporting XSAVE feature 0x002: 'SSE registers'
Jul 15 15:17:16 device kernel: [    0.000000] x86/fpu: Supporting XSAVE feature 0x004: 'AVX registers'
Jul 15 15:17:16 device kernel: [    0.000000] x86/fpu: Supporting XSAVE feature 0x008: 'MPX bounds registers'
Jul 15 15:17:16 device systemd-cryptsetup[726]: Volume nvme0n1p3_crypt already active.
Jul 15 15:17:16 device kernel: [    0.000000] x86/fpu: Supporting XSAVE feature 0x010: 'MPX CSR'
Jul 15 15:17:16 device kernel: [    0.000000] x86/fpu: xstate_offset[2]:  576, xstate_sizes[2]:  256
Jul 15 15:17:16 device kernel: [    0.000000] x86/fpu: xstate_offset[3]:  832, xstate_sizes[3]:   64
Jul 15 15:17:16 device systemd[1]: Started Cryptography Setup for nvme0n1p3_crypt.
Jul 15 15:17:16 device kernel: [    0.000000] x86/fpu: xstate_offset[4]:  896, xstate_sizes[4]:   64
Jul 15 15:17:16 device kernel: [    0.000000] x86/fpu: Enabled xstate features 0x1f, context size is 960 bytes, using 'compacted' format.
Jul 15 15:17:16 device kernel: [    0.000000] e820: BIOS-provided physical RAM map:
Jul 15 15:17:16 device mtp-probe: checking bus 1, device 3: "/sys/devices/pci0000:00/0000:00:14.0/usb1/1-3"
Jul 15 15:17:16 device kernel: [    0.000000] BIOS-e820: [mem 0x0000000000000000-0x000000000009efff] usable
Jul 15 15:17:16 device kernel: [    0.000000] BIOS-e820: [mem 0x000000000009f000-0x00000000000fffff] reserved
Jul 15 15:17:16 device kernel: [    0.000000] BIOS-e820: [mem 0x0000000000100000-0x0000000078f11fff] usable
Jul 15 15:17:16 device kernel: [    0.000000] BIOS-e820: [mem 0x0000000078f12000-0x000000007a3b3fff] reserved
Jul 15 15:17:16 device kernel: [    0.000000] BIOS-e820: [mem 0x000000007a3b4000-0x000000007a430fff] ACPI data
Jul 15 15:17:16 device kernel: [    0.000000] BIOS-e820: [mem 0x000000007a431000-0x000000007a544fff] ACPI NVS
Jul 15 15:17:16 device kernel: [    0.000000] BIOS-e820: [mem 0x000000007a545000-0x000000007ab40fff] reserved
Jul 15 15:17:16 device mtp-probe: bus: 1, device: 3 was not an MTP device
Jul 15 15:17:16 device kernel: [    0.000000] BIOS-e820: [mem 0x000000007ab41000-0x000000007ac0dfff] type 20
Jul 15 15:17:16 device kernel: [    0.000000] BIOS-e820: [mem 0x000000007ac0e000-0x000000007ac0efff] usable
Jul 15 15:17:16 device kernel: [    0.000000] BIOS-e820: [mem 0x000000007ac0f000-0x000000007fffffff] reserved
Jul 15 15:17:16 device kernel: [    0.000000] BIOS-e820: [mem 0x00000000e0000000-0x00000000efffffff] reserved
Jul 15 15:17:16 device kernel: [    0.000000] BIOS-e820: [mem 0x00000000fe000000-0x00000000fe010fff] reserved
Jul 15 15:17:16 device kernel: [    0.000000] BIOS-e820: [mem 0x00000000fec00000-0x00000000fec00fff] reserved
Jul 15 15:17:16 device systemd-udevd[622]: link_config: autonegotiation is unset or enabled, the speed and duplex are not writable.
Jul 15 15:17:16 device kernel: [    0.000000] BIOS-e820: [mem 0x00000000fed00000-0x00000000fed03fff] reserved
Jul 15 15:17:16 device kernel: [    0.000000] BIOS-e820: [mem 0x00000000fee00000-0x00000000fee00fff] reserved
Jul 15 15:17:16 device kernel: [    0.000000] BIOS-e820: [mem 0x00000000ff000000-0x00000000ffffffff] reserved
Jul 15 15:17:16 device kernel: [    0.000000] BIOS-e820: [mem 0x0000000100000000-0x000000087dffffff] usable
Jul 15 15:17:16 device kernel: [    0.000000] NX (Execute Disable) protection: active
Jul 15 15:17:16 device kernel: [    0.000000] efi: EFI v2.60 by American Megatrends
Jul 15 15:17:16 device systemd[1]: Listening on Load/Save RF Kill Switch Status /dev/rfkill Watch.
Jul 15 15:17:16 device kernel: [    0.000000] efi:  ACPI 2.0=0x7a3cd000  ACPI=0x7a3cd000  SMBIOS=0x7a989000  SMBIOS 3.0=0x7a988000  ESRT=0x77677118  MEMATTR=0x75aba018 
Jul 15 15:17:16 device kernel: [    0.000000] secureboot: Secure boot could not be determined (mode 0)
Jul 15 15:17:16 device kernel: [    0.000000] SMBIOS 3.1.1 present.
Jul 15 15:17:16 device kernel: [    0.000000] DMI: ASUSTeK COMPUTER INC. Strix 15 GL503GE/GL503GE, BIOS GL503GE.308 06/11/2018
Jul 15 15:17:16 device systemd[1]: Starting Load/Save RF Kill Switch Status...
Jul 15 15:17:16 device kernel: [    0.000000] e820: update [mem 0x00000000-0x00000fff] usable ==> reserved
Jul 15 15:17:16 device kernel: [    0.000000] e820: remove [mem 0x000a0000-0x000fffff] usable
Jul 15 15:17:16 device kernel: [    0.000000] e820: last_pfn = 0x87e000 max_arch_pfn = 0x400000000
Jul 15 15:17:16 device kernel: [    0.000000] MTRR default type: uncachable
Jul 15 15:17:16 device kernel: [    0.000000] MTRR fixed ranges enabled:
Jul 15 15:17:16 device systemd[1]: Created slice system-lvm2\x2dpvscan.slice.
Jul 15 15:17:16 device kernel: [    0.000000]   00000-9FFFF write-back
Jul 15 15:17:16 device kernel: [    0.000000]   A0000-BFFFF uncachable
Jul 15 15:17:16 device kernel: [    0.000000]   C0000-FFFFF write-back
Jul 15 15:17:16 device kernel: [    0.000000] MTRR variable ranges enabled:
Jul 15 15:17:16 device kernel: [    0.000000]   0 base 0080000000 mask 7FF0000000 write-combining
Jul 15 15:17:16 device systemd[1]: Starting LVM2 PV scan on device 253:0...
Jul 15 15:17:16 device kernel: [    0.000000]   1 base 0000000000 mask 7F80000000 write-back
Jul 15 15:17:16 device kernel: [    0.000000]   2 base 007B800000 mask 7FFF800000 uncachable
Jul 15 15:17:16 device kernel: [    0.000000]   3 base 007C000000 mask 7FFC000000 uncachable
Jul 15 15:17:16 device kernel: [    0.000000]   4 base 0100000000 mask 7F00000000 write-back
Jul 15 15:17:16 device kernel: [    0.000000]   5 base 0200000000 mask 7E00000000 write-back
Jul 15 15:17:16 device kernel: [    0.000000]   6 base 0400000000 mask 7C00000000 write-back
Jul 15 15:17:16 device systemd[1]: Started Load/Save RF Kill Switch Status.
Jul 15 15:17:16 device kernel: [    0.000000]   7 base 0800000000 mask 7F80000000 write-back
Jul 15 15:17:16 device kernel: [    0.000000]   8 disabled
Jul 15 15:17:16 device kernel: [    0.000000]   9 disabled
Jul 15 15:17:16 device kernel: [    0.000000] x86/PAT: Configuration [0-7]: WB  WC  UC- UC  WB  WP  UC- WT  
Jul 15 15:17:16 device kernel: [    0.000000] e820: last_pfn = 0x7ac0f max_arch_pfn = 0x400000000
Jul 15 15:17:16 device kernel: [    0.000000] esrt: Reserving ESRT space from 0x0000000077677118 to 0x0000000077677150.
Jul 15 15:17:16 device systemd[1]: Found device /dev/disk/by-uuid/4469b545-f92d-493c-b7f8-51c1659baf4e.
Jul 15 15:17:16 device kernel: [    0.000000] Scanning 1 areas for low memory corruption
Jul 15 15:17:16 device kernel: [    0.000000] Base memory trampoline at [        (ptrval)] 98000 size 24576
Jul 15 15:17:16 device kernel: [    0.000000] Using GB pages for direct mapping
Jul 15 15:17:16 device kernel: [    0.000000] BRK [0x6ba13f000, 0x6ba13ffff] PGTABLE
Jul 15 15:17:16 device kernel: [    0.000000] BRK [0x6ba140000, 0x6ba140fff] PGTABLE
Jul 15 15:17:16 device systemd[1]: Starting Cryptography Setup for cryptswap1...
Jul 15 15:17:16 device kernel: [    0.000000] BRK [0x6ba141000, 0x6ba141fff] PGTABLE
Jul 15 15:17:16 device kernel: [    0.000000] BRK [0x6ba142000, 0x6ba142fff] PGTABLE
Jul 15 15:17:16 device kernel: [    0.000000] BRK [0x6ba143000, 0x6ba143fff] PGTABLE
Jul 15 15:17:16 device kernel: [    0.000000] BRK [0x6ba144000, 0x6ba144fff] PGTABLE
Jul 15 15:17:16 device kernel: [    0.000000] BRK [0x6ba145000, 0x6ba145fff] PGTABLE
Jul 15 15:17:16 device kernel: [    0.000000] BRK [0x6ba146000, 0x6ba146fff] PGTABLE
Jul 15 15:17:16 device kernel: [    0.000000] RAMDISK: [mem 0x30c8b000-0x3463cfff]
Jul 15 15:17:16 device kernel: [    0.000000] ACPI: Early table checksum verification disabled
Jul 15 15:17:16 device kernel: [    0.000000] ACPI: RSDP 0x000000007A3CD000 000024 (v02 _ASUS_)
Jul 15 15:17:16 device systemd-cryptsetup[872]: Set cipher aes, mode xts-plain64, key size 256 bits for device /dev/disk/by-uuid/4469b545-f92d-493c-b7f8-51c1659baf4e.
Jul 15 15:17:16 device kernel: [    0.000000] ACPI: XSDT 0x000000007A3CD0C0 0000FC (v01 _ASUS_ Notebook 01072009 AMI  00010013)
Jul 15 15:17:16 device kernel: [    0.000000] ACPI: FACP 0x000000007A40E690 000114 (v06 _ASUS_ Notebook 01072009 AMI  00010013)
Jul 15 15:17:16 device kernel: [    0.000000] ACPI: DSDT 0x000000007A3CD248 041442 (v02 _ASUS_ Notebook 01072009 INTL 20160527)
Jul 15 15:17:16 device kernel: [    0.000000] ACPI: FACS 0x000000007A544080 000040
Jul 15 15:17:16 device kernel: [    0.000000] ACPI: APIC 0x000000007A40E7A8 0000F4 (v04 _ASUS_ Notebook 01072009 AMI  00010013)
Jul 15 15:17:16 device kernel: [    0.000000] ACPI: FPDT 0x000000007A40E8A0 000044 (v01 _ASUS_ Notebook 01072009 AMI  00010013)
Jul 15 15:17:16 device lvm[860]:   2 logical volume(s) in volume group "mint-vg" now active
Jul 15 15:17:16 device kernel: [    0.000000] ACPI: FIDT 0x000000007A40E8E8 00009C (v01 _ASUS_ Notebook 01072009 AMI  00010013)
Jul 15 15:17:16 device kernel: [    0.000000] ACPI: MCFG 0x000000007A40E988 00003C (v01 _ASUS_ Notebook 01072009 MSFT 00000097)
Jul 15 15:17:16 device kernel: [    0.000000] ACPI: SSDT 0x000000007A40E9C8 000334 (v01 SataRe SataTabl 00001000 INTL 20160527)
Jul 15 15:17:16 device kernel: [    0.000000] ACPI: SSDT 0x000000007A40ED00 007114 (v02 DptfTa DptfTabl 00001000 INTL 20160527)
Jul 15 15:17:16 device kernel: [    0.000000] ACPI: SSDT 0x000000007A415E18 0017D5 (v02 CpuRef CpuSsdt  00003000 INTL 20160527)
Jul 15 15:17:16 device systemd[1]: Started LVM2 PV scan on device 253:0.
Jul 15 15:17:16 device kernel: [    0.000000] ACPI: MSDM 0x000000007A4175F0 000055 (v03 _ASUS_ Notebook 01072009 ASUS 00000001)
Jul 15 15:17:16 device kernel: [    0.000000] ACPI: SSDT 0x000000007A417648 0031D2 (v02 SaSsdt SaSsdt   00003000 INTL 20160527)
Jul 15 15:17:16 device kernel: [    0.000000] ACPI: SSDT 0x000000007A41A820 00215A (v02 PegSsd PegSsdt  00001000 INTL 20160527)
Jul 15 15:17:16 device kernel: [    0.000000] ACPI: HPET 0x000000007A41C980 000038 (v01 INTEL  Notebook 00000002      01000013)
Jul 15 15:17:16 device kernel: [    0.000000] ACPI: SSDT 0x000000007A41C9B8 000F9E (v02 INTEL  Ther_Rvp 00001000 INTL 20160527)
Jul 15 15:17:16 device kernel: [    0.000000] ACPI: SSDT 0x000000007A41D958 002951 (v02 INTEL  xh_cfhd4 00000000 INTL 20160527)
Jul 15 15:17:16 device kernel: [    0.000000] ACPI: UEFI 0x000000007A4202B0 000048 (v01 _ASUS_ Notebook 00000002      01000013)
Jul 15 15:17:16 device kernel: [    0.000000] ACPI: LPIT 0x000000007A4202F8 00005C (v01 INTEL  Notebook 00000002      01000013)
Jul 15 15:17:16 device kernel: [    0.000000] ACPI: WSMT 0x000000007A420358 000028 (v01 INTEL  Notebook 00000002      01000013)
Jul 15 15:17:16 device systemd[1]: Reached target Sound Card.
Jul 15 15:17:16 device kernel: [    0.000000] ACPI: SSDT 0x000000007A420380 0027DE (v02 INTEL  PtidDevc 00001000 INTL 20160527)
Jul 15 15:17:16 device kernel: [    0.000000] ACPI: SSDT 0x000000007A422B60 000FFE (v02 INTEL  TbtTypeC 00000000 INTL 20160527)
Jul 15 15:17:16 device kernel: [    0.000000] ACPI: DBGP 0x000000007A423B60 000034 (v01 _ASUS_ Notebook 00000002      01000013)
Jul 15 15:17:16 device kernel: [    0.000000] ACPI: DBG2 0x000000007A423B98 000054 (v00 _ASUS_ Notebook 00000002      01000013)
Jul 15 15:17:16 device kernel: [    0.000000] ACPI: SSDT 0x000000007A423BF0 0000AE (v02 SgRef  SgPeg    00001000 INTL 20160527)
Jul 15 15:17:16 device kernel: [    0.000000] ACPI: DMAR 0x000000007A423CA0 0000A8 (v01 INTEL  EDK2     00000002      01000013)
Jul 15 15:17:16 device kernel: [    0.000000] ACPI: BGRT 0x000000007A423D48 000038 (v01 _ASUS_ Notebook 01072009 AMI  00010013)
Jul 15 15:17:16 device mkswap[909]: Setting up swapspace version 1, size = 31.9 GiB (34204020736 bytes)
Jul 15 15:17:16 device mkswap[909]: no label, UUID=dbfc6daa-f778-4c35-829a-366c5c82138b
Jul 15 15:17:16 device systemd[1]: Started Cryptography Setup for cryptswap1.
Jul 15 15:17:16 device systemd[1]: Found device /dev/mapper/cryptswap1.
Jul 15 15:17:16 device systemd[1]: Activating swap /dev/mapper/cryptswap1...
Jul 15 15:17:16 device systemd[1]: Activated swap /dev/mapper/cryptswap1.
Jul 15 15:17:16 device systemd[1]: Reached target Swap.
Jul 15 15:17:16 device systemd[1]: Started Set the console keyboard layout.
Jul 15 15:17:16 device systemd[1]: Starting Show Plymouth Boot Screen...
Jul 15 15:17:16 device systemd[1]: Reached target Local File Systems (Pre).
Jul 15 15:17:16 device systemd[1]: Starting File System Check on /dev/disk/by-uuid/30b33230-37b8-4af4-a848-9687d78ffbd0...
Jul 15 15:17:16 device systemd[1]: Starting File System Check on /dev/disk/by-uuid/8F1E-0D18...
Jul 15 15:17:16 device systemd[1]: Started File System Check Daemon to report status.
Jul 15 15:17:16 device systemd-fsck[970]: /dev/nvme0n1p2: clean, 309/46848 files, 63399/187392 blocks
Jul 15 15:17:16 device systemd[1]: Started File System Check on /dev/disk/by-uuid/30b33230-37b8-4af4-a848-9687d78ffbd0.
Jul 15 15:17:16 device systemd[1]: Mounting /boot...
Jul 15 15:17:16 device systemd-fsck[971]: fsck.fat 4.1 (2017-01-24)
Jul 15 15:17:16 device systemd-fsck[971]: /dev/nvme0n1p1: 14 files, 1589/130812 clusters
Jul 15 15:17:16 device systemd[1]: Started File System Check on /dev/disk/by-uuid/8F1E-0D18.
Jul 15 15:17:16 device systemd[1]: Started Show Plymouth Boot Screen.
Jul 15 15:17:16 device systemd[1]: Started Forward Password Requests to Plymouth Directory Watch.
Jul 15 15:17:16 device kernel: [    0.000000] ACPI: BGRT 0x000000007A423D80 000038 (v01 _ASUS_ Notebook 01072009 AMI  00010013)
Jul 15 15:17:16 device kernel: [    0.000000] ACPI: TPM2 0x000000007A423DB8 000034 (v04 _ASUS_ Notebook 00000001 AMI  00000000)
Jul 15 15:17:16 device kernel: [    0.000000] ACPI: SSDT 0x000000007A423DF0 001F84 (v01 OptRef OptTabl  00001000 INTL 20160527)
Jul 15 15:17:16 device kernel: [    0.000000] ACPI: Local APIC address 0xfee00000
Jul 15 15:17:16 device kernel: [    0.000000] No NUMA configuration found
Jul 15 15:17:16 device systemd[1]: Reached target Local Encrypted Volumes.
Jul 15 15:17:16 device kernel: [    0.000000] Faking a node at [mem 0x0000000000000000-0x000000087dffffff]
Jul 15 15:17:16 device kernel: [    0.000000] NODE_DATA(0) allocated [mem 0x87dfd5000-0x87dffffff]
Jul 15 15:17:16 device systemd[1]: Mounted /boot.
Jul 15 15:17:16 device kernel: [    0.000000] Zone ranges:
Jul 15 15:17:16 device kernel: [    0.000000]   DMA      [mem 0x0000000000001000-0x0000000000ffffff]
Jul 15 15:17:16 device kernel: [    0.000000]   DMA32    [mem 0x0000000001000000-0x00000000ffffffff]
Jul 15 15:17:16 device kernel: [    0.000000]   Normal   [mem 0x0000000100000000-0x000000087dffffff]
Jul 15 15:17:16 device kernel: [    0.000000]   Device   empty
Jul 15 15:17:16 device systemd[1]: Mounting /boot/efi...
Jul 15 15:17:16 device kernel: [    0.000000] Movable zone start for each node
Jul 15 15:17:16 device kernel: [    0.000000] Early memory node ranges
Jul 15 15:17:16 device kernel: [    0.000000]   node   0: [mem 0x0000000000001000-0x000000000009efff]
Jul 15 15:17:16 device kernel: [    0.000000]   node   0: [mem 0x0000000000100000-0x0000000078f11fff]
Jul 15 15:17:16 device kernel: [    0.000000]   node   0: [mem 0x000000007ac0e000-0x000000007ac0efff]
Jul 15 15:17:16 device kernel: [    0.000000]   node   0: [mem 0x0000000100000000-0x000000087dffffff]
Jul 15 15:17:16 device systemd[1]: Mounted /boot/efi.
Jul 15 15:17:16 device kernel: [    0.000000] Reserved but unavailable: 29007 pages
Jul 15 15:17:16 device kernel: [    0.000000] Initmem setup node 0 [mem 0x0000000000001000-0x000000087dffffff]
Jul 15 15:17:16 device kernel: [    0.000000] On node 0 totalpages: 8351409
Jul 15 15:17:16 device kernel: [    0.000000]   DMA zone: 64 pages used for memmap
Jul 15 15:17:16 device kernel: [    0.000000]   DMA zone: 23 pages reserved
Jul 15 15:17:16 device kernel: [    0.000000]   DMA zone: 3998 pages, LIFO batch:0
Jul 15 15:17:16 device kernel: [    0.000000]   DMA32 zone: 7677 pages used for memmap
Jul 15 15:17:16 device kernel: [    0.000000]   DMA32 zone: 491283 pages, LIFO batch:31
Jul 15 15:17:16 device systemd[1]: Reached target Local File Systems.
Jul 15 15:17:16 device kernel: [    0.000000]   Normal zone: 122752 pages used for memmap
Jul 15 15:17:16 device kernel: [    0.000000]   Normal zone: 7856128 pages, LIFO batch:31
Jul 15 15:17:16 device kernel: [    0.000000] Reserving Intel graphics memory at 0x000000007c000000-0x000000007fffffff
Jul 15 15:17:16 device systemd[1]: Starting Clean up any mess left by 0dns-up...
Jul 15 15:17:16 device kernel: [    0.000000] ACPI: PM-Timer IO Port: 0x1808
Jul 15 15:17:16 device kernel: [    0.000000] ACPI: Local APIC address 0xfee00000
Jul 15 15:17:16 device kernel: [    0.000000] ACPI: LAPIC_NMI (acpi_id[0x01] high edge lint[0x1])
Jul 15 15:17:16 device systemd[1]: Starting Set console font and keymap...
Jul 15 15:17:16 device kernel: [    0.000000] ACPI: LAPIC_NMI (acpi_id[0x02] high edge lint[0x1])
Jul 15 15:17:16 device systemd[1]: Starting AppArmor initialization...
Jul 15 15:17:16 device kernel: [    0.000000] ACPI: LAPIC_NMI (acpi_id[0x03] high edge lint[0x1])
Jul 15 15:17:16 device kernel: [    0.000000] ACPI: LAPIC_NMI (acpi_id[0x04] high edge lint[0x1])
Jul 15 15:17:16 device kernel: [    0.000000] ACPI: LAPIC_NMI (acpi_id[0x05] high edge lint[0x1])
Jul 15 15:17:16 device systemd[1]: Starting Create Volatile Files and Directories...
Jul 15 15:17:16 device kernel: [    0.000000] ACPI: LAPIC_NMI (acpi_id[0x06] high edge lint[0x1])
Jul 15 15:17:16 device kernel: [    0.000000] ACPI: LAPIC_NMI (acpi_id[0x07] high edge lint[0x1])
Jul 15 15:17:16 device kernel: [    0.000000] ACPI: LAPIC_NMI (acpi_id[0x08] high edge lint[0x1])
Jul 15 15:17:16 device kernel: [    0.000000] ACPI: LAPIC_NMI (acpi_id[0x09] high edge lint[0x1])
Jul 15 15:17:16 device systemd[1]: Starting Tell Plymouth To Write Out Runtime Data...
Jul 15 15:17:16 device kernel: [    0.000000] ACPI: LAPIC_NMI (acpi_id[0x0a] high edge lint[0x1])
Jul 15 15:17:16 device kernel: [    0.000000] ACPI: LAPIC_NMI (acpi_id[0x0b] high edge lint[0x1])
Jul 15 15:17:16 device kernel: [    0.000000] ACPI: LAPIC_NMI (acpi_id[0x0c] high edge lint[0x1])
Jul 15 15:17:16 device kernel: [    0.000000] IOAPIC[0]: apic_id 2, version 32, address 0xfec00000, GSI 0-119
Jul 15 15:17:16 device kernel: [    0.000000] ACPI: INT_SRC_OVR (bus 0 bus_irq 0 global_irq 2 dfl dfl)
Jul 15 15:17:16 device kernel: [    0.000000] ACPI: INT_SRC_OVR (bus 0 bus_irq 9 global_irq 9 high level)
Jul 15 15:17:16 device systemd[1]: Started Set console font and keymap.
Jul 15 15:17:16 device kernel: [    0.000000] ACPI: IRQ0 used by override.
Jul 15 15:17:16 device kernel: [    0.000000] ACPI: IRQ9 used by override.
Jul 15 15:17:16 device kernel: [    0.000000] Using ACPI (MADT) for SMP configuration information
Jul 15 15:17:16 device kernel: [    0.000000] ACPI: HPET id: 0x8086a201 base: 0xfed00000
Jul 15 15:17:16 device kernel: [    0.000000] smpboot: Allowing 12 CPUs, 0 hotplug CPUs
Jul 15 15:17:16 device kernel: [    0.000000] PM: Registered nosave memory: [mem 0x00000000-0x00000fff]
Jul 15 15:17:16 device kernel: [    0.000000] PM: Registered nosave memory: [mem 0x0009f000-0x000fffff]
Jul 15 15:17:16 device kernel: [    0.000000] PM: Registered nosave memory: [mem 0x78f12000-0x7a3b3fff]
Jul 15 15:17:16 device kernel: [    0.000000] PM: Registered nosave memory: [mem 0x7a3b4000-0x7a430fff]
Jul 15 15:17:16 device kernel: [    0.000000] PM: Registered nosave memory: [mem 0x7a431000-0x7a544fff]
Jul 15 15:17:16 device kernel: [    0.000000] PM: Registered nosave memory: [mem 0x7a545000-0x7ab40fff]
Jul 15 15:17:16 device kernel: [    0.000000] PM: Registered nosave memory: [mem 0x7ab41000-0x7ac0dfff]
Jul 15 15:17:16 device systemd[1]: Started Clean up any mess left by 0dns-up.
Jul 15 15:17:16 device kernel: [    0.000000] PM: Registered nosave memory: [mem 0x7ac0f000-0x7fffffff]
Jul 15 15:17:16 device kernel: [    0.000000] PM: Registered nosave memory: [mem 0x80000000-0xdfffffff]
Jul 15 15:17:16 device kernel: [    0.000000] PM: Registered nosave memory: [mem 0xe0000000-0xefffffff]
Jul 15 15:17:16 device kernel: [    0.000000] PM: Registered nosave memory: [mem 0xf0000000-0xfdffffff]
Jul 15 15:17:16 device kernel: [    0.000000] PM: Registered nosave memory: [mem 0xfe000000-0xfe010fff]
Jul 15 15:17:16 device kernel: [    0.000000] PM: Registered nosave memory: [mem 0xfe011000-0xfebfffff]
Jul 15 15:17:16 device kernel: [    0.000000] PM: Registered nosave memory: [mem 0xfec00000-0xfec00fff]
Jul 15 15:17:16 device apparmor[986]:  * Starting AppArmor profiles
Jul 15 15:17:16 device kernel: [    0.000000] PM: Registered nosave memory: [mem 0xfec01000-0xfecfffff]
Jul 15 15:17:16 device kernel: [    0.000000] PM: Registered nosave memory: [mem 0xfed00000-0xfed03fff]
Jul 15 15:17:16 device kernel: [    0.000000] PM: Registered nosave memory: [mem 0xfed04000-0xfedfffff]
Jul 15 15:17:16 device kernel: [    0.000000] PM: Registered nosave memory: [mem 0xfee00000-0xfee00fff]
Jul 15 15:17:16 device kernel: [    0.000000] PM: Registered nosave memory: [mem 0xfee01000-0xfeffffff]
Jul 15 15:17:16 device kernel: [    0.000000] PM: Registered nosave memory: [mem 0xff000000-0xffffffff]
Jul 15 15:17:16 device kernel: [    0.000000] e820: [mem 0x80000000-0xdfffffff] available for PCI devices
Jul 15 15:17:16 device systemd[1]: Started Tell Plymouth To Write Out Runtime Data.
Jul 15 15:17:16 device kernel: [    0.000000] Booting paravirtualized kernel on bare hardware
Jul 15 15:17:16 device kernel: [    0.000000] clocksource: refined-jiffies: mask: 0xffffffff max_cycles: 0xffffffff, max_idle_ns: 7645519600211568 ns
Jul 15 15:17:16 device kernel: [    0.000000] random: get_random_bytes called from start_kernel+0x99/0x4fd with crng_init=0
Jul 15 15:17:16 device kernel: [    0.000000] setup_percpu: NR_CPUS:8192 nr_cpumask_bits:12 nr_cpu_ids:12 nr_node_ids:1
Jul 15 15:17:16 device kernel: [    0.000000] percpu: Embedded 46 pages/cpu @        (ptrval) s151552 r8192 d28672 u262144
Jul 15 15:17:16 device kernel: [    0.000000] pcpu-alloc: s151552 r8192 d28672 u262144 alloc=1*2097152
Jul 15 15:17:16 device kernel: [    0.000000] pcpu-alloc: [0] 00 01 02 03 04 05 06 07 [0] 08 09 10 11 -- -- -- -- 
Jul 15 15:17:16 device systemd[1]: Started Create Volatile Files and Directories.
Jul 15 15:17:16 device kernel: [    0.000000] Built 1 zonelists, mobility grouping on.  Total pages: 8220893
Jul 15 15:17:16 device kernel: [    0.000000] Policy zone: Normal
Jul 15 15:17:16 device kernel: [    0.000000] Kernel command line: BOOT_IMAGE=/vmlinuz-4.15.0-54-generic root=/dev/mapper/mint--vg-root ro quiet splash vt.handoff=1
