Jul 16 00:10:08 device rsyslogd:  [origin software="rsyslogd" swVersion="8.32.0" x-pid="1190" x-info="http://www.rsyslog.com"] rsyslogd was HUPed
Jul 16 00:10:18 device anacron[9616]: Job `cron.daily' terminated
Jul 16 00:10:18 device anacron[9616]: Normal exit (1 job run)
Jul 16 00:14:33 device cinnamon-session[1714]: WARNING: t+32226.94589s: Client '/org/gnome/SessionManager/Client32' failed to reply before timeout
Jul 16 00:15:01 device CRON[9881]: (root) CMD (command -v debian-sa1 > /dev/null && debian-sa1 1 1)
Jul 16 00:15:04 device cinnamon-session[1714]: GLib-GIO-CRITICAL: t+32257.94678s: g_dbus_connection_call_sync_internal: assertion 'G_IS_DBUS_CONNECTION (connection)' failed
Jul 16 00:15:04 device cinnamon-session[1714]: WARNING: t+32257.94689s: Requesting system shutdown...
Jul 16 00:15:04 device cinnamon-session[1714]: WARNING: t+32257.94703s: Attempting to shutdown using systemd...
Jul 16 00:15:04 device systemd[1]: Stopping User Manager for UID 1000...
Jul 16 00:15:04 device systemd[1]: Closed Load/Save RF Kill Switch Status /dev/rfkill Watch.
Jul 16 00:15:04 device systemd[1]: Stopped Stop ureadahead data collection 45s after completed startup.
Jul 16 00:15:04 device systemd[1684]: Stopping Virtual filesystem service - Apple File Conduit monitor...
Jul 16 00:15:04 device systemd[1684]: Stopping Virtual filesystem service - digital camera monitor...
Jul 16 00:15:04 device systemd[1684]: Stopping Virtual filesystem service - GNOME Online Accounts monitor...
Jul 16 00:15:04 device systemd[1684]: Stopping Virtual filesystem service - disk device monitor...
Jul 16 00:15:04 device systemd[1684]: Stopped target Default.
Jul 16 00:15:04 device systemd[1684]: Stopping Virtual filesystem service - Media Transfer Protocol monitor...
Jul 16 00:15:04 device systemd[1]: Stopping LVM2 PV scan on device 253:0...
Jul 16 00:15:04 device systemd[1684]: Stopping Virtual filesystem metadata service...
Jul 16 00:15:04 device systemd[1684]: Stopping Virtual filesystem service...
Jul 16 00:15:04 device systemd[1684]: Stopping D-Bus User Message Bus...
Jul 16 00:15:04 device systemd[1684]: Stopped Virtual filesystem service - Media Transfer Protocol monitor.
Jul 16 00:15:04 device systemd[1]: Stopping Session c2 of user user.
Jul 16 00:15:04 device systemd[1]: Stopped target Graphical Interface.
Jul 16 00:15:04 device systemd[1684]: Stopped Virtual filesystem service - GNOME Online Accounts monitor.
Jul 16 00:15:04 device systemd[1684]: Stopped Virtual filesystem service - digital camera monitor.
Jul 16 00:15:04 device systemd[1]: Stopping Daemon for power management...
Jul 16 00:15:04 device systemd[1]: Stopping Light Display Manager...
Jul 16 00:15:04 device nvidia-persistenced: Received signal 15
Jul 16 00:15:04 device nvidia-persistenced: Socket closed.
Jul 16 00:15:04 device systemd[1]: Stopping NVIDIA Persistence Daemon...
Jul 16 00:15:04 device nvidia-persistenced: PID file unlocked.
Jul 16 00:15:04 device systemd[1]: Stopped target Bluetooth.
Jul 16 00:15:04 device nvidia-persistenced: PID file closed.
Jul 16 00:15:04 device systemd[1]: Stopping Bluetooth service...
Jul 16 00:15:04 device nvidia-persistenced: The daemon no longer has permission to remove its runtime data directory /var/run/nvidia-persistenced
Jul 16 00:15:04 device systemd[1]: Stopping PackageKit Daemon...
Jul 16 00:15:04 device nvidia-persistenced: Shutdown (1356)
Jul 16 00:15:04 device systemd[1]: Stopped target Timers.
Jul 16 00:15:04 device bluetoothd[1207]: Terminating
Jul 16 00:15:04 device systemd[1]: Stopped Trigger anacron every hour.
Jul 16 00:15:04 device bluetoothd[1207]: Endpoint unregistered: sender=:1.52 path=/MediaEndpoint/A2DPSource
Jul 16 00:15:04 device systemd[1]: Stopped target Sound Card.
Jul 16 00:15:04 device bluetoothd[1207]: Endpoint unregistered: sender=:1.52 path=/MediaEndpoint/A2DPSink
Jul 16 00:15:04 device systemd[1]: Stopped Daily Cleanup of Temporary Directories.
Jul 16 00:15:04 device systemd[1]: Stopped Message of the Day.
Jul 16 00:15:04 device systemd[1]: Stopping Accounts Service...
Jul 16 00:15:04 device systemd[1]: Stopping Authorization Manager...
Jul 16 00:15:04 device systemd[1]: Stopped target Multi-User System.
Jul 16 00:15:04 device systemd[1]: Stopping Regular background program processing daemon...
Jul 16 00:15:04 device systemd[1]: Stopping Ubuntu system adjustments...
Jul 16 00:15:04 device bluetoothd[1207]: Stopping SDP server
Jul 16 00:15:04 device bluetoothd[1207]: Exit
Jul 16 00:15:04 device systemd[1]: Stopping LSB: automatic crash report generation...
Jul 16 00:15:04 device systemd[1]: Stopping Thermal Daemon Service...
Jul 16 00:15:04 device systemd[1]: Stopped Initialize hardware monitoring sensors.
Jul 16 00:15:04 device thermald[1185]: Terminating ...
Jul 16 00:15:04 device NetworkManager[1198]: <info>  [1563250504.8325] bluez5: NAP: removed interface 34:E1:2D:E4:1D:3E
Jul 16 00:15:04 device systemd[1684]: Stopped Virtual filesystem metadata service.
Jul 16 00:15:04 device systemd[1]: Stopping LSB: VirtualBox Linux kernel module...
Jul 16 00:15:04 device systemd[1684]: Stopped Accessibility services bus.
Jul 16 00:15:04 device systemd[1]: Stopping LSB: Lightweight network intrusion detection system...
Jul 16 00:15:04 device systemd[1]: Stopped OpenVPN service.
Jul 16 00:15:04 device systemd[1]: Stopping Tool to automatically collect and submit kernel crash signatures...
Jul 16 00:15:04 device systemd[1]: Stopping Dispatcher daemon for systemd-networkd...
Jul 16 00:15:04 device systemd[1]: Stopping Make remote CUPS printers available locally...
Jul 16 00:15:04 device systemd[1]: Stopping LSB: Record successful boot for GRUB...
Jul 16 07:34:50 device systemd-modules-load[562]: Inserted module 'lp'
Jul 16 07:34:50 device systemd-modules-load[562]: Inserted module 'ppdev'
Jul 16 07:34:50 device systemd-modules-load[562]: Inserted module 'parport_pc'
Jul 16 07:34:50 device keyboard-setup.sh[552]: cannot open file /run/tmpkbd.HxBzpR
Jul 16 07:34:50 device systemd[1]: Starting Flush Journal to Persistent Storage...
Jul 16 07:34:50 device lvm[565]:   2 logical volume(s) in volume group "mint-vg" monitored
Jul 16 07:34:50 device mtp-probe: checking bus 1, device 5: "/sys/devices/pci0000:00/0000:00:14.0/usb1/1-7"
Jul 16 07:34:50 device systemd[1]: Started udev Kernel Device Manager.
Jul 16 07:34:50 device mtp-probe: checking bus 1, device 3: "/sys/devices/pci0000:00/0000:00:14.0/usb1/1-3"
Jul 16 07:34:50 device systemd[1]: Started Monitoring of LVM2 mirrors, snapshots etc. using dmeventd or progress polling.
Jul 16 07:34:50 device mtp-probe: bus: 1, device: 3 was not an MTP device
Jul 16 07:34:50 device systemd[1]: Started udev Coldplug all Devices.
Jul 16 07:34:50 device mtp-probe: bus: 1, device: 5 was not an MTP device
Jul 16 07:34:50 device kernel: [    0.000000] microcode: microcode updated early to revision 0xb4, date = 2019-04-01
Jul 16 07:34:50 device systemd[1]: Created slice system-systemd\x2dbacklight.slice.
Jul 16 07:34:50 device kernel: [    0.000000] Linux version 4.15.0-54-generic (buildd@lgw01-amd64-014) (gcc version 7.4.0 (Ubuntu 7.4.0-1ubuntu1~18.04.1)) #58-Ubuntu SMP Mon Jun 24 10:55:24 UTC 2019 (Ubuntu 4.15.0-54.58-generic 4.15.18)
Jul 16 07:34:50 device kernel: [    0.000000] Command line: BOOT_IMAGE=/vmlinuz-4.15.0-54-generic root=/dev/mapper/mint--vg-root ro quiet splash vt.handoff=1
Jul 16 07:34:50 device kernel: [    0.000000] KERNEL supported cpus:
Jul 16 07:34:50 device mtp-probe: checking bus 1, device 6: "/sys/devices/pci0000:00/0000:00:14.0/usb1/1-8"
Jul 16 07:34:50 device kernel: [    0.000000]   Intel GenuineIntel
Jul 16 07:34:50 device kernel: [    0.000000]   AMD AuthenticAMD
Jul 16 07:34:50 device kernel: [    0.000000]   Centaur CentaurHauls
Jul 16 07:34:50 device kernel: [    0.000000] x86/fpu: Supporting XSAVE feature 0x001: 'x87 floating point registers'
Jul 16 07:34:50 device kernel: [    0.000000] x86/fpu: Supporting XSAVE feature 0x002: 'SSE registers'
Jul 16 07:34:50 device kernel: [    0.000000] x86/fpu: Supporting XSAVE feature 0x004: 'AVX registers'
Jul 16 07:34:50 device systemd[1]: Starting Load/Save Screen Backlight Brightness of backlight:intel_backlight...
Jul 16 07:34:50 device kernel: [    0.000000] x86/fpu: Supporting XSAVE feature 0x008: 'MPX bounds registers'
Jul 16 07:34:50 device kernel: [    0.000000] x86/fpu: Supporting XSAVE feature 0x010: 'MPX CSR'
Jul 16 07:34:50 device mtp-probe: bus: 1, device: 6 was not an MTP device
Jul 16 07:34:50 device kernel: [    0.000000] x86/fpu: xstate_offset[2]:  576, xstate_sizes[2]:  256
Jul 16 07:34:50 device kernel: [    0.000000] x86/fpu: xstate_offset[3]:  832, xstate_sizes[3]:   64
Jul 16 07:34:50 device kernel: [    0.000000] x86/fpu: xstate_offset[4]:  896, xstate_sizes[4]:   64
Jul 16 07:34:50 device kernel: [    0.000000] x86/fpu: Enabled xstate features 0x1f, context size is 960 bytes, using 'compacted' format.
Jul 16 07:34:50 device kernel: [    0.000000] e820: BIOS-provided physical RAM map:
Jul 16 07:34:50 device kernel: [    0.000000] BIOS-e820: [mem 0x0000000000000000-0x000000000009efff] usable
Jul 16 07:34:50 device kernel: [    0.000000] BIOS-e820: [mem 0x000000000009f000-0x00000000000fffff] reserved
Jul 16 07:34:50 device kernel: [    0.000000] BIOS-e820: [mem 0x0000000000100000-0x0000000078f11fff] usable
Jul 16 07:34:50 device systemd[1]: Started Load/Save Screen Backlight Brightness of backlight:intel_backlight.
Jul 16 07:34:50 device kernel: [    0.000000] BIOS-e820: [mem 0x0000000078f12000-0x000000007a3b3fff] reserved
Jul 16 07:34:50 device kernel: [    0.000000] BIOS-e820: [mem 0x000000007a3b4000-0x000000007a430fff] ACPI data
Jul 16 07:34:50 device kernel: [    0.000000] BIOS-e820: [mem 0x000000007a431000-0x000000007a544fff] ACPI NVS
Jul 16 07:34:50 device kernel: [    0.000000] BIOS-e820: [mem 0x000000007a545000-0x000000007ab40fff] reserved
Jul 16 07:34:50 device mtp-probe: checking bus 1, device 2: "/sys/devices/pci0000:00/0000:00:14.0/usb1/1-2"
Jul 16 07:34:50 device kernel: [    0.000000] BIOS-e820: [mem 0x000000007ab41000-0x000000007ac0dfff] type 20
Jul 16 07:34:50 device kernel: [    0.000000] BIOS-e820: [mem 0x000000007ac0e000-0x000000007ac0efff] usable
Jul 16 07:34:50 device kernel: [    0.000000] BIOS-e820: [mem 0x000000007ac0f000-0x000000007fffffff] reserved
Jul 16 07:34:50 device kernel: [    0.000000] BIOS-e820: [mem 0x00000000e0000000-0x00000000efffffff] reserved
Jul 16 07:34:50 device kernel: [    0.000000] BIOS-e820: [mem 0x00000000fe000000-0x00000000fe010fff] reserved
Jul 16 07:34:50 device kernel: [    0.000000] BIOS-e820: [mem 0x00000000fec00000-0x00000000fec00fff] reserved
Jul 16 07:34:50 device systemd[1]: Started Flush Journal to Persistent Storage.
Jul 16 07:34:50 device kernel: [    0.000000] BIOS-e820: [mem 0x00000000fed00000-0x00000000fed03fff] reserved
Jul 16 07:34:50 device kernel: [    0.000000] BIOS-e820: [mem 0x00000000fee00000-0x00000000fee00fff] reserved
Jul 16 07:34:50 device kernel: [    0.000000] BIOS-e820: [mem 0x00000000ff000000-0x00000000ffffffff] reserved
Jul 16 07:34:50 device kernel: [    0.000000] BIOS-e820: [mem 0x0000000100000000-0x000000087dffffff] usable
Jul 16 07:34:50 device kernel: [    0.000000] NX (Execute Disable) protection: active
Jul 16 07:34:50 device kernel: [    0.000000] efi: EFI v2.60 by American Megatrends
Jul 16 07:34:50 device kernel: [    0.000000] efi:  ACPI 2.0=0x7a3cd000  ACPI=0x7a3cd000  SMBIOS=0x7a989000  SMBIOS 3.0=0x7a988000  ESRT=0x77677118  MEMATTR=0x75aba018 
Jul 16 07:34:50 device mtp-probe: bus: 1, device: 2 was not an MTP device
Jul 16 07:34:50 device kernel: [    0.000000] secureboot: Secure boot could not be determined (mode 0)
Jul 16 07:34:50 device kernel: [    0.000000] SMBIOS 3.1.1 present.
Jul 16 07:34:50 device kernel: [    0.000000] DMI: ASUSTeK COMPUTER INC. Strix 15 GL503GE/GL503GE, BIOS GL503GE.308 06/11/2018
Jul 16 07:34:50 device mtp-probe: checking bus 1, device 4: "/sys/devices/pci0000:00/0000:00:14.0/usb1/1-4"
Jul 16 07:34:50 device kernel: [    0.000000] e820: update [mem 0x00000000-0x00000fff] usable ==> reserved
Jul 16 07:34:50 device kernel: [    0.000000] e820: remove [mem 0x000a0000-0x000fffff] usable
Jul 16 07:34:50 device kernel: [    0.000000] e820: last_pfn = 0x87e000 max_arch_pfn = 0x400000000
Jul 16 07:34:50 device mtp-probe: bus: 1, device: 4 was not an MTP device
Jul 16 07:34:50 device kernel: [    0.000000] MTRR default type: uncachable
Jul 16 07:34:50 device kernel: [    0.000000] MTRR fixed ranges enabled:
Jul 16 07:34:50 device kernel: [    0.000000]   00000-9FFFF write-back
Jul 16 07:34:50 device kernel: [    0.000000]   A0000-BFFFF uncachable
Jul 16 07:34:50 device kernel: [    0.000000]   C0000-FFFFF write-back
Jul 16 07:34:50 device kernel: [    0.000000] MTRR variable ranges enabled:
Jul 16 07:34:50 device kernel: [    0.000000]   0 base 0080000000 mask 7FF0000000 write-combining
Jul 16 07:34:50 device kernel: [    0.000000]   1 base 0000000000 mask 7F80000000 write-back
Jul 16 07:34:50 device kernel: [    0.000000]   2 base 007B800000 mask 7FFF800000 uncachable
Jul 16 07:34:50 device kernel: [    0.000000]   3 base 007C000000 mask 7FFC000000 uncachable
Jul 16 07:34:50 device kernel: [    0.000000]   4 base 0100000000 mask 7F00000000 write-back
Jul 16 07:34:50 device systemd-udevd[625]: link_config: autonegotiation is unset or enabled, the speed and duplex are not writable.
Jul 16 07:34:50 device kernel: [    0.000000]   5 base 0200000000 mask 7E00000000 write-back
Jul 16 07:34:50 device kernel: [    0.000000]   6 base 0400000000 mask 7C00000000 write-back
Jul 16 07:34:50 device kernel: [    0.000000]   7 base 0800000000 mask 7F80000000 write-back
Jul 16 07:34:50 device kernel: [    0.000000]   8 disabled
Jul 16 07:34:50 device kernel: [    0.000000]   9 disabled
Jul 16 07:34:50 device kernel: [    0.000000] x86/PAT: Configuration [0-7]: WB  WC  UC- UC  WB  WP  UC- WT  
Jul 16 07:34:50 device kernel: [    0.000000] e820: last_pfn = 0x7ac0f max_arch_pfn = 0x400000000
Jul 16 07:34:50 device kernel: [    0.000000] esrt: Reserving ESRT space from 0x0000000077677118 to 0x0000000077677150.
Jul 16 07:34:50 device systemd[1]: Listening on Load/Save RF Kill Switch Status /dev/rfkill Watch.
Jul 16 07:34:50 device kernel: [    0.000000] Scanning 1 areas for low memory corruption
Jul 16 07:34:50 device kernel: [    0.000000] Base memory trampoline at [        (ptrval)] 98000 size 24576
Jul 16 07:34:50 device systemd[1]: Starting Load/Save RF Kill Switch Status...
Jul 16 07:34:50 device kernel: [    0.000000] Using GB pages for direct mapping
Jul 16 07:34:50 device kernel: [    0.000000] BRK [0x81dd3f000, 0x81dd3ffff] PGTABLE
Jul 16 07:34:50 device kernel: [    0.000000] BRK [0x81dd40000, 0x81dd40fff] PGTABLE
Jul 16 07:34:50 device kernel: [    0.000000] BRK [0x81dd41000, 0x81dd41fff] PGTABLE
Jul 16 07:34:50 device kernel: [    0.000000] BRK [0x81dd42000, 0x81dd42fff] PGTABLE
Jul 16 07:34:50 device kernel: [    0.000000] BRK [0x81dd43000, 0x81dd43fff] PGTABLE
Jul 16 07:34:50 device systemd[1]: Created slice system-lvm2\x2dpvscan.slice.
Jul 16 07:34:50 device kernel: [    0.000000] BRK [0x81dd44000, 0x81dd44fff] PGTABLE
Jul 16 07:34:50 device kernel: [    0.000000] BRK [0x81dd45000, 0x81dd45fff] PGTABLE
Jul 16 07:34:50 device kernel: [    0.000000] BRK [0x81dd46000, 0x81dd46fff] PGTABLE
Jul 16 07:34:50 device kernel: [    0.000000] RAMDISK: [mem 0x30c8b000-0x3463cfff]
Jul 16 07:34:50 device kernel: [    0.000000] ACPI: Early table checksum verification disabled
Jul 16 07:34:50 device kernel: [    0.000000] ACPI: RSDP 0x000000007A3CD000 000024 (v02 _ASUS_)
Jul 16 07:34:50 device systemd[1]: Starting LVM2 PV scan on device 253:0...
Jul 16 07:34:50 device kernel: [    0.000000] ACPI: XSDT 0x000000007A3CD0C0 0000FC (v01 _ASUS_ Notebook 01072009 AMI  00010013)
Jul 16 07:34:50 device kernel: [    0.000000] ACPI: FACP 0x000000007A40E690 000114 (v06 _ASUS_ Notebook 01072009 AMI  00010013)
Jul 16 07:34:50 device kernel: [    0.000000] ACPI: DSDT 0x000000007A3CD248 041442 (v02 _ASUS_ Notebook 01072009 INTL 20160527)
Jul 16 07:34:50 device kernel: [    0.000000] ACPI: FACS 0x000000007A544080 000040
Jul 16 07:34:50 device kernel: [    0.000000] ACPI: APIC 0x000000007A40E7A8 0000F4 (v04 _ASUS_ Notebook 01072009 AMI  00010013)
Jul 16 07:34:50 device systemd[1]: Found device /dev/disk/by-uuid/4469b545-f92d-493c-b7f8-51c1659baf4e.
Jul 16 07:34:50 device kernel: [    0.000000] ACPI: FPDT 0x000000007A40E8A0 000044 (v01 _ASUS_ Notebook 01072009 AMI  00010013)
Jul 16 07:34:50 device kernel: [    0.000000] ACPI: FIDT 0x000000007A40E8E8 00009C (v01 _ASUS_ Notebook 01072009 AMI  00010013)
Jul 16 07:34:50 device kernel: [    0.000000] ACPI: MCFG 0x000000007A40E988 00003C (v01 _ASUS_ Notebook 01072009 MSFT 00000097)
Jul 16 07:34:50 device kernel: [    0.000000] ACPI: SSDT 0x000000007A40E9C8 000334 (v01 SataRe SataTabl 00001000 INTL 20160527)
Jul 16 07:34:50 device kernel: [    0.000000] ACPI: SSDT 0x000000007A40ED00 007114 (v02 DptfTa DptfTabl 00001000 INTL 20160527)
Jul 16 07:34:50 device kernel: [    0.000000] ACPI: SSDT 0x000000007A415E18 0017D5 (v02 CpuRef CpuSsdt  00003000 INTL 20160527)
Jul 16 07:34:50 device kernel: [    0.000000] ACPI: MSDM 0x000000007A4175F0 000055 (v03 _ASUS_ Notebook 01072009 ASUS 00000001)
Jul 16 07:34:50 device kernel: [    0.000000] ACPI: SSDT 0x000000007A417648 0031D2 (v02 SaSsdt SaSsdt   00003000 INTL 20160527)
Jul 16 07:34:50 device systemd[1]: Starting Cryptography Setup for cryptswap1...
Jul 16 07:34:50 device kernel: [    0.000000] ACPI: SSDT 0x000000007A41A820 00215A (v02 PegSsd PegSsdt  00001000 INTL 20160527)
Jul 16 07:34:50 device kernel: [    0.000000] ACPI: HPET 0x000000007A41C980 000038 (v01 INTEL  Notebook 00000002      01000013)
Jul 16 07:34:50 device kernel: [    0.000000] ACPI: SSDT 0x000000007A41C9B8 000F9E (v02 INTEL  Ther_Rvp 00001000 INTL 20160527)
Jul 16 07:34:50 device kernel: [    0.000000] ACPI: SSDT 0x000000007A41D958 002951 (v02 INTEL  xh_cfhd4 00000000 INTL 20160527)
Jul 16 07:34:50 device kernel: [    0.000000] ACPI: UEFI 0x000000007A4202B0 000048 (v01 _ASUS_ Notebook 00000002      01000013)
Jul 16 07:34:50 device kernel: [    0.000000] ACPI: LPIT 0x000000007A4202F8 00005C (v01 INTEL  Notebook 00000002      01000013)
Jul 16 07:34:50 device kernel: [    0.000000] ACPI: WSMT 0x000000007A420358 000028 (v01 INTEL  Notebook 00000002      01000013)
Jul 16 07:34:50 device systemd-cryptsetup[875]: Set cipher aes, mode xts-plain64, key size 256 bits for device /dev/disk/by-uuid/4469b545-f92d-493c-b7f8-51c1659baf4e.
Jul 16 07:34:50 device kernel: [    0.000000] ACPI: SSDT 0x000000007A420380 0027DE (v02 INTEL  PtidDevc 00001000 INTL 20160527)
Jul 16 07:34:50 device kernel: [    0.000000] ACPI: SSDT 0x000000007A422B60 000FFE (v02 INTEL  TbtTypeC 00000000 INTL 20160527)
Jul 16 07:34:50 device kernel: [    0.000000] ACPI: DBGP 0x000000007A423B60 000034 (v01 _ASUS_ Notebook 00000002      01000013)
Jul 16 07:34:50 device systemd[1]: Started Load/Save RF Kill Switch Status.
Jul 16 07:34:50 device kernel: [    0.000000] ACPI: DBG2 0x000000007A423B98 000054 (v00 _ASUS_ Notebook 00000002      01000013)
Jul 16 07:34:50 device kernel: [    0.000000] ACPI: SSDT 0x000000007A423BF0 0000AE (v02 SgRef  SgPeg    00001000 INTL 20160527)
Jul 16 07:34:50 device kernel: [    0.000000] ACPI: DMAR 0x000000007A423CA0 0000A8 (v01 INTEL  EDK2     00000002      01000013)
Jul 16 07:34:50 device kernel: [    0.000000] ACPI: BGRT 0x000000007A423D48 000038 (v01 _ASUS_ Notebook 01072009 AMI  00010013)
Jul 16 07:34:50 device lvm[858]:   2 logical volume(s) in volume group "mint-vg" now active
Jul 16 07:34:50 device systemd[1]: Reached target Sound Card.
Jul 16 07:34:50 device systemd[1]: Started LVM2 PV scan on device 253:0.
Jul 16 07:34:50 device mkswap[911]: Setting up swapspace version 1, size = 31.9 GiB (34204020736 bytes)
Jul 16 07:34:50 device mkswap[911]: no label, UUID=a4003a60-cc2e-4a4d-82e6-23a129cfd1a0
Jul 16 07:34:50 device systemd[1]: Started Cryptography Setup for cryptswap1.
Jul 16 07:34:50 device systemd[1]: Found device /dev/mapper/cryptswap1.
Jul 16 07:34:50 device systemd[1]: Activating swap /dev/mapper/cryptswap1...
Jul 16 07:34:50 device systemd[1]: Activated swap /dev/mapper/cryptswap1.
Jul 16 07:34:50 device systemd[1]: Reached target Swap.
Jul 16 07:34:50 device systemd-udevd[648]: link_config: autonegotiation is unset or enabled, the speed and duplex are not writable.
Jul 16 07:34:50 device systemd[1]: Found device Samsung SSD 970 EVO 250GB 3.
Jul 16 07:34:50 device systemd[1]: Starting Cryptography Setup for nvme0n1p3_crypt...
Jul 16 07:34:50 device systemd-cryptsetup[945]: Volume nvme0n1p3_crypt already active.
Jul 16 07:34:50 device systemd[1]: Found device Samsung SSD 970 EVO 250GB 2.
Jul 16 07:34:50 device systemd[1]: Started Cryptography Setup for nvme0n1p3_crypt.
Jul 16 07:34:50 device systemd[1]: Found device Samsung SSD 970 EVO 250GB EFI\x20System\x20Partition.
Jul 16 07:34:50 device systemd[1]: Started Set the console keyboard layout.
Jul 16 07:34:50 device systemd[1]: Reached target Local File Systems (Pre).
Jul 16 07:34:50 device systemd[1]: Starting File System Check on /dev/disk/by-uuid/8F1E-0D18...
Jul 16 07:34:50 device systemd[1]: Starting File System Check on /dev/disk/by-uuid/30b33230-37b8-4af4-a848-9687d78ffbd0...
Jul 16 07:34:50 device kernel: [    0.000000] ACPI: BGRT 0x000000007A423D80 000038 (v01 _ASUS_ Notebook 01072009 AMI  00010013)
Jul 16 07:34:50 device kernel: [    0.000000] ACPI: TPM2 0x000000007A423DB8 000034 (v04 _ASUS_ Notebook 00000001 AMI  00000000)
Jul 16 07:34:50 device kernel: [    0.000000] ACPI: SSDT 0x000000007A423DF0 001F84 (v01 OptRef OptTabl  00001000 INTL 20160527)
Jul 16 07:34:50 device kernel: [    0.000000] ACPI: Local APIC address 0xfee00000
Jul 16 07:34:50 device kernel: [    0.000000] No NUMA configuration found
Jul 16 07:34:50 device kernel: [    0.000000] Faking a node at [mem 0x0000000000000000-0x000000087dffffff]
Jul 16 07:34:50 device systemd[1]: Starting Show Plymouth Boot Screen...
Jul 16 07:34:50 device kernel: [    0.000000] NODE_DATA(0) allocated [mem 0x87dfd5000-0x87dffffff]
Jul 16 07:34:50 device kernel: [    0.000000] Zone ranges:
Jul 16 07:34:50 device kernel: [    0.000000]   DMA      [mem 0x0000000000001000-0x0000000000ffffff]
Jul 16 07:34:50 device kernel: [    0.000000]   DMA32    [mem 0x0000000001000000-0x00000000ffffffff]
Jul 16 07:34:50 device kernel: [    0.000000]   Normal   [mem 0x0000000100000000-0x000000087dffffff]
Jul 16 07:34:50 device kernel: [    0.000000]   Device   empty
Jul 16 07:34:50 device systemd[1]: Started File System Check Daemon to report status.
Jul 16 07:34:50 device kernel: [    0.000000] Movable zone start for each node
Jul 16 07:34:50 device kernel: [    0.000000] Early memory node ranges
Jul 16 07:34:50 device kernel: [    0.000000]   node   0: [mem 0x0000000000001000-0x000000000009efff]
Jul 16 07:34:50 device kernel: [    0.000000]   node   0: [mem 0x0000000000100000-0x0000000078f11fff]
Jul 16 07:34:50 device kernel: [    0.000000]   node   0: [mem 0x000000007ac0e000-0x000000007ac0efff]
Jul 16 07:34:50 device kernel: [    0.000000]   node   0: [mem 0x0000000100000000-0x000000087dffffff]
Jul 16 07:34:50 device systemd[1]: Started Show Plymouth Boot Screen.
Jul 16 07:34:50 device kernel: [    0.000000] Reserved but unavailable: 29007 pages
Jul 16 07:34:50 device kernel: [    0.000000] Initmem setup node 0 [mem 0x0000000000001000-0x000000087dffffff]
Jul 16 07:34:50 device kernel: [    0.000000] On node 0 totalpages: 8351409
Jul 16 07:34:50 device systemd[1]: Reached target Local Encrypted Volumes.
Jul 16 07:34:50 device kernel: [    0.000000]   DMA zone: 64 pages used for memmap
Jul 16 07:34:50 device kernel: [    0.000000]   DMA zone: 23 pages reserved
Jul 16 07:34:50 device kernel: [    0.000000]   DMA zone: 3998 pages, LIFO batch:0
Jul 16 07:34:50 device kernel: [    0.000000]   DMA32 zone: 7677 pages used for memmap
Jul 16 07:34:50 device kernel: [    0.000000]   DMA32 zone: 491283 pages, LIFO batch:31
Jul 16 07:34:50 device systemd[1]: Started Forward Password Requests to Plymouth Directory Watch.
Jul 16 07:34:50 device kernel: [    0.000000]   Normal zone: 122752 pages used for memmap
Jul 16 07:34:50 device kernel: [    0.000000]   Normal zone: 7856128 pages, LIFO batch:31
Jul 16 07:34:50 device kernel: [    0.000000] Reserving Intel graphics memory at 0x000000007c000000-0x000000007fffffff
Jul 16 07:34:50 device kernel: [    0.000000] ACPI: PM-Timer IO Port: 0x1808
Jul 16 07:34:50 device kernel: [    0.000000] ACPI: Local APIC address 0xfee00000
Jul 16 07:34:50 device kernel: [    0.000000] ACPI: LAPIC_NMI (acpi_id[0x01] high edge lint[0x1])
Jul 16 07:34:50 device systemd-fsck[950]: /dev/nvme0n1p2: clean, 309/46848 files, 63399/187392 blocks
Jul 16 07:34:50 device kernel: [    0.000000] ACPI: LAPIC_NMI (acpi_id[0x02] high edge lint[0x1])
Jul 16 07:34:50 device kernel: [    0.000000] ACPI: LAPIC_NMI (acpi_id[0x03] high edge lint[0x1])
Jul 16 07:34:50 device kernel: [    0.000000] ACPI: LAPIC_NMI (acpi_id[0x04] high edge lint[0x1])
Jul 16 07:34:50 device kernel: [    0.000000] ACPI: LAPIC_NMI (acpi_id[0x05] high edge lint[0x1])
Jul 16 07:34:50 device kernel: [    0.000000] ACPI: LAPIC_NMI (acpi_id[0x06] high edge lint[0x1])
Jul 16 07:34:50 device systemd[1]: Started File System Check on /dev/disk/by-uuid/30b33230-37b8-4af4-a848-9687d78ffbd0.
Jul 16 07:34:50 device kernel: [    0.000000] ACPI: LAPIC_NMI (acpi_id[0x07] high edge lint[0x1])
Jul 16 07:34:50 device kernel: [    0.000000] ACPI: LAPIC_NMI (acpi_id[0x08] high edge lint[0x1])
Jul 16 07:34:50 device systemd[1]: Mounting /boot...
Jul 16 07:34:50 device kernel: [    0.000000] ACPI: LAPIC_NMI (acpi_id[0x09] high edge lint[0x1])
Jul 16 07:34:50 device kernel: [    0.000000] ACPI: LAPIC_NMI (acpi_id[0x0a] high edge lint[0x1])
Jul 16 07:34:50 device kernel: [    0.000000] ACPI: LAPIC_NMI (acpi_id[0x0b] high edge lint[0x1])
Jul 16 07:34:50 device kernel: [    0.000000] ACPI: LAPIC_NMI (acpi_id[0x0c] high edge lint[0x1])
Jul 16 07:34:50 device kernel: [    0.000000] IOAPIC[0]: apic_id 2, version 32, address 0xfec00000, GSI 0-119
Jul 16 07:34:50 device kernel: [    0.000000] ACPI: INT_SRC_OVR (bus 0 bus_irq 0 global_irq 2 dfl dfl)
Jul 16 07:34:50 device kernel: [    0.000000] ACPI: INT_SRC_OVR (bus 0 bus_irq 9 global_irq 9 high level)
Jul 16 07:34:50 device kernel: [    0.000000] ACPI: IRQ0 used by override.
Jul 16 07:34:50 device systemd-fsck[949]: fsck.fat 4.1 (2017-01-24)
Jul 16 07:34:50 device kernel: [    0.000000] ACPI: IRQ9 used by override.
Jul 16 07:34:50 device kernel: [    0.000000] Using ACPI (MADT) for SMP configuration information
Jul 16 07:34:50 device kernel: [    0.000000] ACPI: HPET id: 0x8086a201 base: 0xfed00000
Jul 16 07:34:50 device kernel: [    0.000000] smpboot: Allowing 12 CPUs, 0 hotplug CPUs
Jul 16 07:34:50 device kernel: [    0.000000] PM: Registered nosave memory: [mem 0x00000000-0x00000fff]
Jul 16 07:34:50 device systemd-fsck[949]: /dev/nvme0n1p1: 14 files, 1589/130812 clusters
Jul 16 07:34:50 device kernel: [    0.000000] PM: Registered nosave memory: [mem 0x0009f000-0x000fffff]
Jul 16 07:34:50 device kernel: [    0.000000] PM: Registered nosave memory: [mem 0x78f12000-0x7a3b3fff]
Jul 16 07:34:50 device kernel: [    0.000000] PM: Registered nosave memory: [mem 0x7a3b4000-0x7a430fff]
Jul 16 07:34:50 device kernel: [    0.000000] PM: Registered nosave memory: [mem 0x7a431000-0x7a544fff]
Jul 16 07:34:50 device kernel: [    0.000000] PM: Registered nosave memory: [mem 0x7a545000-0x7ab40fff]
Jul 16 07:34:50 device kernel: [    0.000000] PM: Registered nosave memory: [mem 0x7ab41000-0x7ac0dfff]
Jul 16 07:34:50 device systemd[1]: Started File System Check on /dev/disk/by-uuid/8F1E-0D18.
Jul 16 07:34:50 device kernel: [    0.000000] PM: Registered nosave memory: [mem 0x7ac0f000-0x7fffffff]
Jul 16 07:34:50 device kernel: [    0.000000] PM: Registered nosave memory: [mem 0x80000000-0xdfffffff]
Jul 16 07:34:50 device kernel: [    0.000000] PM: Registered nosave memory: [mem 0xe0000000-0xefffffff]
Jul 16 07:34:50 device kernel: [    0.000000] PM: Registered nosave memory: [mem 0xf0000000-0xfdffffff]
Jul 16 07:34:50 device kernel: [    0.000000] PM: Registered nosave memory: [mem 0xfe000000-0xfe010fff]
Jul 16 07:34:50 device kernel: [    0.000000] PM: Registered nosave memory: [mem 0xfe011000-0xfebfffff]
Jul 16 07:34:50 device kernel: [    0.000000] PM: Registered nosave memory: [mem 0xfec00000-0xfec00fff]
Jul 16 07:34:50 device systemd[1]: Starting Show Plymouth Boot Screen...
Jul 16 07:34:50 device kernel: [    0.000000] PM: Registered nosave memory: [mem 0xfec01000-0xfecfffff]
Jul 16 07:34:50 device kernel: [    0.000000] PM: Registered nosave memory: [mem 0xfed00000-0xfed03fff]
Jul 16 07:34:50 device kernel: [    0.000000] PM: Registered nosave memory: [mem 0xfed04000-0xfedfffff]
Jul 16 07:34:50 device kernel: [    0.000000] PM: Registered nosave memory: [mem 0xfee00000-0xfee00fff]
Jul 16 07:34:50 device kernel: [    0.000000] PM: Registered nosave memory: [mem 0xfee01000-0xfeffffff]
Jul 16 07:34:50 device kernel: [    0.000000] PM: Registered nosave memory: [mem 0xff000000-0xffffffff]
Jul 16 07:34:50 device systemd[1]: Mounted /boot.
Jul 16 07:34:50 device kernel: [    0.000000] e820: [mem 0x80000000-0xdfffffff] available for PCI devices
Jul 16 07:34:50 device kernel: [    0.000000] Booting paravirtualized kernel on bare hardware
Jul 16 07:34:50 device kernel: [    0.000000] clocksource: refined-jiffies: mask: 0xffffffff max_cycles: 0xffffffff, max_idle_ns: 7645519600211568 ns
Jul 16 07:34:50 device kernel: [    0.000000] random: get_random_bytes called from start_kernel+0x99/0x4fd with crng_init=0
Jul 16 07:34:50 device kernel: [    0.000000] setup_percpu: NR_CPUS:8192 nr_cpumask_bits:12 nr_cpu_ids:12 nr_node_ids:1
Jul 16 07:34:50 device kernel: [    0.000000] percpu: Embedded 46 pages/cpu @        (ptrval) s151552 r8192 d28672 u262144
Jul 16 07:34:50 device systemd[1]: Mounting /boot/efi...
Jul 16 07:34:50 device kernel: [    0.000000] pcpu-alloc: s151552 r8192 d28672 u262144 alloc=1*2097152
Jul 16 07:34:50 device kernel: [    0.000000] pcpu-alloc: [0] 00 01 02 03 04 05 06 07 [0] 08 09 10 11 -- -- -- -- 
Jul 16 07:34:50 device kernel: [    0.000000] Built 1 zonelists, mobility grouping on.  Total pages: 8220893
Jul 16 07:34:50 device kernel: [    0.000000] Policy zone: Normal
Jul 16 07:34:50 device kernel: [    0.000000] Kernel command line: BOOT_IMAGE=/vmlinuz-4.15.0-54-generic root=/dev/mapper/mint--vg-root ro quiet splash vt.handoff=1
Jul 16 07:34:50 device kernel: [    0.000000] Calgary: detecting Calgary via BIOS EBDA area
Jul 16 07:34:50 device kernel: [    0.000000] Calgary: Unable to locate Rio Grande table in EBDA - bailing!
Jul 16 07:34:50 device systemd[1]: Mounted /boot/efi.
Jul 16 07:34:50 device kernel: [    0.000000] Memory: 32680624K/33405636K available (12300K kernel code, 2473K rwdata, 4272K rodata, 2408K init, 2416K bss, 725012K reserved, 0K cma-reserved)
Jul 16 07:34:50 device kernel: [    0.000000] SLUB: HWalign=64, Order=0-3, MinObjects=0, CPUs=12, Nodes=1
Jul 16 07:34:50 device kernel: [    0.000000] Kernel/User page tables isolation: enabled
Jul 16 07:34:50 device systemd[1]: Reached target Local File Systems.
Jul 16 07:34:50 device kernel: [    0.000000] ftrace: allocating 39216 entries in 154 pages
Jul 16 07:34:50 device kernel: [    0.000000] Hierarchical RCU implementation.
Jul 16 07:34:50 device kernel: [    0.000000] 	RCU restricting CPUs from NR_CPUS=8192 to nr_cpu_ids=12.
Jul 16 07:34:50 device kernel: [    0.000000] 	Tasks RCU enabled.
Jul 16 07:34:50 device kernel: [    0.000000] RCU: Adjusting geometry for rcu_fanout_leaf=16, nr_cpu_ids=12
Jul 16 07:34:50 device kernel: [    0.000000] NR_IRQS: 524544, nr_irqs: 2152, preallocated irqs: 16
Jul 16 07:34:50 device systemd[1]: Starting Tell Plymouth To Write Out Runtime Data...
Jul 16 07:34:50 device kernel: [    0.000000] vt handoff: transparent VT on vt#1
Jul 16 07:34:50 device kernel: [    0.000000] Console: colour dummy device 80x25
Jul 16 07:34:50 device kernel: [    0.000000] console [tty0] enabled
Jul 16 07:34:50 device kernel: [    0.000000] ACPI: Core revision 20170831
Jul 16 07:34:50 device systemd[1]: Starting AppArmor initialization...
Jul 16 07:34:50 device kernel: [    0.000000] ACPI Error: [GPLD] Namespace lookup failure, AE_ALREADY_EXISTS (20170831/dswload-378)
Jul 16 07:34:50 device kernel: [    0.000000] ACPI Exception: AE_ALREADY_EXISTS, During name lookup/catalog (20170831/psobject-253)
Jul 16 07:34:50 device kernel: [    0.000000] ACPI Exception: AE_ALREADY_EXISTS, (SSDT:xh_cfhd4) while loading table (20170831/tbxfload-228)
Jul 16 07:34:50 device systemd[1]: Starting Clean up any mess left by 0dns-up...
Jul 16 07:34:50 device kernel: [    0.000000] ACPI Error: 1 table load failures, 11 successful (20170831/tbxfload-246)
Jul 16 07:34:50 device kernel: [    0.000000] clocksource: hpet: mask: 0xffffffff max_cycles: 0xffffffff, max_idle_ns: 79635855245 ns
Jul 16 07:34:50 device kernel: [    0.000000] hpet clockevent registered
Jul 16 07:34:50 device systemd[1]: Starting Set console font and keymap...
Jul 16 07:34:50 device kernel: [    0.004000] APIC: Switch to symmetric I/O mode setup
Jul 16 07:34:50 device kernel: [    0.004000] DMAR: Host address width 39
Jul 16 07:34:50 device kernel: [    0.004000] DMAR: DRHD base: 0x000000fed90000 flags: 0x0
Jul 16 07:34:50 device kernel: [    0.004000] DMAR: dmar0: reg_base_addr fed90000 ver 1:0 cap 1c0000c40660462 ecap 19e2ff0505e
Jul 16 07:34:50 device kernel: [    0.004000] DMAR: DRHD base: 0x000000fed91000 flags: 0x1
Jul 16 07:34:50 device kernel: [    0.004000] DMAR: dmar1: reg_base_addr fed91000 ver 1:0 cap d2008c40660462 ecap f050da
Jul 16 07:34:50 device systemd[1]: Starting Create Volatile Files and Directories...
Jul 16 07:34:50 device kernel: [    0.004000] DMAR: RMRR base: 0x0000007a717000 end: 0x0000007a960fff
Jul 16 07:34:50 device kernel: [    0.004000] DMAR: RMRR base: 0x0000007b800000 end: 0x0000007fffffff
Jul 16 07:34:50 device kernel: [    0.004000] DMAR-IR: IOAPIC id 2 under DRHD base  0xfed91000 IOMMU 1
Jul 16 07:34:50 device systemd[1]: Started Set console font and keymap.
Jul 16 07:34:50 device systemd[1]: Started Show Plymouth Boot Screen.
Jul 16 07:34:50 device apparmor[975]:  * Starting AppArmor profiles
Jul 16 07:34:50 device systemd[1]: Started Tell Plymouth To Write Out Runtime Data.
Jul 16 07:34:50 device systemd[1]: Started Clean up any mess left by 0dns-up.
Jul 16 07:34:50 device systemd[1]: Started Create Volatile Files and Directories.
Jul 16 07:34:50 device systemd-udevd[646]: link_config: autonegotiation is unset or enabled, the speed and duplex are not writable.
Jul 16 07:34:50 device systemd[1]: Starting Network Time Synchronization...
Jul 16 07:34:50 device systemd[1]: Starting Network Name Resolution...
Jul 16 07:34:50 device systemd[1]: Starting Update UTMP about System Boot/Shutdown...
Jul 16 07:34:50 device systemd[1]: Started Update UTMP about System Boot/Shutdown.
Jul 16 07:34:50 device systemd[1]: Starting Show Plymouth Boot Screen...
Jul 16 07:34:50 device systemd[1]: Starting Tell Plymouth To Write Out Runtime Data...
Jul 16 07:34:50 device systemd[1]: Started Tell Plymouth To Write Out Runtime Data.
Jul 16 07:34:50 device apparmor[975]: Skipping profile in /etc/apparmor.d/disable: usr.bin.firefox
Jul 16 07:34:50 device kernel: [    0.004000] DMAR-IR: HPET id 0 under DRHD base 0xfed91000
Jul 16 07:34:50 device kernel: [    0.004000] DMAR-IR: Queued invalidation will be enabled to support x2apic and Intr-remapping.
Jul 16 07:34:50 device kernel: [    0.004000] DMAR-IR: Enabled IRQ remapping in x2apic mode
Jul 16 07:34:50 device kernel: [    0.004000] x2apic enabled
Jul 16 07:34:50 device systemd[1]: Started Show Plymouth Boot Screen.
Jul 16 07:34:50 device kernel: [    0.004000] Switched APIC routing to cluster x2apic.
Jul 16 07:34:50 device kernel: [    0.016000] ..TIMER: vector=0x30 apic1=0 pin1=2 apic2=-1 pin2=-1
Jul 16 07:34:50 device kernel: [    0.036000] tsc: Detected 2200.000 MHz processor
Jul 16 07:34:50 device kernel: [    0.036000] tsc: Detected 2208.000 MHz TSC
Jul 16 07:34:50 device kernel: [    0.036000] Calibrating delay loop (skipped), value calculated using timer frequency.. 4416.00 BogoMIPS (lpj=8832000)
Jul 16 07:34:50 device kernel: [    0.036000] pid_max: default: 32768 minimum: 301
Jul 16 07:34:50 device apparmor[975]: Skipping profile in /etc/apparmor.d/disable: usr.sbin.rsyslogd
Jul 16 07:34:50 device kernel: [    0.036000] Security Framework initialized
Jul 16 07:34:50 device kernel: [    0.036000] Yama: becoming mindful.
Jul 16 07:34:50 device kernel: [    0.036000] AppArmor: AppArmor initialized
Jul 16 07:34:50 device kernel: [    0.041279] Dentry cache hash table entries: 4194304 (order: 13, 33554432 bytes)
Jul 16 07:34:50 device apparmor[975]:    ...done.
Jul 16 07:34:50 device kernel: [    0.043261] Inode-cache hash table entries: 2097152 (order: 12, 16777216 bytes)
Jul 16 07:34:50 device kernel: [    0.043333] Mount-cache hash table entries: 65536 (order: 7, 524288 bytes)
Jul 16 07:34:50 device kernel: [    0.043395] Mountpoint-cache hash table entries: 65536 (order: 7, 524288 bytes)
Jul 16 07:34:50 device systemd[1]: Started AppArmor initialization.
Jul 16 07:34:50 device kernel: [    0.043609] ENERGY_PERF_BIAS: Set to 'normal', was 'performance'
Jul 16 07:34:50 device kernel: [    0.043609] ENERGY_PERF_BIAS: View and update with x86_energy_perf_policy(8)
Jul 16 07:34:50 device kernel: [    0.043615] mce: CPU supports 12 MCE banks
Jul 16 07:34:50 device kernel: [    0.043626] CPU0: Thermal monitoring enabled (TM1)
Jul 16 07:34:50 device systemd[1]: Starting Raise network interfaces...
Jul 16 07:34:50 device kernel: [    0.043655] process: using mwait in idle threads
Jul 16 07:34:50 device kernel: [    0.043657] Last level iTLB entries: 4KB 64, 2MB 8, 4MB 8
Jul 16 07:34:50 device kernel: [    0.043658] Last level dTLB entries: 4KB 64, 2MB 0, 4MB 0, 1GB 4
Jul 16 07:34:50 device kernel: [    0.043660] Spectre V2 : Mitigation: Full generic retpoline
Jul 16 07:34:50 device kernel: [    0.043660] Spectre V2 : Spectre v2 / SpectreRSB mitigation: Filling RSB on context switch
Jul 16 07:34:50 device kernel: [    0.043661] Spectre V2 : Enabling Restricted Speculation for firmware calls
Jul 16 07:34:50 device kernel: [    0.043667] Spectre V2 : mitigation: Enabling conditional Indirect Branch Prediction Barrier
Jul 16 07:34:50 device kernel: [    0.043668] Spectre V2 : User space: Mitigation: STIBP via seccomp and prctl
Jul 16 07:34:50 device kernel: [    0.043669] Speculative Store Bypass: Mitigation: Speculative Store Bypass disabled via prctl and seccomp
Jul 16 07:34:50 device systemd[1]: Started Raise network interfaces.
Jul 16 07:34:50 device kernel: [    0.043701] MDS: Mitigation: Clear CPU buffers
Jul 16 07:34:50 device kernel: [    0.053659] Freeing SMP alternatives memory: 36K
Jul 16 07:34:50 device kernel: [    0.056553] TSC deadline timer enabled
Jul 16 07:34:50 device kernel: [    0.056564] smpboot: CPU0: Intel(R) Core(TM) i7-8750H CPU @ 2.20GHz (family: 0x6, model: 0x9e, stepping: 0xa)
Jul 16 07:34:50 device kernel: [    0.056635] Performance Events: PEBS fmt3+, Skylake events, 32-deep LBR, full-width counters, Intel PMU driver.
Jul 16 07:34:50 device kernel: [    0.056671] ... version:                4
Jul 16 07:34:50 device systemd-resolved[1028]: Positive Trust Anchors:
Jul 16 07:34:50 device kernel: [    0.056672] ... bit width:              48
Jul 16 07:34:50 device kernel: [    0.056672] ... generic registers:      4
Jul 16 07:34:50 device kernel: [    0.056673] ... value mask:             0000ffffffffffff
Jul 16 07:34:50 device kernel: [    0.056674] ... max period:             00007fffffffffff
Jul 16 07:34:50 device systemd-resolved[1028]: . IN DS 19036 8 2 49aac11d7b6f6446702e54a1607371607a1a41855200fd2ce1cdde32f24e8fb5
Jul 16 07:34:50 device kernel: [    0.056674] ... fixed-purpose events:   3
Jul 16 07:34:50 device kernel: [    0.056675] ... event mask:             000000070000000f
Jul 16 07:34:50 device kernel: [    0.056719] Hierarchical SRCU implementation.
Jul 16 07:34:50 device kernel: [    0.058349] NMI watchdog: Enabled. Permanently consumes one hw-PMU counter.
Jul 16 07:34:50 device kernel: [    0.058363] smp: Bringing up secondary CPUs ...
Jul 16 07:34:50 device systemd-resolved[1028]: . IN DS 20326 8 2 e06d44b80b8f1d39a95c0b0d7c65d08458e880409bbc683457104237c7f8ec8d
Jul 16 07:34:50 device kernel: [    0.058440] x86: Booting SMP configuration:
Jul 16 07:34:50 device kernel: [    0.058441] .... node  #0, CPUs:        #1  #2  #3  #4  #5  #6
Jul 16 07:34:50 device kernel: [    0.070449] MDS CPU bug present and SMT on, data leak possible. See https://www.kernel.org/doc/html/latest/admin-guide/hw-vuln/mds.html for more details.
Jul 16 07:34:50 device kernel: [    0.070449]   #7  #8  #9 #10 #11
Jul 16 07:34:50 device kernel: [    0.072604] smp: Brought up 1 node, 12 CPUs
Jul 16 07:34:50 device kernel: [    0.072604] smpboot: Max logical packages: 1
Jul 16 07:34:50 device systemd-resolved[1028]: Negative trust anchors: 10.in-addr.arpa 16.172.in-addr.arpa 17.172.in-addr.arpa 18.172.in-addr.arpa 19.172.in-addr.arpa 20.172.in-addr.arpa 21.172.in-addr.arpa 22.172.in-addr.arpa 23.172.in-addr.arpa 24.172.in-addr.arpa 25.172.in-addr.arpa 26.172.in-addr.arpa 27.172.in-addr.arpa 28.172.in-addr.arpa 29.172.in-addr.arpa 30.172.in-addr.arpa 31.172.in-addr.arpa 168.192.in-addr.arpa d.f.ip6.arpa corp home internal intranet lan local private test
Jul 16 07:34:50 device kernel: [    0.072604] smpboot: Total of 12 processors activated (52992.00 BogoMIPS)
Jul 16 07:34:50 device kernel: [    0.076723] devtmpfs: initialized
Jul 16 07:34:50 device kernel: [    0.076723] x86/mm: Memory block size: 128MB
Jul 16 07:34:50 device kernel: [    0.078446] evm: security.selinux
Jul 16 07:34:50 device kernel: [    0.078447] evm: security.SMACK64
Jul 16 07:34:50 device systemd-resolved[1028]: Using system hostname 'device'.
Jul 16 07:34:50 device kernel: [    0.078447] evm: security.SMACK64EXEC
Jul 16 07:34:50 device kernel: [    0.078448] evm: security.SMACK64TRANSMUTE
Jul 16 07:34:50 device kernel: [    0.078448] evm: security.SMACK64MMAP
Jul 16 07:34:50 device kernel: [    0.078449] evm: security.apparmor
Jul 16 07:34:50 device systemd[1]: Started Network Name Resolution.
Jul 16 07:34:50 device kernel: [    0.078449] evm: security.ima
Jul 16 07:34:50 device kernel: [    0.078450] evm: security.capability
Jul 16 07:34:50 device systemd[1]: Reached target Host and Network Name Lookups.
Jul 16 07:34:50 device kernel: [    0.078466] PM: Registering ACPI NVS region [mem 0x7a431000-0x7a544fff] (1130496 bytes)
Jul 16 07:34:50 device kernel: [    0.078466] clocksource: jiffies: mask: 0xffffffff max_cycles: 0xffffffff, max_idle_ns: 7645041785100000 ns
Jul 16 07:34:50 device kernel: [    0.078466] futex hash table entries: 4096 (order: 6, 262144 bytes)
Jul 16 07:34:50 device kernel: [    0.078466] pinctrl core: initialized pinctrl subsystem
Jul 16 07:34:50 device kernel: [    0.078466] RTC time: 11:33:46, date: 07/16/19
Jul 16 07:34:50 device kernel: [    0.078466] NET: Registered protocol family 16
Jul 16 07:34:50 device systemd[1]: Started Network Time Synchronization.
Jul 16 07:34:50 device kernel: [    0.080062] audit: initializing netlink subsys (disabled)
Jul 16 07:34:50 device systemd[1]: Reached target System Time Synchronized.
Jul 16 07:34:50 device kernel: [    0.080068] audit: type=2000 audit(1563276826.080:1): state=initialized audit_enabled=0 res=1
Jul 16 07:34:50 device kernel: [    0.080108] cpuidle: using governor ladder
Jul 16 07:34:50 device kernel: [    0.080108] cpuidle: using governor menu
Jul 16 07:34:50 device kernel: [    0.080108] ACPI FADT declares the system doesn't support PCIe ASPM, so disable it
Jul 16 07:34:50 device kernel: [    0.080108] ACPI: bus type PCI registered
Jul 16 07:34:50 device kernel: [    0.080108] acpiphp: ACPI Hot Plug PCI Controller Driver version: 0.5
Jul 16 07:34:50 device systemd[1]: Reached target System Initialization.
Jul 16 07:34:50 device kernel: [    0.080171] PCI: MMCONFIG for domain 0000 [bus 00-ff] at [mem 0xe0000000-0xefffffff] (base 0xe0000000)
Jul 16 07:34:50 device kernel: [    0.080174] PCI: MMCONFIG at [mem 0xe0000000-0xefffffff] reserved in E820
Jul 16 07:34:50 device kernel: [    0.080187] PCI: Using configuration type 1 for base access
Jul 16 07:34:50 device kernel: [    0.081800] HugeTLB registered 1.00 GiB page size, pre-allocated 0 pages
Jul 16 07:34:50 device kernel: [    0.081800] HugeTLB registered 2.00 MiB page size, pre-allocated 0 pages
Jul 16 07:34:50 device kernel: [    0.081800] ACPI: Added _OSI(Module Device)
Jul 16 07:34:50 device kernel: [    0.081800] ACPI: Added _OSI(Processor Device)
Jul 16 07:34:50 device systemd[1]: Started ACPI Events Check.
Jul 16 07:34:50 device kernel: [    0.081800] ACPI: Added _OSI(3.0 _SCP Extensions)
Jul 16 07:34:50 device kernel: [    0.081800] ACPI: Added _OSI(Processor Aggregator Device)
Jul 16 07:34:50 device kernel: [    0.081800] ACPI: Added _OSI(Linux-Dell-Video)
Jul 16 07:34:50 device kernel: [    0.081800] ACPI: Added _OSI(Linux-Lenovo-NV-HDMI-Audio)
Jul 16 07:34:50 device kernel: [    0.081800] ACPI: Added _OSI(Linux-HPI-Hybrid-Graphics)
Jul 16 07:34:50 device kernel: [    0.084000] ACPI Error: [_SB_.PCI0.RP05.PXSX] Namespace lookup failure, AE_NOT_FOUND (20170831/dswload2-191)
Jul 16 07:34:50 device systemd[1]: Listening on Avahi mDNS/DNS-SD Stack Activation Socket.
Jul 16 07:34:50 device kernel: [    0.084000] No Local Variables are initialized for Method [PXSX]
Jul 16 07:34:50 device kernel: [    0.084000] No Arguments are initialized for method [PXSX]
Jul 16 07:34:50 device kernel: [    0.084000] ACPI Exception: AE_NOT_FOUND, During name lookup/catalog (20170831/psobject-253)
Jul 16 07:34:50 device kernel: [    0.084000] ACPI Error: Ignore error and continue table load (20170831/psobject-642)
Jul 16 07:34:50 device systemd[1]: Started CUPS Scheduler.
Jul 16 07:34:50 device kernel: [    0.084000] ACPI Error: Skipping Scope block (20170831/psloop-560)
Jul 16 07:34:50 device kernel: [    0.084000] ACPI Error: [_SB_.PCI0.RP09.PXSX] Namespace lookup failure, AE_NOT_FOUND (20170831/dswload2-191)
Jul 16 07:34:50 device kernel: [    0.084000] No Local Variables are initialized for Method [PXSX]
Jul 16 07:34:50 device systemd[1]: Listening on ACPID Listen Socket.
Jul 16 07:34:50 device kernel: [    0.084000] No Arguments are initialized for method [PXSX]
Jul 16 07:34:50 device kernel: [    0.084000] ACPI Exception: AE_NOT_FOUND, During name lookup/catalog (20170831/psobject-253)
Jul 16 07:34:50 device kernel: [    0.084000] ACPI Error: Ignore error and continue table load (20170831/psobject-642)
Jul 16 07:34:50 device kernel: [    0.084000] ACPI Error: Skipping Scope block (20170831/psloop-560)
Jul 16 07:34:50 device kernel: [    0.088008] ACPI Error: [_SB_.PCI0.RP13.PXSX] Namespace lookup failure, AE_NOT_FOUND (20170831/dswload2-191)
Jul 16 07:34:50 device kernel: [    0.088014] No Local Variables are initialized for Method [PXSX]
Jul 16 07:34:50 device systemd[1]: Started Trigger anacron every hour.
Jul 16 07:34:50 device kernel: [    0.088015] No Arguments are initialized for method [PXSX]
Jul 16 07:34:50 device kernel: [    0.088016] ACPI Exception: AE_NOT_FOUND, During name lookup/catalog (20170831/psobject-253)
Jul 16 07:34:50 device kernel: [    0.088019] ACPI Error: Ignore error and continue table load (20170831/psobject-642)
Jul 16 07:34:50 device kernel: [    0.088022] ACPI Error: Skipping Scope block (20170831/psloop-560)
Jul 16 07:34:50 device kernel: [    0.097112] ACPI: Executed 61 blocks of module-level executable AML code
Jul 16 07:34:50 device kernel: [    0.128973] ACPI: Dynamic OEM Table Load:
Jul 16 07:34:50 device systemd[1]: Started Daily Cleanup of Temporary Directories.
Jul 16 07:34:50 device kernel: [    0.128973] ACPI: SSDT 0xFFFF9CF5D8CE1000 0005BE (v02 PmRef  Cpu0Ist  00003000 INTL 20160527)
Jul 16 07:34:50 device kernel: [    0.132381] ACPI: Executed 1 blocks of module-level executable AML code
Jul 16 07:34:50 device kernel: [    0.132541] ACPI: \_SB_.PR00: _OSC native thermal LVT Acked
Jul 16 07:34:50 device kernel: [    0.134636] ACPI: Dynamic OEM Table Load:
Jul 16 07:34:50 device systemd[1]: Started Message of the Day.
Jul 16 07:34:50 device kernel: [    0.134644] ACPI: SSDT 0xFFFF9CF5D8EC3400 000400 (v02 PmRef  Cpu0Cst  00003001 INTL 20160527)
Jul 16 07:34:50 device kernel: [    0.135011] ACPI: Executed 1 blocks of module-level executable AML code
Jul 16 07:34:50 device kernel: [    0.135260] ACPI: Dynamic OEM Table Load:
Jul 16 07:34:50 device kernel: [    0.135266] ACPI: SSDT 0xFFFF9CF5D8EB9600 00010A (v02 PmRef  Cpu0Hwp  00003000 INTL 20160527)
Jul 16 07:34:50 device systemd[1]: Started Daily apt download activities.
Jul 16 07:34:50 device systemd[1]: Listening on CUPS Scheduler.
Jul 16 07:34:50 device systemd[1]: Listening on D-Bus System Message Bus Socket.
Jul 16 07:34:50 device systemd[1]: Started Discard unused blocks once a week.
Jul 16 07:34:50 device systemd[1]: Listening on UUID daemon activation socket.
Jul 16 07:34:50 device systemd[1]: Reached target Sockets.
Jul 16 07:34:50 device systemd[1]: Reached target Paths.
Jul 16 07:34:50 device systemd[1]: Reached target Basic System.
Jul 16 07:34:50 device systemd[1]: Starting Thermal Daemon Service...
Jul 16 07:34:50 device systemd[1]: Starting LSB: Speech Dispatcher...
Jul 16 07:34:50 device systemd[1]: Started ACPI event daemon.
Jul 16 07:34:50 device systemd[1]: Starting Disk Manager...
Jul 16 07:34:50 device systemd[1]: Starting LSB: Record successful boot for GRUB...
Jul 16 07:34:50 device systemd[1]: Started mintsystem.service.
Jul 16 07:34:50 device systemd[1]: Starting Avahi mDNS/DNS-SD Stack...
Jul 16 07:34:50 device systemd[1]: Starting System Logging Service...
Jul 16 07:34:50 device kernel: [    0.136170] ACPI: Executed 1 blocks of module-level executable AML code
Jul 16 07:34:50 device kernel: [    0.136398] ACPI: Dynamic OEM Table Load:
Jul 16 07:34:50 device kernel: [    0.136405] ACPI: SSDT 0xFFFF9CF5D9180800 000724 (v02 PmRef  HwpLvt   00003000 INTL 20160527)
Jul 16 07:34:50 device kernel: [    0.136716] ACPI: Executed 1 blocks of module-level executable AML code
Jul 16 07:34:50 device kernel: [    0.136830] ACPI: Dynamic OEM Table Load:
Jul 16 07:34:50 device systemd[1]: Starting Detect the available GPUs and deal with any system changes...
Jul 16 07:34:50 device kernel: [    0.136830] ACPI: SSDT 0xFFFF9CF5D8F67000 000EF1 (v02 PmRef  ApIst    00003000 INTL 20160527)
Jul 16 07:34:50 device kernel: [    0.138212] ACPI: Executed 1 blocks of module-level executable AML code
Jul 16 07:34:50 device kernel: [    0.138226] ACPI: Dynamic OEM Table Load:
Jul 16 07:34:50 device kernel: [    0.138226] ACPI: SSDT 0xFFFF9CF5D8946800 000317 (v02 PmRef  ApHwp    00003000 INTL 20160527)
Jul 16 07:34:50 device kernel: [    0.138226] ACPI: Executed 1 blocks of module-level executable AML code
Jul 16 07:34:50 device kernel: [    0.138226] ACPI: Dynamic OEM Table Load:
Jul 16 07:34:50 device kernel: [    0.138226] ACPI: SSDT 0xFFFF9CF5D8946C00 00030A (v02 PmRef  ApCst    00003000 INTL 20160527)
Jul 16 07:34:50 device systemd[1]: Starting Restore /etc/resolv.conf if the system crashed before the ppp link was shut down...
Jul 16 07:34:50 device kernel: [    0.138226] ACPI: Executed 1 blocks of module-level executable AML code
Jul 16 07:34:50 device kernel: [    0.143740] ACPI: EC: EC started
Jul 16 07:34:50 device kernel: [    0.143741] ACPI: EC: interrupt blocked
Jul 16 07:34:50 device kernel: [    0.143860] ACPI: \_SB_.PCI0.LPCB.EC0_: Used as first EC
Jul 16 07:34:50 device kernel: [    0.143863] ACPI: \_SB_.PCI0.LPCB.EC0_: GPE=0x37, EC_CMD/EC_SC=0x66, EC_DATA=0x62
Jul 16 07:34:50 device kernel: [    0.143864] ACPI: \_SB_.PCI0.LPCB.EC0_: Used as boot DSDT EC to handle transactions
Jul 16 07:34:50 device systemd[1]: Started CUPS Scheduler.
Jul 16 07:34:50 device kernel: [    0.143865] ACPI: Interpreter enabled
Jul 16 07:34:50 device kernel: [    0.143919] ACPI: (supports S0 S3 S4 S5)
Jul 16 07:34:50 device kernel: [    0.143921] ACPI: Using IOAPIC for interrupt routing
Jul 16 07:34:50 device kernel: [    0.143975] PCI: Using host bridge windows from ACPI; if necessary, use "pci=nocrs" and report a bug
Jul 16 07:34:50 device kernel: [    0.146001] ACPI: Enabled 6 GPEs in block 00 to 7F
Jul 16 07:34:50 device kernel: [    0.149803] ACPI: Power Resource [PG00] (on)
Jul 16 07:34:50 device kernel: [    0.193285] ACPI: Power Resource [USBC] (on)
Jul 16 07:34:50 device systemd[1]: Started D-Bus System Message Bus.
Jul 16 07:34:50 device kernel: [    0.198314] ACPI: Power Resource [V0PR] (on)
Jul 16 07:34:50 device kernel: [    0.198610] ACPI: Power Resource [V1PR] (on)
Jul 16 07:34:50 device kernel: [    0.198902] ACPI: Power Resource [V2PR] (on)
Jul 16 07:34:50 device kernel: [    0.216462] ACPI: Power Resource [WRST] (on)
Jul 16 07:34:50 device kernel: [    0.226073] ACPI: Power Resource [FN00] (off)
Jul 16 07:34:50 device kernel: [    0.226209] ACPI: Power Resource [FN01] (off)
Jul 16 07:34:50 device avahi-daemon[1182]: Found user 'avahi' (UID 115) and group 'avahi' (GID 122).
Jul 16 07:34:50 device kernel: [    0.226343] ACPI: Power Resource [FN02] (off)
Jul 16 07:34:50 device kernel: [    0.226475] ACPI: Power Resource [FN03] (off)
Jul 16 07:34:50 device kernel: [    0.226608] ACPI: Power Resource [FN04] (off)
Jul 16 07:34:50 device kernel: [    0.227646] ACPI: Power Resource [PIN] (off)
Jul 16 07:34:50 device kernel: [    0.228370] ACPI: PCI Root Bridge [PCI0] (domain 0000 [bus 00-fe])
Jul 16 07:34:50 device kernel: [    0.228378] acpi PNP0A08:00: _OSC: OS supports [ExtendedConfig ASPM ClockPM Segments MSI]
Jul 16 07:34:50 device kernel: [    0.228680] acpi PNP0A08:00: _OSC: platform does not support [PCIeHotplug PME]
Jul 16 07:34:50 device avahi-daemon[1182]: Successfully dropped root privileges.
Jul 16 07:34:50 device kernel: [    0.228965] acpi PNP0A08:00: _OSC: OS now controls [AER PCIeCapability]
Jul 16 07:34:50 device kernel: [    0.228967] acpi PNP0A08:00: FADT indicates ASPM is unsupported, using BIOS configuration
Jul 16 07:34:50 device kernel: [    0.230201] PCI host bridge to bus 0000:00
Jul 16 07:34:50 device kernel: [    0.230204] pci_bus 0000:00: root bus resource [io  0x0000-0x0cf7 window]
Jul 16 07:34:50 device kernel: [    0.230206] pci_bus 0000:00: root bus resource [io  0x0d00-0xffff window]
Jul 16 07:34:50 device kernel: [    0.230207] pci_bus 0000:00: root bus resource [mem 0x000a0000-0x000bffff window]
Jul 16 07:34:50 device kernel: [    0.230209] pci_bus 0000:00: root bus resource [mem 0x000e0000-0x000e3fff window]
Jul 16 07:34:50 device avahi-daemon[1182]: avahi-daemon 0.7 starting up.
Jul 16 07:34:50 device kernel: [    0.230210] pci_bus 0000:00: root bus resource [mem 0x000e4000-0x000e7fff window]
Jul 16 07:34:50 device kernel: [    0.230211] pci_bus 0000:00: root bus resource [mem 0x000e8000-0x000ebfff window]
Jul 16 07:34:50 device udisksd[1176]: udisks daemon version 2.7.6 starting
Jul 16 07:34:50 device kernel: [    0.230213] pci_bus 0000:00: root bus resource [mem 0x000ec000-0x000effff window]
Jul 16 07:34:50 device kernel: [    0.230214] pci_bus 0000:00: root bus resource [mem 0x000f0000-0x000fffff window]
Jul 16 07:34:50 device kernel: [    0.230216] pci_bus 0000:00: root bus resource [mem 0x80000000-0xdfffffff window]
Jul 16 07:34:50 device kernel: [    0.230217] pci_bus 0000:00: root bus resource [mem 0xfc800000-0xfe7fffff window]
Jul 16 07:34:50 device dbus-daemon[1192]: dbus[1192]: Unknown username "whoopsie" in message bus configuration file
Jul 16 07:34:50 device kernel: [    0.230219] pci_bus 0000:00: root bus resource [bus 00-fe]
Jul 16 07:34:50 device kernel: [    0.230229] pci 0000:00:00.0: [8086:3ec4] type 00 class 0x060000
Jul 16 07:34:50 device kernel: [    0.230784] pci 0000:00:01.0: [8086:1901] type 01 class 0x060400
Jul 16 07:34:50 device kernel: [    0.230835] pci 0000:00:01.0: PME# supported from D0 D3hot D3cold
Jul 16 07:34:50 device kernel: [    0.231156] pci 0000:00:02.0: [8086:3e9b] type 00 class 0x030000
Jul 16 07:34:50 device kernel: [    0.231169] pci 0000:00:02.0: reg 0x10: [mem 0xa2000000-0xa2ffffff 64bit]
Jul 16 07:34:50 device kernel: [    0.231175] pci 0000:00:02.0: reg 0x18: [mem 0x80000000-0x8fffffff 64bit pref]
Jul 16 07:34:50 device kernel: [    0.231180] pci 0000:00:02.0: reg 0x20: [io  0x5000-0x503f]
Jul 16 07:34:50 device kernel: [    0.231199] pci 0000:00:02.0: BAR 2: assigned to efifb
Jul 16 07:34:50 device kernel: [    0.231399] pci 0000:00:04.0: [8086:1903] type 00 class 0x118000
Jul 16 07:34:50 device dbus-daemon[1192]: dbus[1192]: Unknown group "power" in message bus configuration file
Jul 16 07:34:50 device kernel: [    0.231412] pci 0000:00:04.0: reg 0x10: [mem 0xa4510000-0xa4517fff 64bit]
Jul 16 07:34:50 device kernel: [    0.231673] pci 0000:00:08.0: [8086:1911] type 00 class 0x088000
Jul 16 07:34:50 device kernel: [    0.231685] pci 0000:00:08.0: reg 0x10: [mem 0xa452b000-0xa452bfff 64bit]
Jul 16 07:34:50 device kernel: [    0.231963] pci 0000:00:12.0: [8086:a379] type 00 class 0x118000
Jul 16 07:34:50 device rsyslogd: imuxsock: Acquired UNIX socket '/run/systemd/journal/syslog' (fd 3) from systemd.  [v8.32.0]
Jul 16 07:34:50 device kernel: [    0.232012] pci 0000:00:12.0: reg 0x10: [mem 0xa452a000-0xa452afff 64bit]
Jul 16 07:34:50 device kernel: [    0.232395] pci 0000:00:14.0: [8086:a36d] type 00 class 0x0c0330
Jul 16 07:34:50 device kernel: [    0.232441] pci 0000:00:14.0: reg 0x10: [mem 0xa4500000-0xa450ffff 64bit]
Jul 16 07:34:50 device kernel: [    0.232593] pci 0000:00:14.0: PME# supported from D3hot D3cold
Jul 16 07:34:50 device kernel: [    0.232866] pci 0000:00:14.2: [8086:a36f] type 00 class 0x050000
Jul 16 07:34:50 device kernel: [    0.232904] pci 0000:00:14.2: reg 0x10: [mem 0xa4522000-0xa4523fff 64bit]
Jul 16 07:34:50 device kernel: [    0.232925] pci 0000:00:14.2: reg 0x18: [mem 0xa4529000-0xa4529fff 64bit]
Jul 16 07:34:50 device kernel: [    0.233224] pci 0000:00:14.3: [8086:a370] type 00 class 0x028000
Jul 16 07:34:50 device kernel: [    0.233401] pci 0000:00:14.3: reg 0x10: [mem 0xa451c000-0xa451ffff 64bit]
Jul 16 07:34:50 device kernel: [    0.233974] pci 0000:00:14.3: PME# supported from D0 D3hot D3cold
Jul 16 07:34:50 device kernel: [    0.234573] pci 0000:00:15.0: [8086:a368] type 00 class 0x0c8000
Jul 16 07:34:50 device kernel: [    0.235301] pci 0000:00:15.0: reg 0x10: [mem 0x00000000-0x00000fff 64bit]
Jul 16 07:34:50 device kernel: [    0.237673] pci 0000:00:16.0: [8086:a360] type 00 class 0x078000
Jul 16 07:34:50 device kernel: [    0.237719] pci 0000:00:16.0: reg 0x10: [mem 0xa4527000-0xa4527fff 64bit]
Jul 16 07:34:50 device kernel: [    0.237850] pci 0000:00:16.0: PME# supported from D3hot
Jul 16 07:34:50 device kernel: [    0.238202] pci 0000:00:17.0: [8086:a353] type 00 class 0x010601
Jul 16 07:34:50 device kernel: [    0.238239] pci 0000:00:17.0: reg 0x10: [mem 0xa4520000-0xa4521fff]
Jul 16 07:34:50 device kernel: [    0.238251] pci 0000:00:17.0: reg 0x14: [mem 0xa4526000-0xa45260ff]
Jul 16 07:34:50 device kernel: [    0.238262] pci 0000:00:17.0: reg 0x18: [io  0x5090-0x5097]
Jul 16 07:34:50 device kernel: [    0.238274] pci 0000:00:17.0: reg 0x1c: [io  0x5080-0x5083]
Jul 16 07:34:50 device kernel: [    0.238287] pci 0000:00:17.0: reg 0x20: [io  0x5060-0x507f]
Jul 16 07:34:50 device kernel: [    0.238299] pci 0000:00:17.0: reg 0x24: [mem 0xa4525000-0xa45257ff]
Jul 16 07:34:50 device kernel: [    0.238387] pci 0000:00:17.0: PME# supported from D3hot
Jul 16 07:34:50 device kernel: [    0.238736] pci 0000:00:1d.0: [8086:a330] type 01 class 0x060400
Jul 16 07:34:50 device kernel: [    0.238951] pci 0000:00:1d.0: PME# supported from D0 D3hot D3cold
Jul 16 07:34:50 device kernel: [    0.238997] pci 0000:00:1d.0: PTM enabled (root), 4dns granularity
Jul 16 07:34:50 device kernel: [    0.239329] pci 0000:00:1d.6: [8086:a336] type 01 class 0x060400
Jul 16 07:34:50 device kernel: [    0.239543] pci 0000:00:1d.6: PME# supported from D0 D3hot D3cold
Jul 16 07:34:50 device kernel: [    0.239589] pci 0000:00:1d.6: PTM enabled (root), 4dns granularity
Jul 16 07:34:50 device kernel: [    0.239867] pci 0000:00:1d.7: [8086:a337] type 01 class 0x060400
Jul 16 07:34:50 device kernel: [    0.240081] pci 0000:00:1d.7: PME# supported from D0 D3hot D3cold
Jul 16 07:34:50 device kernel: [    0.240128] pci 0000:00:1d.7: PTM enabled (root), 4dns granularity
Jul 16 07:34:50 device kernel: [    0.240412] pci 0000:00:1f.0: [8086:a30d] type 00 class 0x060100
Jul 16 07:34:50 device kernel: [    0.240907] pci 0000:00:1f.3: [8086:a348] type 00 class 0x040300
Jul 16 07:34:50 device kernel: [    0.240987] pci 0000:00:1f.3: reg 0x10: [mem 0xa4518000-0xa451bfff 64bit]
Jul 16 07:34:50 device kernel: [    0.241061] pci 0000:00:1f.3: reg 0x20: [mem 0xa4100000-0xa41fffff 64bit]
Jul 16 07:34:50 device kernel: [    0.241223] pci 0000:00:1f.3: PME# supported from D3hot D3cold
Jul 16 07:34:50 device kernel: [    0.241630] pci 0000:00:1f.4: [8086:a323] type 00 class 0x0c0500
Jul 16 07:34:50 device kernel: [    0.241812] pci 0000:00:1f.4: reg 0x10: [mem 0xa4524000-0xa45240ff 64bit]
Jul 16 07:34:50 device kernel: [    0.242026] pci 0000:00:1f.4: reg 0x20: [io  0xefa0-0xefbf]
Jul 16 07:34:50 device kernel: [    0.242473] pci 0000:00:1f.5: [8086:a324] type 00 class 0x0c8000
Jul 16 07:34:50 device kernel: [    0.242503] pci 0000:00:1f.5: reg 0x10: [mem 0xfe010000-0xfe010fff]
Jul 16 07:34:50 device kernel: [    0.242808] pci 0000:01:00.0: [10de:1c8c] type 00 class 0x030200
Jul 16 07:34:50 device kernel: [    0.242824] pci 0000:01:00.0: reg 0x10: [mem 0xa3000000-0xa3ffffff]
Jul 16 07:34:50 device kernel: [    0.242833] pci 0000:01:00.0: reg 0x14: [mem 0x90000000-0x9fffffff 64bit pref]
Jul 16 07:34:50 device kernel: [    0.242842] pci 0000:01:00.0: reg 0x1c: [mem 0xa0000000-0xa1ffffff 64bit pref]
Jul 16 07:34:50 device kernel: [    0.242848] pci 0000:01:00.0: reg 0x24: [io  0x4000-0x407f]
Jul 16 07:34:50 device kernel: [    0.242854] pci 0000:01:00.0: reg 0x30: [mem 0xa4000000-0xa407ffff pref]
Jul 16 07:34:50 device kernel: [    0.252015] pci 0000:00:01.0: PCI bridge to [bus 01]
Jul 16 07:34:50 device kernel: [    0.252018] pci 0000:00:01.0:   bridge window [io  0x4000-0x4fff]
Jul 16 07:34:50 device kernel: [    0.252021] pci 0000:00:01.0:   bridge window [mem 0xa3000000-0xa40fffff]
Jul 16 07:34:50 device kernel: [    0.252024] pci 0000:00:01.0:   bridge window [mem 0x90000000-0xa1ffffff 64bit pref]
Jul 16 07:34:50 device kernel: [    0.252195] pci 0000:02:00.0: [144d:a808] type 00 class 0x010802
Jul 16 07:34:50 device kernel: [    0.252250] pci 0000:02:00.0: reg 0x10: [mem 0xa4400000-0xa4403fff 64bit]
Jul 16 07:34:50 device kernel: [    0.252686] pci 0000:00:1d.0: PCI bridge to [bus 02]
Jul 16 07:34:50 device kernel: [    0.252696] pci 0000:00:1d.0:   bridge window [mem 0xa4400000-0xa44fffff]
Jul 16 07:34:50 device kernel: [    0.252851] pci 0000:03:00.0: [10ec:8168] type 00 class 0x020000
Jul 16 07:34:50 device kernel: [    0.252892] pci 0000:03:00.0: reg 0x10: [io  0x3000-0x30ff]
Jul 16 07:34:50 device kernel: [    0.252924] pci 0000:03:00.0: reg 0x18: [mem 0xa4304000-0xa4304fff 64bit]
Jul 16 07:34:50 device kernel: [    0.252945] pci 0000:03:00.0: reg 0x20: [mem 0xa4300000-0xa4303fff 64bit]
Jul 16 07:34:50 device kernel: [    0.253089] pci 0000:03:00.0: supports D1 D2
Jul 16 07:34:50 device kernel: [    0.253091] pci 0000:03:00.0: PME# supported from D0 D1 D2 D3hot D3cold
Jul 16 07:34:50 device kernel: [    0.264052] pci 0000:00:1d.6: PCI bridge to [bus 03]
Jul 16 07:34:50 device kernel: [    0.264057] pci 0000:00:1d.6:   bridge window [io  0x3000-0x3fff]
Jul 16 07:34:50 device kernel: [    0.264063] pci 0000:00:1d.6:   bridge window [mem 0xa4300000-0xa43fffff]
Jul 16 07:34:50 device kernel: [    0.264241] pci 0000:04:00.0: [10ec:5229] type 00 class 0xff0000
Jul 16 07:34:50 device kernel: [    0.264278] pci 0000:04:00.0: reg 0x10: [mem 0xa4200000-0xa4200fff]
Jul 16 07:34:50 device kernel: [    0.264473] pci 0000:04:00.0: supports D1 D2
Jul 16 07:34:50 device kernel: [    0.264475] pci 0000:04:00.0: PME# supported from D1 D2 D3hot
Jul 16 07:34:50 device kernel: [    0.276061] pci 0000:00:1d.7: PCI bridge to [bus 04]
Jul 16 07:34:50 device kernel: [    0.276070] pci 0000:00:1d.7:   bridge window [mem 0xa4200000-0xa42fffff]
Jul 16 07:34:50 device kernel: [    0.278800] ACPI: PCI Interrupt Link [LNKA] (IRQs) *0
Jul 16 07:34:50 device kernel: [    0.278854] ACPI: PCI Interrupt Link [LNKB] (IRQs) *1
Jul 16 07:34:50 device kernel: [    0.278906] ACPI: PCI Interrupt Link [LNKC] (IRQs) *0
Jul 16 07:34:50 device kernel: [    0.278958] ACPI: PCI Interrupt Link [LNKD] (IRQs) *0
Jul 16 07:34:50 device kernel: [    0.279009] ACPI: PCI Interrupt Link [LNKE] (IRQs) *0
Jul 16 07:34:50 device kernel: [    0.279060] ACPI: PCI Interrupt Link [LNKF] (IRQs) *0
Jul 16 07:34:50 device kernel: [    0.279112] ACPI: PCI Interrupt Link [LNKG] (IRQs) *0
Jul 16 07:34:50 device kernel: [    0.279163] ACPI: PCI Interrupt Link [LNKH] (IRQs) *0
Jul 16 07:34:50 device kernel: [    0.280818] ACPI: EC: interrupt unblocked
Jul 16 07:34:50 device kernel: [    0.280841] ACPI: EC: event unblocked
Jul 16 07:34:50 device kernel: [    0.280912] ACPI: \_SB_.PCI0.LPCB.EC0_: GPE=0x37, EC_CMD/EC_SC=0x66, EC_DATA=0x62
Jul 16 07:34:50 device kernel: [    0.280914] ACPI: \_SB_.PCI0.LPCB.EC0_: Used as boot DSDT EC to handle transactions and events
Jul 16 07:34:50 device kernel: [    0.281152] SCSI subsystem initialized
Jul 16 07:34:50 device kernel: [    0.281173] libata version 3.00 loaded.
Jul 16 07:34:50 device kernel: [    0.281173] pci 0000:00:02.0: vgaarb: setting as boot VGA device
Jul 16 07:34:50 device kernel: [    0.281173] pci 0000:00:02.0: vgaarb: VGA device added: decodes=io+mem,owns=io+mem,locks=none
Jul 16 07:34:50 device kernel: [    0.281173] pci 0000:00:02.0: vgaarb: bridge control possible
Jul 16 07:34:50 device kernel: [    0.281173] vgaarb: loaded
Jul 16 07:34:50 device kernel: [    0.281173] ACPI: bus type USB registered
Jul 16 07:34:50 device kernel: [    0.281173] usbcore: registered new interface driver usbfs
Jul 16 07:34:50 device kernel: [    0.281173] usbcore: registered new interface driver hub
Jul 16 07:34:50 device kernel: [    0.281173] usbcore: registered new device driver usb
Jul 16 07:34:50 device kernel: [    0.281173] EDAC MC: Ver: 3.0.0
Jul 16 07:34:50 device kernel: [    0.281173] Registered efivars operations
Jul 16 07:34:50 device kernel: [    0.300558] PCI: Using ACPI for IRQ routing
Jul 16 07:34:50 device kernel: [    0.386381] PCI: pci_cache_line_size set to 64 bytes
Jul 16 07:34:50 device kernel: [    0.386650] e820: reserve RAM buffer [mem 0x0009f000-0x0009ffff]
Jul 16 07:34:50 device kernel: [    0.386651] e820: reserve RAM buffer [mem 0x78f12000-0x7bffffff]
Jul 16 07:34:50 device kernel: [    0.386653] e820: reserve RAM buffer [mem 0x7ac0f000-0x7bffffff]
Jul 16 07:34:50 device kernel: [    0.386654] e820: reserve RAM buffer [mem 0x87e000000-0x87fffffff]
Jul 16 07:34:50 device kernel: [    0.386744] NetLabel: Initializing
Jul 16 07:34:50 device kernel: [    0.386745] NetLabel:  domain hash size = 128
Jul 16 07:34:50 device kernel: [    0.386746] NetLabel:  protocols = UNLABELED CIPSOv4 CALIPSO
Jul 16 07:34:50 device kernel: [    0.386759] NetLabel:  unlabeled traffic allowed by default
Jul 16 07:34:50 device kernel: [    0.386772] hpet0: at MMIO 0xfed00000, IRQs 2, 8, 0, 0, 0, 0, 0, 0
Jul 16 07:34:50 device kernel: [    0.386772] hpet0: 8 comparators, 64-bit 24.000000 MHz counter
Jul 16 07:34:50 device kernel: [    0.389062] clocksource: Switched to clocksource hpet
Jul 16 07:34:50 device kernel: [    0.398577] VFS: Disk quotas dquot_6.6.0
Jul 16 07:34:50 device kernel: [    0.398595] VFS: Dquot-cache hash table entries: 512 (order 0, 4096 bytes)
Jul 16 07:34:50 device kernel: [    0.398693] AppArmor: AppArmor Filesystem Enabled
Jul 16 07:34:50 device kernel: [    0.398714] pnp: PnP ACPI init
Jul 16 07:34:50 device kernel: [    0.398993] system 00:00: [io  0x0680-0x069f] has been reserved
Jul 16 07:34:50 device kernel: [    0.398995] system 00:00: [io  0x164e-0x164f] has been reserved
Jul 16 07:34:50 device kernel: [    0.399001] system 00:00: Plug and Play ACPI device, IDs PNP0c02 (active)
Jul 16 07:34:50 device kernel: [    0.399026] pnp 00:01: Plug and Play ACPI device, IDs PNP0b00 (active)
Jul 16 07:34:50 device kernel: [    0.399159] system 00:02: [io  0x1854-0x1857] has been reserved
Jul 16 07:34:50 device kernel: [    0.399163] system 00:02: Plug and Play ACPI device, IDs INT3f0d PNP0c02 (active)
Jul 16 07:34:50 device kernel: [    0.399473] system 00:03: [mem 0xfed10000-0xfed17fff] has been reserved
Jul 16 07:34:50 device kernel: [    0.399475] system 00:03: [mem 0xfed18000-0xfed18fff] has been reserved
Jul 16 07:34:50 device kernel: [    0.399476] system 00:03: [mem 0xfed19000-0xfed19fff] has been reserved
Jul 16 07:34:50 device kernel: [    0.399478] system 00:03: [mem 0xe0000000-0xefffffff] has been reserved
Jul 16 07:34:50 device kernel: [    0.399480] system 00:03: [mem 0xfed20000-0xfed3ffff] has been reserved
Jul 16 07:34:50 device kernel: [    0.399482] system 00:03: [mem 0xfed90000-0xfed93fff] could not be reserved
Jul 16 07:34:50 device kernel: [    0.399483] system 00:03: [mem 0xfed45000-0xfed8ffff] has been reserved
Jul 16 07:34:50 device kernel: [    0.399485] system 00:03: [mem 0xfee00000-0xfeefffff] could not be reserved
Jul 16 07:34:50 device kernel: [    0.399489] system 00:03: Plug and Play ACPI device, IDs PNP0c02 (active)
Jul 16 07:34:50 device kernel: [    0.399816] system 00:04: [io  0x1800-0x18fe] could not be reserved
Jul 16 07:34:50 device kernel: [    0.399818] system 00:04: [mem 0xfd000000-0xfd69ffff] has been reserved
Jul 16 07:34:50 device kernel: [    0.399820] system 00:04: [mem 0xfd6c0000-0xfd6cffff] has been reserved
Jul 16 07:34:50 device kernel: [    0.399821] system 00:04: [mem 0xfd6f0000-0xfdffffff] has been reserved
Jul 16 07:34:50 device kernel: [    0.399823] system 00:04: [mem 0xfe000000-0xfe01ffff] could not be reserved
Jul 16 07:34:50 device kernel: [    0.399825] system 00:04: [mem 0xfe200000-0xfe7fffff] has been reserved
Jul 16 07:34:50 device kernel: [    0.399827] system 00:04: [mem 0xff000000-0xffffffff] has been reserved
Jul 16 07:34:50 device kernel: [    0.399831] system 00:04: Plug and Play ACPI device, IDs PNP0c02 (active)
Jul 16 07:34:50 device kernel: [    0.400334] system 00:05: [io  0x2000-0x20fe] has been reserved
Jul 16 07:34:50 device kernel: [    0.400339] system 00:05: Plug and Play ACPI device, IDs PNP0c02 (active)
Jul 16 07:34:50 device kernel: [    0.401961] system 00:06: Plug and Play ACPI device, IDs PNP0c02 (active)
Jul 16 07:34:50 device kernel: [    0.403434] pnp: PnP ACPI: found 7 devices
Jul 16 07:34:50 device kernel: [    0.414700] clocksource: acpi_pm: mask: 0xffffff max_cycles: 0xffffff, max_idle_ns: 2085701024 ns
Jul 16 07:34:50 device kernel: [    0.414762] pci 0000:00:15.0: BAR 0: assigned [mem 0xa4528000-0xa4528fff 64bit]
Jul 16 07:34:50 device kernel: [    0.415037] pci 0000:00:01.0: PCI bridge to [bus 01]
Jul 16 07:34:50 device kernel: [    0.415039] pci 0000:00:01.0:   bridge window [io  0x4000-0x4fff]
Jul 16 07:34:50 device kernel: [    0.415042] pci 0000:00:01.0:   bridge window [mem 0xa3000000-0xa40fffff]
Jul 16 07:34:50 device kernel: [    0.415044] pci 0000:00:01.0:   bridge window [mem 0x90000000-0xa1ffffff 64bit pref]
Jul 16 07:34:50 device kernel: [    0.415049] pci 0000:00:1d.0: PCI bridge to [bus 02]
Jul 16 07:34:50 device kernel: [    0.415060] pci 0000:00:1d.0:   bridge window [mem 0xa4400000-0xa44fffff]
Jul 16 07:34:50 device kernel: [    0.415075] pci 0000:00:1d.6: PCI bridge to [bus 03]
Jul 16 07:34:50 device kernel: [    0.415078] pci 0000:00:1d.6:   bridge window [io  0x3000-0x3fff]
Jul 16 07:34:50 device kernel: [    0.415085] pci 0000:00:1d.6:   bridge window [mem 0xa4300000-0xa43fffff]
Jul 16 07:34:50 device kernel: [    0.415100] pci 0000:00:1d.7: PCI bridge to [bus 04]
Jul 16 07:34:50 device kernel: [    0.415108] pci 0000:00:1d.7:   bridge window [mem 0xa4200000-0xa42fffff]
Jul 16 07:34:50 device kernel: [    0.415123] pci_bus 0000:00: resource 4 [io  0x0000-0x0cf7 window]
Jul 16 07:34:50 device kernel: [    0.415124] pci_bus 0000:00: resource 5 [io  0x0d00-0xffff window]
Jul 16 07:34:50 device kernel: [    0.415126] pci_bus 0000:00: resource 6 [mem 0x000a0000-0x000bffff window]
Jul 16 07:34:50 device kernel: [    0.415127] pci_bus 0000:00: resource 7 [mem 0x000e0000-0x000e3fff window]
Jul 16 07:34:50 device kernel: [    0.415129] pci_bus 0000:00: resource 8 [mem 0x000e4000-0x000e7fff window]
Jul 16 07:34:50 device kernel: [    0.415130] pci_bus 0000:00: resource 9 [mem 0x000e8000-0x000ebfff window]
Jul 16 07:34:50 device kernel: [    0.415132] pci_bus 0000:00: resource 10 [mem 0x000ec000-0x000effff window]
Jul 16 07:34:50 device kernel: [    0.415133] pci_bus 0000:00: resource 11 [mem 0x000f0000-0x000fffff window]
Jul 16 07:34:50 device kernel: [    0.415135] pci_bus 0000:00: resource 12 [mem 0x80000000-0xdfffffff window]
Jul 16 07:34:50 device kernel: [    0.415136] pci_bus 0000:00: resource 13 [mem 0xfc800000-0xfe7fffff window]
Jul 16 07:34:50 device rsyslogd: rsyslogd's groupid changed to 106
Jul 16 07:34:50 device kernel: [    0.415138] pci_bus 0000:01: resource 0 [io  0x4000-0x4fff]
Jul 16 07:34:50 device kernel: [    0.415139] pci_bus 0000:01: resource 1 [mem 0xa3000000-0xa40fffff]
Jul 16 07:34:50 device kernel: [    0.415141] pci_bus 0000:01: resource 2 [mem 0x90000000-0xa1ffffff 64bit pref]
Jul 16 07:34:50 device kernel: [    0.415142] pci_bus 0000:02: resource 1 [mem 0xa4400000-0xa44fffff]
Jul 16 07:34:50 device kernel: [    0.415144] pci_bus 0000:03: resource 0 [io  0x3000-0x3fff]
Jul 16 07:34:50 device kernel: [    0.415145] pci_bus 0000:03: resource 1 [mem 0xa4300000-0xa43fffff]
Jul 16 07:34:50 device kernel: [    0.415147] pci_bus 0000:04: resource 1 [mem 0xa4200000-0xa42fffff]
Jul 16 07:34:50 device kernel: [    0.415385] NET: Registered protocol family 2
Jul 16 07:34:50 device kernel: [    0.415592] TCP established hash table entries: 262144 (order: 9, 2097152 bytes)
Jul 16 07:34:50 device kernel: [    0.415924] TCP bind hash table entries: 65536 (order: 8, 1048576 bytes)
Jul 16 07:34:50 device kernel: [    0.416081] TCP: Hash tables configured (established 262144 bind 65536)
Jul 16 07:34:50 device kernel: [    0.416128] UDP hash table entries: 16384 (order: 7, 524288 bytes)
Jul 16 07:34:50 device kernel: [    0.416208] UDP-Lite hash table entries: 16384 (order: 7, 524288 bytes)
Jul 16 07:34:50 device kernel: [    0.416314] NET: Registered protocol family 1
Jul 16 07:34:50 device kernel: [    0.416327] pci 0000:00:02.0: Video device with shadowed ROM at [mem 0x000c0000-0x000dffff]
Jul 16 07:34:50 device kernel: [    0.416521] PCI: CLS 64 bytes, default 64
Jul 16 07:34:50 device kernel: [    0.416554] Unpacking initramfs...
Jul 16 07:34:50 device kernel: [    1.382032] Freeing initrd memory: 59080K
Jul 16 07:34:50 device kernel: [    1.382105] PCI-DMA: Using software bounce buffering for IO (SWIOTLB)
Jul 16 07:34:50 device kernel: [    1.382108] software IO TLB [mem 0x71aba000-0x75aba000] (64MB) mapped at [        (ptrval)-        (ptrval)]
Jul 16 07:34:50 device kernel: [    1.382872] clocksource: tsc: mask: 0xffffffffffffffff max_cycles: 0x1fd3b81b95f, max_idle_ns: 440795257325 ns
Jul 16 07:34:50 device kernel: [    1.383591] Scanning for low memory corruption every 60 seconds
Jul 16 07:34:50 device kernel: [    1.384600] Initialise system trusted keyrings
Jul 16 07:34:50 device kernel: [    1.384608] Key type blacklist registered
Jul 16 07:34:50 device kernel: [    1.384752] workingset: timestamp_bits=36 max_order=23 bucket_order=0
Jul 16 07:34:50 device kernel: [    1.385850] zbud: loaded
Jul 16 07:34:50 device kernel: [    1.386527] squashfs: version 4.0 (2009/01/31) Phillip Lougher
Jul 16 07:34:50 device kernel: [    1.386808] fuse init (API version 7.26)
Jul 16 07:34:50 device kernel: [    1.393605] Key type asymmetric registered
Jul 16 07:34:50 device kernel: [    1.393606] Asymmetric key parser 'x509' registered
Jul 16 07:34:50 device kernel: [    1.393634] Block layer SCSI generic (bsg) driver version 0.4 loaded (major 246)
Jul 16 07:34:50 device kernel: [    1.393747] io scheduler noop registered
Jul 16 07:34:50 device kernel: [    1.393748] io scheduler deadline registered
Jul 16 07:34:50 device kernel: [    1.393772] io scheduler cfq registered (default)
Jul 16 07:34:50 device kernel: [    1.399937] pcieport 0000:00:1d.0: AER enabled with IRQ 122
Jul 16 07:34:50 device kernel: [    1.399976] pcieport 0000:00:1d.6: AER enabled with IRQ 123
Jul 16 07:34:50 device kernel: [    1.400097] pcieport 0000:00:1d.7: AER enabled with IRQ 124
Jul 16 07:34:50 device rsyslogd: rsyslogd's userid changed to 102
Jul 16 07:34:50 device kernel: [    1.400130] dpc 0000:00:1d.0:pcie010: DPC error containment capabilities: Int Msg #0, RPExt+ PoisonedTLP+ SwTrigger+ RP PIO Log 4, DL_ActiveErr+
Jul 16 07:34:50 device kernel: [    1.400153] dpc 0000:00:1d.6:pcie010: DPC error containment capabilities: Int Msg #0, RPExt+ PoisonedTLP+ SwTrigger+ RP PIO Log 4, DL_ActiveErr+
Jul 16 07:34:50 device kernel: [    1.400173] dpc 0000:00:1d.7:pcie010: DPC error containment capabilities: Int Msg #0, RPExt+ PoisonedTLP+ SwTrigger+ RP PIO Log 4, DL_ActiveErr+
Jul 16 07:34:50 device kernel: [    1.400232] efifb: probing for efifb
Jul 16 07:34:50 device kernel: [    1.400241] efifb: framebuffer at 0x80000000, using 1920k, total 1920k
Jul 16 07:34:50 device kernel: [    1.400243] efifb: mode is 800x600x32, linelength=3200, pages=1
Jul 16 07:34:50 device kernel: [    1.400243] efifb: scrolling: redraw
Jul 16 07:34:50 device kernel: [    1.400245] efifb: Truecolor: size=8:8:8:8, shift=24:16:8:0
Jul 16 07:34:50 device kernel: [    1.400374] Console: switching to colour frame buffer device 100x37
Jul 16 07:34:50 device kernel: [    1.400386] fb0: EFI VGA frame buffer device
Jul 16 07:34:50 device kernel: [    1.400395] intel_idle: MWAIT substates: 0x11142120
Jul 16 07:34:50 device kernel: [    1.400396] intel_idle: v0.4.1 model 0x9E
Jul 16 07:34:50 device kernel: [    1.401438] intel_idle: lapic_timer_reliable_states 0xffffffff
Jul 16 07:34:50 device kernel: [    1.401623] ACPI: AC Adapter [ACAD] (on-line)
Jul 16 07:34:50 device kernel: [    1.401690] input: Sleep Button as /devices/LNXSYSTM:00/LNXSYBUS:00/PNP0C0E:00/input/input0
Jul 16 07:34:50 device kernel: [    1.401709] ACPI: Sleep Button [SLPB]
Jul 16 07:34:50 device kernel: [    1.401738] input: Power Button as /devices/LNXSYSTM:00/LNXSYBUS:00/PNP0C0C:00/input/input1
Jul 16 07:34:50 device kernel: [    1.401755] ACPI: Power Button [PWRB]
Jul 16 07:34:50 device kernel: [    1.401785] input: Lid Switch as /devices/LNXSYSTM:00/LNXSYBUS:00/PNP0C0D:00/input/input2
Jul 16 07:34:50 device kernel: [    1.401903] ACPI: Lid Switch [LID0]
Jul 16 07:34:50 device kernel: [    1.401935] input: Power Button as /devices/LNXSYSTM:00/LNXPWRBN:00/input/input3
Jul 16 07:34:50 device kernel: [    1.402040] ACPI: Power Button [PWRF]
Jul 16 07:34:50 device kernel: [    1.465173] ACPI: Invalid active0 threshold
Jul 16 07:34:50 device kernel: [    1.465305] (NULL device *): hwmon_device_register() is deprecated. Please convert the driver to use hwmon_device_register_with_info().
Jul 16 07:34:50 device kernel: [    1.465400] thermal LNXTHERM:00: registered as thermal_zone0
Jul 16 07:34:50 device kernel: [    1.465401] ACPI: Thermal Zone [THRM] (32 C)
Jul 16 07:34:50 device kernel: [    1.465750] ACPI: Invalid passive threshold
Jul 16 07:34:50 device kernel: [    1.524456] thermal LNXTHERM:01: registered as thermal_zone1
Jul 16 07:34:50 device kernel: [    1.524458] ACPI: Thermal Zone [TZ00] (28 C)
Jul 16 07:34:50 device kernel: [    1.524719] Serial: 8250/16550 driver, 32 ports, IRQ sharing enabled
Jul 16 07:34:50 device kernel: [    1.525432] ACPI: Battery Slot [BAT1] (battery present)
Jul 16 07:34:50 device kernel: [    1.529710] Linux agpgart interface v0.103
Jul 16 07:34:50 device kernel: [    1.542171] tpm tpm0: A TPM error (378) occurred get tpm pcr allocation
Jul 16 07:34:50 device kernel: [    1.546765] loop: module loaded
Jul 16 07:34:50 device kernel: [    1.546925] libphy: Fixed MDIO Bus: probed
Jul 16 07:34:50 device kernel: [    1.546925] tun: Universal TUN/TAP device driver, 1.6
Jul 16 07:34:50 device kernel: [    1.547051] PPP generic driver version 2.4.2
Jul 16 07:34:50 device kernel: [    1.547179] ehci_hcd: USB 2.0 'Enhanced' Host Controller (EHCI) Driver
Jul 16 07:34:50 device kernel: [    1.547181] ehci-pci: EHCI PCI platform driver
Jul 16 07:34:50 device kernel: [    1.547192] ehci-platform: EHCI generic platform driver
Jul 16 07:34:50 device kernel: [    1.547201] ohci_hcd: USB 1.1 'Open' Host Controller (OHCI) Driver
Jul 16 07:34:50 device kernel: [    1.547205] ohci-pci: OHCI PCI platform driver
Jul 16 07:34:50 device kernel: [    1.547212] ohci-platform: OHCI generic platform driver
Jul 16 07:34:50 device kernel: [    1.547219] uhci_hcd: USB Universal Host Controller Interface driver
Jul 16 07:34:50 device kernel: [    1.547283] xhci_hcd 0000:00:14.0: xHCI Host Controller
Jul 16 07:34:50 device kernel: [    1.547288] xhci_hcd 0000:00:14.0: new USB bus registered, assigned bus number 1
Jul 16 07:34:50 device kernel: [    1.548528] xhci_hcd 0000:00:14.0: hcc params 0x20007fc1 hci version 0x110 quirks 0x0000000000009810
Jul 16 07:34:50 device kernel: [    1.548536] xhci_hcd 0000:00:14.0: cache line size of 64 is not supported
Jul 16 07:34:50 device kernel: [    1.548777] usb usb1: New USB device found, idVendor=1d6b, idProduct=0002
Jul 16 07:34:50 device kernel: [    1.548779] usb usb1: New USB device strings: Mfr=3, Product=2, SerialNumber=1
Jul 16 07:34:50 device kernel: [    1.548781] usb usb1: Product: xHCI Host Controller
Jul 16 07:34:50 device kernel: [    1.548782] usb usb1: Manufacturer: Linux 4.15.0-54-generic xhci-hcd
Jul 16 07:34:50 device kernel: [    1.548784] usb usb1: SerialNumber: 0000:00:14.0
Jul 16 07:34:50 device kernel: [    1.548994] hub 1-0:1.0: USB hub found
Jul 16 07:34:50 device rsyslogd:  [origin software="rsyslogd" swVersion="8.32.0" x-pid="1184" x-info="http://www.rsyslog.com"] start
Jul 16 07:34:50 device kernel: [    1.549022] hub 1-0:1.0: 16 ports detected
Jul 16 07:34:50 device kernel: [    1.550856] xhci_hcd 0000:00:14.0: xHCI Host Controller
Jul 16 07:34:50 device kernel: [    1.550859] xhci_hcd 0000:00:14.0: new USB bus registered, assigned bus number 2
Jul 16 07:34:50 device kernel: [    1.550862] xhci_hcd 0000:00:14.0: Host supports USB 3.1 Enhanced SuperSpeed
Jul 16 07:34:50 device kernel: [    1.550902] usb usb2: New USB device found, idVendor=1d6b, idProduct=0003
Jul 16 07:34:50 device kernel: [    1.550904] usb usb2: New USB device strings: Mfr=3, Product=2, SerialNumber=1
Jul 16 07:34:50 device kernel: [    1.550906] usb usb2: Product: xHCI Host Controller
Jul 16 07:34:50 device kernel: [    1.550907] usb usb2: Manufacturer: Linux 4.15.0-54-generic xhci-hcd
Jul 16 07:34:50 device kernel: [    1.550908] usb usb2: SerialNumber: 0000:00:14.0
Jul 16 07:34:50 device kernel: [    1.551099] hub 2-0:1.0: USB hub found
Jul 16 07:34:50 device kernel: [    1.551121] hub 2-0:1.0: 8 ports detected
Jul 16 07:34:50 device kernel: [    1.551997] usb: port power management may be unreliable
Jul 16 07:34:50 device kernel: [    1.552326] i8042: PNP: No PS/2 controller found.
Jul 16 07:34:50 device kernel: [    1.552327] i8042: Probing ports directly.
Jul 16 07:34:50 device kernel: [    1.557184] serio: i8042 KBD port at 0x60,0x64 irq 1
Jul 16 07:34:50 device kernel: [    1.557189] serio: i8042 AUX port at 0x60,0x64 irq 12
Jul 16 07:34:50 device kernel: [    1.557601] mousedev: PS/2 mouse device common for all mice
Jul 16 07:34:50 device kernel: [    1.558559] rtc_cmos 00:01: RTC can wake from S4
Jul 16 07:34:50 device kernel: [    1.559533] rtc_cmos 00:01: rtc core: registered rtc_cmos as rtc0
Jul 16 07:34:50 device kernel: [    1.559726] rtc_cmos 00:01: alarms up to one month, y3k, 242 bytes nvram, hpet irqs
Jul 16 07:34:50 device kernel: [    1.559734] i2c /dev entries driver
Jul 16 07:34:50 device kernel: [    1.559787] device-mapper: uevent: version 1.0.3
Jul 16 07:34:50 device kernel: [    1.559917] device-mapper: ioctl: 4.37.0-ioctl (2017-09-20) initialised: dm-devel@redhat.com
Jul 16 07:34:50 device kernel: [    1.559920] intel_pstate: Intel P-state driver initializing
Jul 16 07:34:50 device kernel: [    1.559971] intel_pstate: Disabling energy efficiency optimization
Jul 16 07:34:50 device kernel: [    1.564308] intel_pstate: HWP enabled
Jul 16 07:34:50 device kernel: [    1.566049] ledtrig-cpu: registered to indicate activity on CPUs
Jul 16 07:34:50 device kernel: [    1.566051] EFI Variables Facility v0.08 2004-May-17
Jul 16 07:34:50 device kernel: [    1.566428] input: AT Translated Set 2 keyboard as /devices/platform/i8042/serio0/input/input4
Jul 16 07:34:50 device kernel: [    1.591940] intel_pmc_core:  initialized
Jul 16 07:34:50 device kernel: [    1.592182] NET: Registered protocol family 10
Jul 16 07:34:50 device kernel: [    1.597167] Segment Routing with IPv6
Jul 16 07:34:50 device kernel: [    1.597176] NET: Registered protocol family 17
Jul 16 07:34:50 device kernel: [    1.597461] Key type dns_resolver registered
Jul 16 07:34:50 device kernel: [    1.599312] RAS: Correctable Errors collector initialized.
Jul 16 07:34:50 device kernel: [    1.599373] microcode: sig=0x906ea, pf=0x20, revision=0xb4
Jul 16 07:34:50 device kernel: [    1.600236] microcode: Microcode Update Driver: v2.2.
Jul 16 07:34:50 device kernel: [    1.600241] sched_clock: Marking stable (1600202467, 0)->(1579550491, 20651976)
Jul 16 07:34:50 device kernel: [    1.601028] registered taskstats version 1
Jul 16 07:34:50 device kernel: [    1.601032] Loading compiled-in X.509 certificates
Jul 16 07:34:50 device kernel: [    1.603251] Loaded X.509 cert 'Build time autogenerated kernel key: 1cc14bc8298a06d551159822c55fa35abd77a621'
Jul 16 07:34:50 device kernel: [    1.603825] Couldn't get size: 0x800000000000000e
Jul 16 07:34:50 device kernel: [    1.603826] MODSIGN: Couldn't get UEFI db list
Jul 16 07:34:50 device kernel: [    1.604188] Couldn't get size: 0x800000000000000e
Jul 16 07:34:50 device kernel: [    1.604188] MODSIGN: Couldn't get UEFI MokListRT
Jul 16 07:34:50 device kernel: [    1.604448] Couldn't get size: 0x800000000000000e
Jul 16 07:34:50 device kernel: [    1.604449] MODSIGN: Couldn't get UEFI dbx list
Jul 16 07:34:50 device kernel: [    1.604473] zswap: loaded using pool lzo/zbud
Jul 16 07:34:50 device kernel: [    1.608085] Key type big_key registered
Jul 16 07:34:50 device kernel: [    1.608087] Key type trusted registered
Jul 16 07:34:50 device kernel: [    1.609882] Key type encrypted registered
Jul 16 07:34:50 device kernel: [    1.609884] AppArmor: AppArmor sha1 policy hashing enabled
Jul 16 07:34:50 device kernel: [    1.609885] ima: No TPM chip found, activating TPM-bypass! (rc=-19)
Jul 16 07:34:50 device kernel: [    1.609887] ima: Allocated hash algorithm: sha1
Jul 16 07:34:50 device kernel: [    1.609894] evm: HMAC attrs: 0x1
Jul 16 07:34:50 device kernel: [    1.611088]   Magic number: 11:403:580
Jul 16 07:34:50 device kernel: [    1.611116] pci_bus 0000:01: hash matches
Jul 16 07:34:50 device kernel: [    1.611480] rtc_cmos 00:01: setting system clock to 2019-07-16 11:33:48 UTC (1563276828)
Jul 16 07:34:50 device kernel: [    1.611638] BIOS EDD facility v0.16 2004-Jun-25, 0 devices found
Jul 16 07:34:50 device kernel: [    1.611639] EDD information not available.
Jul 16 07:34:50 device kernel: [    1.896117] usb 1-2: new full-speed USB device number 2 using xhci_hcd
Jul 16 07:34:50 device kernel: [    1.967337] Freeing unused kernel image memory: 2408K
Jul 16 07:34:50 device kernel: [    2.012222] Write protecting the kernel read-only data: 20480k
Jul 16 07:34:50 device kernel: [    2.013533] Freeing unused kernel image memory: 2008K
Jul 16 07:34:50 device kernel: [    2.013796] Freeing unused kernel image memory: 1872K
Jul 16 07:34:50 device kernel: [    2.018045] x86/mm: Checked W+X mappings: passed, no W+X pages found.
Jul 16 07:34:50 device kernel: [    2.018046] x86/mm: Checking user space page tables
Jul 16 07:34:50 device kernel: [    2.021953] x86/mm: Checked W+X mappings: passed, no W+X pages found.
Jul 16 07:34:50 device kernel: [    2.052582] usb 1-2: New USB device found, idVendor=0b0e, idProduct=245d
Jul 16 07:34:50 device kernel: [    2.052583] usb 1-2: New USB device strings: Mfr=0, Product=2, SerialNumber=3
Jul 16 07:34:50 device kernel: [    2.052585] usb 1-2: Product: Jabra Link 370
Jul 16 07:34:50 device kernel: [    2.052586] usb 1-2: SerialNumber: 745C4BF23D1E
Jul 16 07:34:50 device kernel: [    2.076760] hidraw: raw HID events driver (C) Jiri Kosina
Jul 16 07:34:50 device kernel: [    2.084455] usbcore: registered new interface driver usbhid
Jul 16 07:34:50 device kernel: [    2.084455] usbhid: USB HID core driver
Jul 16 07:34:50 device kernel: [    2.099381] input: Jabra Link 370 as /devices/pci0000:00/0000:00:14.0/usb1/1-2/1-2:1.3/0003:0B0E:245D.0001/input/input6
Jul 16 07:34:50 device kernel: [    2.156432] hid-generic 0003:0B0E:245D.0001: input,hiddev0,hidraw0: USB HID v1.11 Device [Jabra Link 370] on usb-0000:00:14.0-2/input3
Jul 16 07:34:50 device kernel: [    2.184076] usb 1-3: new full-speed USB device number 3 using xhci_hcd
Jul 16 07:34:50 device kernel: [    2.216393] ahci 0000:00:17.0: version 3.0
Jul 16 07:34:50 device kernel: [    2.216412] ahci 0000:00:17.0: enabling device (0000 -> 0003)
Jul 16 07:34:50 device kernel: [    2.216888] ahci 0000:00:17.0: AHCI 0001.0301 32 slots 1 ports 6 Gbps 0x10 impl SATA mode
Jul 16 07:34:50 device kernel: [    2.216891] ahci 0000:00:17.0: flags: 64bit ncq sntf pm clo only pio slum part ems deso sadm sds apst 
Jul 16 07:34:50 device kernel: [    2.217267] rtsx_pci 0000:04:00.0: enabling device (0000 -> 0002)
Jul 16 07:34:50 device kernel: [    2.218449] r8169 Gigabit Ethernet driver 2.3LK-NAPI loaded
Jul 16 07:34:50 device kernel: [    2.218455] r8169 0000:03:00.0: can't disable ASPM; OS doesn't have ASPM control
Jul 16 07:34:50 device kernel: [    2.218474] r8169 0000:03:00.0: enabling device (0000 -> 0003)
Jul 16 07:34:50 device kernel: [    2.218841] scsi host0: ahci
Jul 16 07:34:50 device kernel: [    2.219100] scsi host1: ahci
Jul 16 07:34:50 device kernel: [    2.219164] nvme nvme0: pci function 0000:02:00.0
Jul 16 07:34:50 device kernel: [    2.223759] AVX2 version of gcm_enc/dec engaged.
Jul 16 07:34:50 device kernel: [    2.223759] AES CTR mode by8 optimization enabled
Jul 16 07:34:50 device kernel: [    2.223782] scsi host2: ahci
Jul 16 07:34:50 device kernel: [    2.224491] scsi host3: ahci
Jul 16 07:34:50 device kernel: [    2.224764] scsi host4: ahci
Jul 16 07:34:50 device kernel: [    2.224807] ata1: DUMMY
Jul 16 07:34:50 device kernel: [    2.224807] ata2: DUMMY
Jul 16 07:34:50 device kernel: [    2.224808] ata3: DUMMY
Jul 16 07:34:50 device kernel: [    2.224809] ata4: DUMMY
Jul 16 07:34:50 device kernel: [    2.224818] ata5: SATA max UDMA/133 abar m2048@0xa4525000 port 0xa4525300 irq 126
Jul 16 07:34:50 device kernel: [    2.233335] r8169 0000:03:00.0 eth0: RTL8168h/8111h at 0x        (ptrval), 04:92:26:00:83:46, XID 14100800 IRQ 129
Jul 16 07:34:50 device kernel: [    2.233337] r8169 0000:03:00.0 eth0: jumbo features [frames: 9200 bytes, tx checksumming: ko]
Jul 16 07:34:50 device kernel: [    2.234616] r8169 0000:03:00.0 enp3s0: renamed from eth0
Jul 16 07:34:50 device kernel: [    2.248217] [drm] Memory usable by graphics device = 4096M
Jul 16 07:34:50 device kernel: [    2.248218] checking generic (80000000 1e0000) vs hw (80000000 10000000)
Jul 16 07:34:50 device kernel: [    2.248219] fb: switching to inteldrmfb from EFI VGA
Jul 16 07:34:50 device kernel: [    2.248256] Console: switching to colour dummy device 80x25
Jul 16 07:34:50 device kernel: [    2.248319] [drm] Replacing VGA console driver
Jul 16 07:34:50 device kernel: [    2.254339] [drm] Supports vblank timestamp caching Rev 2 (21.10.2013).
Jul 16 07:34:50 device kernel: [    2.254340] [drm] Driver supports precise vblank timestamp query.
Jul 16 07:34:50 device kernel: [    2.256306] i915 0000:00:02.0: vgaarb: changed VGA decodes: olddecodes=io+mem,decodes=io+mem:owns=io+mem
Jul 16 07:34:50 device kernel: [    2.256576] [drm] Finished loading DMC firmware i915/kbl_dmc_ver1_01.bin (v1.1)
Jul 16 07:34:50 device kernel: [    2.266512] [drm] Initialized i915 1.6.0 20171023 for 0000:00:02.0 on minor 0
Jul 16 07:34:50 device kernel: [    2.268374] ACPI: Video Device [GFX0] (multi-head: yes  rom: no  post: no)
Jul 16 07:34:50 device kernel: [    2.268677] input: Video Bus as /devices/LNXSYSTM:00/LNXSYBUS:00/PNP0A08:00/LNXVIDEO:00/input/input8
Jul 16 07:34:50 device kernel: [    2.268824] ACPI: Video Device [PEGP] (multi-head: no  rom: yes  post: no)
Jul 16 07:34:50 device kernel: [    2.268843] input: Video Bus as /devices/LNXSYSTM:00/LNXSYBUS:00/PNP0A08:00/device:13/LNXVIDEO:01/input/input9
Jul 16 07:34:50 device kernel: [    2.336339] usb 1-3: New USB device found, idVendor=046d, idProduct=c52b
Jul 16 07:34:50 device kernel: [    2.336340] usb 1-3: New USB device strings: Mfr=1, Product=2, SerialNumber=0
Jul 16 07:34:50 device kernel: [    2.336341] usb 1-3: Product: USB Receiver
Jul 16 07:34:50 device kernel: [    2.336342] usb 1-3: Manufacturer: Logitech
Jul 16 07:34:50 device kernel: [    2.396397] clocksource: Switched to clocksource tsc
Jul 16 07:34:50 device kernel: [    2.436982] nvme nvme0: missing or invalid SUBNQN field.
Jul 16 07:34:50 device kernel: [    2.436997] nvme nvme0: Shutdown timeout set to 8 seconds
Jul 16 07:34:50 device kernel: [    2.459209]  nvme0n1: p1 p2 p3
Jul 16 07:34:50 device kernel: [    2.460274] fbcon: inteldrmfb (fb0) is primary device
Jul 16 07:34:50 device kernel: [    2.460303] Console: switching to colour frame buffer device 240x67
Jul 16 07:34:50 device kernel: [    2.460318] i915 0000:00:02.0: fb0: inteldrmfb frame buffer device
Jul 16 07:34:50 device kernel: [    2.472166] usb 1-4: new full-speed USB device number 4 using xhci_hcd
Jul 16 07:34:50 device kernel: [    2.540190] ata5: SATA link up 6.0 Gbps (SStatus 133 SControl 300)
Jul 16 07:34:50 device kernel: [    2.593155] ata5.00: ACPI cmd ef/10:06:00:00:00:00 (SET FEATURES) succeeded
Jul 16 07:34:50 device kernel: [    2.593156] ata5.00: ACPI cmd f5/00:00:00:00:00:00 (SECURITY FREEZE LOCK) filtered out
Jul 16 07:34:50 device kernel: [    2.593158] ata5.00: ACPI cmd b1/c1:00:00:00:00:00 (DEVICE CONFIGURATION OVERLAY) filtered out
Jul 16 07:34:50 device kernel: [    2.624963] usb 1-4: New USB device found, idVendor=04b4, idProduct=6005
Jul 16 07:34:50 device kernel: [    2.624964] usb 1-4: New USB device strings: Mfr=0, Product=0, SerialNumber=0
Jul 16 07:34:50 device kernel: [    2.631112] input: HID 04b4:6005 as /devices/pci0000:00/0000:00:14.0/usb1/1-4/1-4:1.0/0003:04B4:6005.0005/input/input10
Jul 16 07:34:50 device kernel: [    2.674530] ata5.00: ATA-10: ST1000LX015-1U7172, SDM1, max UDMA/133
Jul 16 07:34:50 device kernel: [    2.674531] ata5.00: 1953525168 sectors, multi 16: LBA48 NCQ (depth 31/32), AA
Jul 16 07:34:50 device kernel: [    2.688191] hid-generic 0003:04B4:6005.0005: input,hidraw1: USB HID v1.11 Keyboard [HID 04b4:6005] on usb-0000:00:14.0-4/input0
Jul 16 07:34:50 device kernel: [    2.693335] input: HID 04b4:6005 as /devices/pci0000:00/0000:00:14.0/usb1/1-4/1-4:1.1/0003:04B4:6005.0006/input/input11
Jul 16 07:34:50 device kernel: [    2.736068] ata5.00: ACPI cmd ef/10:06:00:00:00:00 (SET FEATURES) succeeded
Jul 16 07:34:50 device kernel: [    2.736070] ata5.00: ACPI cmd f5/00:00:00:00:00:00 (SECURITY FREEZE LOCK) filtered out
Jul 16 07:34:50 device kernel: [    2.736071] ata5.00: ACPI cmd b1/c1:00:00:00:00:00 (DEVICE CONFIGURATION OVERLAY) filtered out
Jul 16 07:34:50 device kernel: [    2.752214] hid-generic 0003:04B4:6005.0006: input,hiddev1,hidraw2: USB HID v1.11 Mouse [HID 04b4:6005] on usb-0000:00:14.0-4/input1
Jul 16 07:34:50 device kernel: [    2.817476] ata5.00: configured for UDMA/133
Jul 16 07:34:50 device kernel: [    2.817652] scsi 4:0:0:0: Direct-Access     ATA      ST1000LX015-1U71 SDM1 PQ: 0 ANSI: 5
Jul 16 07:34:50 device kernel: [    2.817914] sd 4:0:0:0: Attached scsi generic sg0 type 0
Jul 16 07:34:50 device kernel: [    2.817915] sd 4:0:0:0: [sda] 1953525168 512-byte logical blocks: (1.00 TB/932 GiB)
Jul 16 07:34:50 device kernel: [    2.817916] sd 4:0:0:0: [sda] 4096-byte physical blocks
Jul 16 07:34:50 device kernel: [    2.817935] sd 4:0:0:0: [sda] Write Protect is off
Jul 16 07:34:50 device kernel: [    2.817936] sd 4:0:0:0: [sda] Mode Sense: 00 3a 00 00
Jul 16 07:34:50 device kernel: [    2.817941] sd 4:0:0:0: [sda] Write cache: enabled, read cache: enabled, doesn't support DPO or FUA
Jul 16 07:34:50 device kernel: [    2.820619]  sda: sda1 sda2 sda3 sda4
Jul 16 07:34:50 device kernel: [    2.821136] sd 4:0:0:0: [sda] Attached SCSI disk
Jul 16 07:34:50 device kernel: [    2.880113] usb 1-7: new high-speed USB device number 5 using xhci_hcd
Jul 16 07:34:50 device kernel: [    2.891115] random: fast init done
Jul 16 07:34:50 device kernel: [    3.059714] usb 1-7: New USB device found, idVendor=13d3, idProduct=5666
Jul 16 07:34:50 device kernel: [    3.059715] usb 1-7: New USB device strings: Mfr=3, Product=1, SerialNumber=2
Jul 16 07:34:50 device kernel: [    3.059716] usb 1-7: Product: USB2.0 HD UVC WebCam
Jul 16 07:34:50 device kernel: [    3.059717] usb 1-7: Manufacturer: Azurewave
Jul 16 07:34:50 device kernel: [    3.059717] usb 1-7: SerialNumber: NULL
Jul 16 07:34:50 device kernel: [    3.059807] random: systemd-udevd: uninitialized urandom read (16 bytes read)
Jul 16 07:34:50 device kernel: [    3.059812] random: systemd-udevd: uninitialized urandom read (16 bytes read)
Jul 16 07:34:50 device kernel: [    3.059821] random: systemd-udevd: uninitialized urandom read (16 bytes read)
Jul 16 07:34:50 device kernel: [    3.188146] usb 1-8: new full-speed USB device number 6 using xhci_hcd
Jul 16 07:34:50 device kernel: [    3.340688] usb 1-8: New USB device found, idVendor=0b05, idProduct=1869
Jul 16 07:34:50 device kernel: [    3.340689] usb 1-8: New USB device strings: Mfr=1, Product=2, SerialNumber=0
Jul 16 07:34:50 device kernel: [    3.340690] usb 1-8: Product: ITE Device(8910)
Jul 16 07:34:50 device kernel: [    3.340690] usb 1-8: Manufacturer: ITE Tech. Inc.
Jul 16 07:34:50 device kernel: [    3.343997] input: ITE Tech. Inc. ITE Device(8910) as /devices/pci0000:00/0000:00:14.0/usb1/1-8/1-8:1.0/0003:0B05:1869.0007/input/input12
Jul 16 07:34:50 device kernel: [    3.400202] hid-generic 0003:0B05:1869.0007: input,hiddev2,hidraw3: USB HID v1.10 Keyboard [ITE Tech. Inc. ITE Device(8910)] on usb-0000:00:14.0-8/input0
Jul 16 07:34:50 device kernel: [    3.528148] usb 1-14: new full-speed USB device number 7 using xhci_hcd
Jul 16 07:34:50 device kernel: [    3.677582] usb 1-14: New USB device found, idVendor=8087, idProduct=0aaa
Jul 16 07:34:50 device kernel: [    3.677583] usb 1-14: New USB device strings: Mfr=0, Product=0, SerialNumber=0
Jul 16 07:34:50 device kernel: [    3.681117] logitech-djreceiver 0003:046D:C52B.0004: hiddev3,hidraw4: USB HID v1.11 Device [Logitech USB Receiver] on usb-0000:00:14.0-3/input2
Jul 16 07:34:50 device kernel: [    3.804816] [drm] RC6 on
Jul 16 07:34:50 device kernel: [    3.810477] input: Logitech MX Master as /devices/pci0000:00/0000:00:14.0/usb1/1-3/1-3:1.2/0003:046D:C52B.0004/0003:046D:4069.0008/input/input13
